Component: ARM Compiler 5.06 update 6 (build 750) Tool: armlink [4d35ed]

==============================================================================

Section Cross References

    main.o(i.ADC_IRQHandler) refers to stm32f4xx_adc.o(i.ADC_GetITStatus) for ADC_GetITStatus
    main.o(i.ADC_IRQHandler) refers to stm32f4xx_adc.o(i.ADC_GetConversionValue) for ADC_GetConversionValue
    main.o(i.ADC_IRQHandler) refers to oled1.o(i.OLED1_ADDval) for OLED1_ADDval
    main.o(i.ADC_IRQHandler) refers to oled1.o(i.OLED1_Refresh_Gram) for OLED1_Refresh_Gram
    main.o(i.ADC_IRQHandler) refers to arm_cmplx_mag_q15.o(.text) for arm_cmplx_mag_q15
    main.o(i.ADC_IRQHandler) refers to main.o(i.OLED1_show) for OLED1_show
    main.o(i.ADC_IRQHandler) refers to stm32f4xx_adc.o(i.ADC_ClearITPendingBit) for ADC_ClearITPendingBit
    main.o(i.ADC_IRQHandler) refers to main.o(.bss) for Input_q15
    main.o(i.ADC_IRQHandler) refers to main.o(.data) for a
    main.o(i.ADC_init) refers to stm32f4xx_rcc.o(i.RCC_AHB1PeriphClockCmd) for RCC_AHB1PeriphClockCmd
    main.o(i.ADC_init) refers to stm32f4xx_gpio.o(i.GPIO_Init) for GPIO_Init
    main.o(i.ADC_init) refers to stm32f4xx_rcc.o(i.RCC_APB2PeriphClockCmd) for RCC_APB2PeriphClockCmd
    main.o(i.ADC_init) refers to stm32f4xx_adc.o(i.ADC_CommonInit) for ADC_CommonInit
    main.o(i.ADC_init) refers to stm32f4xx_adc.o(i.ADC_StructInit) for ADC_StructInit
    main.o(i.ADC_init) refers to stm32f4xx_adc.o(i.ADC_Init) for ADC_Init
    main.o(i.ADC_init) refers to stm32f4xx_adc.o(i.ADC_RegularChannelConfig) for ADC_RegularChannelConfig
    main.o(i.ADC_init) refers to stm32f4xx_adc.o(i.ADC_ITConfig) for ADC_ITConfig
    main.o(i.ADC_init) refers to misc.o(i.NVIC_Init) for NVIC_Init
    main.o(i.ADC_init) refers to stm32f4xx_adc.o(i.ADC_Cmd) for ADC_Cmd
    main.o(i.ADC_wave) refers to stm32f4xx_adc.o(i.ADC_SoftwareStartConv) for ADC_SoftwareStartConv
    main.o(i.ADC_wave) refers to oled.o(i.OLED_Clear) for OLED_Clear
    main.o(i.ADC_wave) refers to main.o(i.OLED_show) for OLED_show
    main.o(i.ADC_wave) refers to oled.o(i.OLED_Refresh_Gram) for OLED_Refresh_Gram
    main.o(i.ADC_wave) refers to stm32f4xx_adc.o(i.ADC_Cmd) for ADC_Cmd
    main.o(i.ADC_wave) refers to main.o(.bss) for OutPut_f32
    main.o(i.ADC_wave) refers to main.o(.data) for curWaveIndex
    main.o(i.All_Init) refers to misc.o(i.NVIC_PriorityGroupConfig) for NVIC_PriorityGroupConfig
    main.o(i.All_Init) refers to delay.o(i.delay_init) for delay_init
    main.o(i.All_Init) refers to oled.o(i.OLED_Init) for OLED_Init
    main.o(i.All_Init) refers to main.o(i.ADC_init) for ADC_init
    main.o(i.All_Init) refers to oled1.o(i.OLED1_Init) for OLED1_Init
    main.o(i.All_Init) refers to main.o(i.EXTI_init) for EXTI_init
    main.o(i.All_Init) refers to oled1.o(i.OLED1_Clear) for OLED1_Clear
    main.o(i.All_Init) refers to oled1.o(i.OLED1_Refresh_Gram) for OLED1_Refresh_Gram
    main.o(i.All_Init) refers to oled.o(i.OLED_Clear) for OLED_Clear
    main.o(i.All_Init) refers to oled.o(i.OLED_Refresh_Gram) for OLED_Refresh_Gram
    main.o(i.All_Init) refers to arm_common_tables.o(.constdata) for twiddleCoef_128
    main.o(i.All_Init) refers to main.o(.bss) for twiddleCoef_128_q15_s
    main.o(i.All_Init) refers to arm_common_tables.o(.constdata) for armBitRevIndexTable128
    main.o(i.Cos_wave) refers to arm_cos_f32.o(.text) for arm_cos_f32
    main.o(i.EXTI15_10_IRQHandler) refers to stm32f4xx_exti.o(i.EXTI_GetFlagStatus) for EXTI_GetFlagStatus
    main.o(i.EXTI15_10_IRQHandler) refers to delay.o(i.delay_ms) for delay_ms
    main.o(i.EXTI15_10_IRQHandler) refers to stm32f4xx_gpio.o(i.GPIO_ReadInputDataBit) for GPIO_ReadInputDataBit
    main.o(i.EXTI15_10_IRQHandler) refers to main.o(i.key2_ACT) for key2_ACT
    main.o(i.EXTI15_10_IRQHandler) refers to stm32f4xx_exti.o(i.EXTI_GetITStatus) for EXTI_GetITStatus
    main.o(i.EXTI15_10_IRQHandler) refers to main.o(i.key3_ACT) for key3_ACT
    main.o(i.EXTI15_10_IRQHandler) refers to main.o(i.key4_ACT) for key4_ACT
    main.o(i.EXTI15_10_IRQHandler) refers to main.o(i.key5_ACT) for key5_ACT
    main.o(i.EXTI15_10_IRQHandler) refers to stm32f4xx_exti.o(i.EXTI_ClearITPendingBit) for EXTI_ClearITPendingBit
    main.o(i.EXTI9_5_IRQHandler) refers to stm32f4xx_exti.o(i.EXTI_GetITStatus) for EXTI_GetITStatus
    main.o(i.EXTI9_5_IRQHandler) refers to delay.o(i.delay_ms) for delay_ms
    main.o(i.EXTI9_5_IRQHandler) refers to stm32f4xx_gpio.o(i.GPIO_ReadInputDataBit) for GPIO_ReadInputDataBit
    main.o(i.EXTI9_5_IRQHandler) refers to main.o(i.key1_ACT) for key1_ACT
    main.o(i.EXTI9_5_IRQHandler) refers to stm32f4xx_exti.o(i.EXTI_ClearITPendingBit) for EXTI_ClearITPendingBit
    main.o(i.EXTI_init) refers to stm32f4xx_rcc.o(i.RCC_AHB1PeriphClockCmd) for RCC_AHB1PeriphClockCmd
    main.o(i.EXTI_init) refers to stm32f4xx_gpio.o(i.GPIO_Init) for GPIO_Init
    main.o(i.EXTI_init) refers to stm32f4xx_rcc.o(i.RCC_APB2PeriphClockCmd) for RCC_APB2PeriphClockCmd
[...]
    stm32f4xx_cryp_des.o(i.CRYP_DES_ECB) refers to stm32f4xx_cryp.o(i.CRYP_Cmd) for CRYP_Cmd
    stm32f4xx_cryp_des.o(i.CRYP_DES_ECB) refers to stm32f4xx_cryp.o(i.CRYP_GetCmdStatus) for CRYP_GetCmdStatus
    stm32f4xx_cryp_des.o(i.CRYP_DES_ECB) refers to stm32f4xx_cryp.o(i.CRYP_DataIn) for CRYP_DataIn
    stm32f4xx_cryp_des.o(i.CRYP_DES_ECB) refers to stm32f4xx_cryp.o(i.CRYP_GetFlagStatus) for CRYP_GetFlagStatus
    stm32f4xx_cryp_des.o(i.CRYP_DES_ECB) refers to stm32f4xx_cryp.o(i.CRYP_DataOut) for CRYP_DataOut
    stm32f4xx_cryp_tdes.o(i.CRYP_TDES_CBC) refers to stm32f4xx_cryp.o(i.CRYP_KeyStructInit) for CRYP_KeyStructInit
    stm32f4xx_cryp_tdes.o(i.CRYP_TDES_CBC) refers to stm32f4xx_cryp.o(i.CRYP_Init) for CRYP_Init
    stm32f4xx_cryp_tdes.o(i.CRYP_TDES_CBC) refers to stm32f4xx_cryp.o(i.CRYP_KeyInit) for CRYP_KeyInit
    stm32f4xx_cryp_tdes.o(i.CRYP_TDES_CBC) refers to stm32f4xx_cryp.o(i.CRYP_IVInit) for CRYP_IVInit
    stm32f4xx_cryp_tdes.o(i.CRYP_TDES_CBC) refers to stm32f4xx_cryp.o(i.CRYP_FIFOFlush) for CRYP_FIFOFlush
    stm32f4xx_cryp_tdes.o(i.CRYP_TDES_CBC) refers to stm32f4xx_cryp.o(i.CRYP_Cmd) for CRYP_Cmd
    stm32f4xx_cryp_tdes.o(i.CRYP_TDES_CBC) refers to stm32f4xx_cryp.o(i.CRYP_GetCmdStatus) for CRYP_GetCmdStatus
    stm32f4xx_cryp_tdes.o(i.CRYP_TDES_CBC) refers to stm32f4xx_cryp.o(i.CRYP_DataIn) for CRYP_DataIn
    stm32f4xx_cryp_tdes.o(i.CRYP_TDES_CBC) refers to stm32f4xx_cryp.o(i.CRYP_GetFlagStatus) for CRYP_GetFlagStatus
    stm32f4xx_cryp_tdes.o(i.CRYP_TDES_CBC) refers to stm32f4xx_cryp.o(i.CRYP_DataOut) for CRYP_DataOut
    stm32f4xx_cryp_tdes.o(i.CRYP_TDES_ECB) refers to stm32f4xx_cryp.o(i.CRYP_KeyStructInit) for CRYP_KeyStructInit
    stm32f4xx_cryp_tdes.o(i.CRYP_TDES_ECB) refers to stm32f4xx_cryp.o(i.CRYP_Init) for CRYP_Init
    stm32f4xx_cryp_tdes.o(i.CRYP_TDES_ECB) refers to stm32f4xx_cryp.o(i.CRYP_KeyInit) for CRYP_KeyInit
    stm32f4xx_cryp_tdes.o(i.CRYP_TDES_ECB) refers to stm32f4xx_cryp.o(i.CRYP_FIFOFlush) for CRYP_FIFOFlush
    stm32f4xx_cryp_tdes.o(i.CRYP_TDES_ECB) refers to stm32f4xx_cryp.o(i.CRYP_Cmd) for CRYP_Cmd
    stm32f4xx_cryp_tdes.o(i.CRYP_TDES_ECB) refers to stm32f4xx_cryp.o(i.CRYP_GetCmdStatus) for CRYP_GetCmdStatus
    stm32f4xx_cryp_tdes.o(i.CRYP_TDES_ECB) refers to stm32f4xx_cryp.o(i.CRYP_DataIn) for CRYP_DataIn
    stm32f4xx_cryp_tdes.o(i.CRYP_TDES_ECB) refers to stm32f4xx_cryp.o(i.CRYP_GetFlagStatus) for CRYP_GetFlagStatus
    stm32f4xx_cryp_tdes.o(i.CRYP_TDES_ECB) refers to stm32f4xx_cryp.o(i.CRYP_DataOut) for CRYP_DataOut
    stm32f4xx_dac.o(i.DAC_DeInit) refers to stm32f4xx_rcc.o(i.RCC_APB1PeriphResetCmd) for RCC_APB1PeriphResetCmd
    stm32f4xx_dma2d.o(i.DMA2D_DeInit) refers to stm32f4xx_rcc.o(i.RCC_AHB1PeriphResetCmd) for RCC_AHB1PeriphResetCmd
    stm32f4xx_flash.o(i.FLASH_EraseAllBank1Sectors) refers to stm32f4xx_flash.o(i.FLASH_WaitForLastOperation) for FLASH_WaitForLastOperation
    stm32f4xx_flash.o(i.FLASH_EraseAllBank2Sectors) refers to stm32f4xx_flash.o(i.FLASH_WaitForLastOperation) for FLASH_WaitForLastOperation
    stm32f4xx_flash.o(i.FLASH_EraseAllSectors) refers to stm32f4xx_flash.o(i.FLASH_WaitForLastOperation) for FLASH_WaitForLastOperation
    stm32f4xx_flash.o(i.FLASH_EraseSector) refers to stm32f4xx_flash.o(i.FLASH_WaitForLastOperation) for FLASH_WaitForLastOperation
    stm32f4xx_flash.o(i.FLASH_OB_Launch) refers to stm32f4xx_flash.o(i.FLASH_WaitForLastOperation) for FLASH_WaitForLastOperation
    stm32f4xx_flash.o(i.FLASH_OB_PCROP1Config) refers to stm32f4xx_flash.o(i.FLASH_WaitForLastOperation) for FLASH_WaitForLastOperation
    stm32f4xx_flash.o(i.FLASH_OB_PCROPConfig) refers to stm32f4xx_flash.o(i.FLASH_WaitForLastOperation) for FLASH_WaitForLastOperation
    stm32f4xx_flash.o(i.FLASH_OB_RDPConfig) refers to stm32f4xx_flash.o(i.FLASH_WaitForLastOperation) for FLASH_WaitForLastOperation
    stm32f4xx_flash.o(i.FLASH_OB_UserConfig) refers to stm32f4xx_flash.o(i.FLASH_WaitForLastOperation) for FLASH_WaitForLastOperation
    stm32f4xx_flash.o(i.FLASH_OB_WRP1Config) refers to stm32f4xx_flash.o(i.FLASH_WaitForLastOperation) for FLASH_WaitForLastOperation
    stm32f4xx_flash.o(i.FLASH_OB_WRPConfig) refers to stm32f4xx_flash.o(i.FLASH_WaitForLastOperation) for FLASH_WaitForLastOperation
    stm32f4xx_flash.o(i.FLASH_ProgramByte) refers to stm32f4xx_flash.o(i.FLASH_WaitForLastOperation) for FLASH_WaitForLastOperation
    stm32f4xx_flash.o(i.FLASH_ProgramDoubleWord) refers to stm32f4xx_flash.o(i.FLASH_WaitForLastOperation) for FLASH_WaitForLastOperation
    stm32f4xx_flash.o(i.FLASH_ProgramHalfWord) refers to stm32f4xx_flash.o(i.FLASH_WaitForLastOperation) for FLASH_WaitForLastOperation
    stm32f4xx_flash.o(i.FLASH_ProgramWord) refers to stm32f4xx_flash.o(i.FLASH_WaitForLastOperation) for FLASH_WaitForLastOperation
    stm32f4xx_flash.o(i.FLASH_WaitForLastOperation) refers to stm32f4xx_flash.o(i.FLASH_GetStatus) for FLASH_GetStatus
    stm32f4xx_gpio.o(i.GPIO_DeInit) refers to stm32f4xx_rcc.o(i.RCC_AHB1PeriphResetCmd) for RCC_AHB1PeriphResetCmd
    stm32f4xx_hash.o(i.HASH_DeInit) refers to stm32f4xx_rcc.o(i.RCC_AHB2PeriphResetCmd) for RCC_AHB2PeriphResetCmd
    stm32f4xx_hash_md5.o(i.HASH_MD5) refers to stm32f4xx_hash.o(i.HASH_DeInit) for HASH_DeInit
    stm32f4xx_hash_md5.o(i.HASH_MD5) refers to stm32f4xx_hash.o(i.HASH_Init) for HASH_Init
    stm32f4xx_hash_md5.o(i.HASH_MD5) refers to stm32f4xx_hash.o(i.HASH_SetLastWordValidBitsNbr) for HASH_SetLastWordValidBitsNbr
    stm32f4xx_hash_md5.o(i.HASH_MD5) refers to stm32f4xx_hash.o(i.HASH_DataIn) for HASH_DataIn
    stm32f4xx_hash_md5.o(i.HASH_MD5) refers to stm32f4xx_hash.o(i.HASH_StartDigest) for HASH_StartDigest
    stm32f4xx_hash_md5.o(i.HASH_MD5) refers to stm32f4xx_hash.o(i.HASH_GetFlagStatus) for HASH_GetFlagStatus
    stm32f4xx_hash_md5.o(i.HASH_MD5) refers to stm32f4xx_hash.o(i.HASH_GetDigest) for HASH_GetDigest
    stm32f4xx_hash_md5.o(i.HMAC_MD5) refers to stm32f4xx_hash.o(i.HASH_DeInit) for HASH_DeInit
    stm32f4xx_hash_md5.o(i.HMAC_MD5) refers to stm32f4xx_hash.o(i.HASH_Init) for HASH_Init
    stm32f4xx_hash_md5.o(i.HMAC_MD5) refers to stm32f4xx_hash.o(i.HASH_SetLastWordValidBitsNbr) for HASH_SetLastWordValidBitsNbr
    stm32f4xx_hash_md5.o(i.HMAC_MD5) refers to stm32f4xx_hash.o(i.HASH_DataIn) for HASH_DataIn
    stm32f4xx_hash_md5.o(i.HMAC_MD5) refers to stm32f4xx_hash.o(i.HASH_StartDigest) for HASH_StartDigest
    stm32f4xx_hash_md5.o(i.HMAC_MD5) refers to stm32f4xx_hash.o(i.HASH_GetFlagStatus) for HASH_GetFlagStatus
    stm32f4xx_hash_md5.o(i.HMAC_MD5) refers to stm32f4xx_hash.o(i.HASH_GetDigest) for HASH_GetDigest
    stm32f4xx_hash_sha1.o(i.HASH_SHA1) refers to stm32f4xx_hash.o(i.HASH_DeInit) for HASH_DeInit
    stm32f4xx_hash_sha1.o(i.HASH_SHA1) refers to stm32f4xx_hash.o(i.HASH_Init) for HASH_Init
    stm32f4xx_hash_sha1.o(i.HASH_SHA1) refers to stm32f4xx_hash.o(i.HASH_SetLastWordValidBitsNbr) for HASH_SetLastWordValidBitsNbr
    stm32f4xx_hash_sha1.o(i.HASH_SHA1) refers to stm32f4xx_hash.o(i.HASH_DataIn) for HASH_DataIn
    stm32f4xx_hash_sha1.o(i.HASH_SHA1) refers to stm32f4xx_hash.o(i.HASH_StartDigest) for HASH_StartDigest
    stm32f4xx_hash_sha1.o(i.HASH_SHA1) refers to stm32f4xx_hash.o(i.HASH_GetFlagStatus) for HASH_GetFlagStatus
    stm32f4xx_hash_sha1.o(i.HASH_SHA1) refers to stm32f4xx_hash.o(i.HASH_GetDigest) for HASH_GetDigest
    stm32f4xx_hash_sha1.o(i.HMAC_SHA1) refers to stm32f4xx_hash.o(i.HASH_DeInit) for HASH_DeInit
    stm32f4xx_hash_sha1.o(i.HMAC_SHA1) refers to stm32f4xx_hash.o(i.HASH_Init) for HASH_Init
    stm32f4xx_hash_sha1.o(i.HMAC_SHA1) refers to stm32f4xx_hash.o(i.HASH_SetLastWordValidBitsNbr) for HASH_SetLastWordValidBitsNbr
    stm32f4xx_hash_sha1.o(i.HMAC_SHA1) refers to stm32f4xx_hash.o(i.HASH_DataIn) for HASH_DataIn
    stm32f4xx_hash_sha1.o(i.HMAC_SHA1) refers to stm32f4xx_hash.o(i.HASH_StartDigest) for HASH_StartDigest
    stm32f4xx_hash_sha1.o(i.HMAC_SHA1) refers to stm32f4xx_hash.o(i.HASH_GetFlagStatus) for HASH_GetFlagStatus
    stm32f4xx_hash_sha1.o(i.HMAC_SHA1) refers to stm32f4xx_hash.o(i.HASH_GetDigest) for HASH_GetDigest
    stm32f4xx_i2c.o(i.I2C_DeInit) refers to stm32f4xx_rcc.o(i.RCC_APB1PeriphResetCmd) for RCC_APB1PeriphResetCmd
    stm32f4xx_i2c.o(i.I2C_Init) refers to stm32f4xx_rcc.o(i.RCC_GetClocksFreq) for RCC_GetClocksFreq
    stm32f4xx_ltdc.o(i.LTDC_DeInit) refers to stm32f4xx_rcc.o(i.RCC_APB2PeriphResetCmd) for RCC_APB2PeriphResetCmd
    stm32f4xx_pwr.o(i.PWR_DeInit) refers to stm32f4xx_rcc.o(i.RCC_APB1PeriphResetCmd) for RCC_APB1PeriphResetCmd
    stm32f4xx_rcc.o(i.RCC_GetClocksFreq) refers to stm32f4xx_rcc.o(.data) for APBAHBPrescTable
    stm32f4xx_rcc.o(i.RCC_WaitForHSEStartUp) refers to stm32f4xx_rcc.o(i.RCC_GetFlagStatus) for RCC_GetFlagStatus
    stm32f4xx_rtc.o(i.RTC_CoarseCalibCmd) refers to stm32f4xx_rtc.o(i.RTC_EnterInitMode) for RTC_EnterInitMode
    stm32f4xx_rtc.o(i.RTC_CoarseCalibCmd) refers to stm32f4xx_rtc.o(i.RTC_ExitInitMode) for RTC_ExitInitMode
    stm32f4xx_rtc.o(i.RTC_CoarseCalibConfig) refers to stm32f4xx_rtc.o(i.RTC_EnterInitMode) for RTC_EnterInitMode
    stm32f4xx_rtc.o(i.RTC_CoarseCalibConfig) refers to stm32f4xx_rtc.o(i.RTC_ExitInitMode) for RTC_ExitInitMode
    stm32f4xx_rtc.o(i.RTC_DeInit) refers to stm32f4xx_rtc.o(i.RTC_EnterInitMode) for RTC_EnterInitMode
    stm32f4xx_rtc.o(i.RTC_DeInit) refers to stm32f4xx_rtc.o(i.RTC_WaitForSynchro) for RTC_WaitForSynchro
    stm32f4xx_rtc.o(i.RTC_GetAlarm) refers to stm32f4xx_rtc.o(i.RTC_Bcd2ToByte) for RTC_Bcd2ToByte
    stm32f4xx_rtc.o(i.RTC_GetDate) refers to stm32f4xx_rtc.o(i.RTC_Bcd2ToByte) for RTC_Bcd2ToByte
    stm32f4xx_rtc.o(i.RTC_GetTime) refers to stm32f4xx_rtc.o(i.RTC_Bcd2ToByte) for RTC_Bcd2ToByte
    stm32f4xx_rtc.o(i.RTC_GetTimeStamp) refers to stm32f4xx_rtc.o(i.RTC_Bcd2ToByte) for RTC_Bcd2ToByte
    stm32f4xx_rtc.o(i.RTC_Init) refers to stm32f4xx_rtc.o(i.RTC_EnterInitMode) for RTC_EnterInitMode
    stm32f4xx_rtc.o(i.RTC_Init) refers to stm32f4xx_rtc.o(i.RTC_ExitInitMode) for RTC_ExitInitMode
    stm32f4xx_rtc.o(i.RTC_RefClockCmd) refers to stm32f4xx_rtc.o(i.RTC_EnterInitMode) for RTC_EnterInitMode
    stm32f4xx_rtc.o(i.RTC_RefClockCmd) refers to stm32f4xx_rtc.o(i.RTC_ExitInitMode) for RTC_ExitInitMode
    stm32f4xx_rtc.o(i.RTC_SetAlarm) refers to stm32f4xx_rtc.o(i.RTC_Bcd2ToByte) for RTC_Bcd2ToByte
    stm32f4xx_rtc.o(i.RTC_SetAlarm) refers to stm32f4xx_rtc.o(i.RTC_ByteToBcd2) for RTC_ByteToBcd2
    stm32f4xx_rtc.o(i.RTC_SetDate) refers to stm32f4xx_rtc.o(i.RTC_Bcd2ToByte) for RTC_Bcd2ToByte
    stm32f4xx_rtc.o(i.RTC_SetDate) refers to stm32f4xx_rtc.o(i.RTC_ByteToBcd2) for RTC_ByteToBcd2
    stm32f4xx_rtc.o(i.RTC_SetDate) refers to stm32f4xx_rtc.o(i.RTC_EnterInitMode) for RTC_EnterInitMode
    stm32f4xx_rtc.o(i.RTC_SetDate) refers to stm32f4xx_rtc.o(i.RTC_ExitInitMode) for RTC_ExitInitMode
    stm32f4xx_rtc.o(i.RTC_SetDate) refers to stm32f4xx_rtc.o(i.RTC_WaitForSynchro) for RTC_WaitForSynchro
    stm32f4xx_rtc.o(i.RTC_SetTime) refers to stm32f4xx_rtc.o(i.RTC_Bcd2ToByte) for RTC_Bcd2ToByte
    stm32f4xx_rtc.o(i.RTC_SetTime) refers to stm32f4xx_rtc.o(i.RTC_ByteToBcd2) for RTC_ByteToBcd2
    stm32f4xx_rtc.o(i.RTC_SetTime) refers to stm32f4xx_rtc.o(i.RTC_EnterInitMode) for RTC_EnterInitMode
    stm32f4xx_rtc.o(i.RTC_SetTime) refers to stm32f4xx_rtc.o(i.RTC_ExitInitMode) for RTC_ExitInitMode
    stm32f4xx_rtc.o(i.RTC_SetTime) refers to stm32f4xx_rtc.o(i.RTC_WaitForSynchro) for RTC_WaitForSynchro
    stm32f4xx_rtc.o(i.RTC_SynchroShiftConfig) refers to stm32f4xx_rtc.o(i.RTC_WaitForSynchro) for RTC_WaitForSynchro
    stm32f4xx_sai.o(i.SAI_DeInit) refers to stm32f4xx_rcc.o(i.RCC_APB2PeriphResetCmd) for RCC_APB2PeriphResetCmd
    stm32f4xx_sdio.o(i.SDIO_DeInit) refers to stm32f4xx_rcc.o(i.RCC_APB2PeriphResetCmd) for RCC_APB2PeriphResetCmd
    stm32f4xx_spi.o(i.SPI_I2S_DeInit) refers to stm32f4xx_rcc.o(i.RCC_APB2PeriphResetCmd) for RCC_APB2PeriphResetCmd
    stm32f4xx_spi.o(i.SPI_I2S_DeInit) refers to stm32f4xx_rcc.o(i.RCC_APB1PeriphResetCmd) for RCC_APB1PeriphResetCmd
    stm32f4xx_syscfg.o(i.SYSCFG_DeInit) refers to stm32f4xx_rcc.o(i.RCC_APB2PeriphResetCmd) for RCC_APB2PeriphResetCmd
    stm32f4xx_tim.o(i.TIM_DeInit) refers to stm32f4xx_rcc.o(i.RCC_APB2PeriphResetCmd) for RCC_APB2PeriphResetCmd
    stm32f4xx_tim.o(i.TIM_DeInit) refers to stm32f4xx_rcc.o(i.RCC_APB1PeriphResetCmd) for RCC_APB1PeriphResetCmd
    stm32f4xx_tim.o(i.TIM_ETRClockMode1Config) refers to stm32f4xx_tim.o(i.TIM_ETRConfig) for TIM_ETRConfig
    stm32f4xx_tim.o(i.TIM_ETRClockMode2Config) refers to stm32f4xx_tim.o(i.TIM_ETRConfig) for TIM_ETRConfig
    stm32f4xx_tim.o(i.TIM_ICInit) refers to stm32f4xx_tim.o(i.TI1_Config) for TI1_Config
    stm32f4xx_tim.o(i.TIM_ICInit) refers to stm32f4xx_tim.o(i.TIM_SetIC1Prescaler) for TIM_SetIC1Prescaler
    stm32f4xx_tim.o(i.TIM_ICInit) refers to stm32f4xx_tim.o(i.TI2_Config) for TI2_Config
    stm32f4xx_tim.o(i.TIM_ICInit) refers to stm32f4xx_tim.o(i.TIM_SetIC2Prescaler) for TIM_SetIC2Prescaler
    stm32f4xx_tim.o(i.TIM_ICInit) refers to stm32f4xx_tim.o(i.TI3_Config) for TI3_Config
    stm32f4xx_tim.o(i.TIM_ICInit) refers to stm32f4xx_tim.o(i.TIM_SetIC3Prescaler) for TIM_SetIC3Prescaler
    stm32f4xx_tim.o(i.TIM_ICInit) refers to stm32f4xx_tim.o(i.TI4_Config) for TI4_Config
    stm32f4xx_tim.o(i.TIM_ICInit) refers to stm32f4xx_tim.o(i.TIM_SetIC4Prescaler) for TIM_SetIC4Prescaler
    stm32f4xx_tim.o(i.TIM_ITRxExternalClockConfig) refers to stm32f4xx_tim.o(i.TIM_SelectInputTrigger) for TIM_SelectInputTrigger
    stm32f4xx_tim.o(i.TIM_PWMIConfig) refers to stm32f4xx_tim.o(i.TI1_Config) for TI1_Config
    stm32f4xx_tim.o(i.TIM_PWMIConfig) refers to stm32f4xx_tim.o(i.TIM_SetIC1Prescaler) for TIM_SetIC1Prescaler
    stm32f4xx_tim.o(i.TIM_PWMIConfig) refers to stm32f4xx_tim.o(i.TI2_Config) for TI2_Config
    stm32f4xx_tim.o(i.TIM_PWMIConfig) refers to stm32f4xx_tim.o(i.TIM_SetIC2Prescaler) for TIM_SetIC2Prescaler
    stm32f4xx_tim.o(i.TIM_TIxExternalClockConfig) refers to stm32f4xx_tim.o(i.TI2_Config) for TI2_Config
    stm32f4xx_tim.o(i.TIM_TIxExternalClockConfig) refers to stm32f4xx_tim.o(i.TI1_Config) for TI1_Config
    stm32f4xx_tim.o(i.TIM_TIxExternalClockConfig) refers to stm32f4xx_tim.o(i.TIM_SelectInputTrigger) for TIM_SelectInputTrigger
    stm32f4xx_usart.o(i.USART_DeInit) refers to stm32f4xx_rcc.o(i.RCC_APB2PeriphResetCmd) for RCC_APB2PeriphResetCmd
    stm32f4xx_usart.o(i.USART_DeInit) refers to stm32f4xx_rcc.o(i.RCC_APB1PeriphResetCmd) for RCC_APB1PeriphResetCmd
    stm32f4xx_usart.o(i.USART_Init) refers to stm32f4xx_rcc.o(i.RCC_GetClocksFreq) for RCC_GetClocksFreq
    stm32f4xx_wwdg.o(i.WWDG_DeInit) refers to stm32f4xx_rcc.o(i.RCC_APB1PeriphResetCmd) for RCC_APB1PeriphResetCmd
    delay.o(i.delay_init) refers to misc.o(i.SysTick_CLKSourceConfig) for SysTick_CLKSourceConfig
    delay.o(i.delay_init) refers to delay.o(.data) for fac_us
    delay.o(i.delay_ms) refers to delay.o(i.delay_xms) for delay_xms
    delay.o(i.delay_us) refers to delay.o(.data) for fac_us
    delay.o(i.delay_xms) refers to delay.o(.data) for fac_ms
    usart.o(i.USART1_IRQHandler) refers to stm32f4xx_usart.o(i.USART_GetITStatus) for USART_GetITStatus
    usart.o(i.USART1_IRQHandler) refers to stm32f4xx_usart.o(i.USART_ReceiveData) for USART_ReceiveData
    usart.o(i.USART1_IRQHandler) refers to usart.o(.data) for USART_RX_STA
    usart.o(i.USART1_IRQHandler) refers to usart.o(.bss) for USART_RX_BUF
    usart.o(i.uart_init) refers to stm32f4xx_rcc.o(i.RCC_AHB1PeriphClockCmd) for RCC_AHB1PeriphClockCmd
    usart.o(i.uart_init) refers to stm32f4xx_rcc.o(i.RCC_APB2PeriphClockCmd) for RCC_APB2PeriphClockCmd
    usart.o(i.uart_init) refers to stm32f4xx_gpio.o(i.GPIO_PinAFConfig) for GPIO_PinAFConfig
    usart.o(i.uart_init) refers to stm32f4xx_gpio.o(i.GPIO_Init) for GPIO_Init
    usart.o(i.uart_init) refers to stm32f4xx_usart.o(i.USART_Init) for USART_Init
    usart.o(i.uart_init) refers to stm32f4xx_usart.o(i.USART_Cmd) for USART_Cmd
    usart.o(i.uart_init) refers to stm32f4xx_usart.o(i.USART_ITConfig) for USART_ITConfig
    usart.o(i.uart_init) refers to misc.o(i.NVIC_Init) for NVIC_Init
    init.o(i.GPIOA_Init) refers to stm32f4xx_rcc.o(i.RCC_AHB1PeriphClockCmd) for RCC_AHB1PeriphClockCmd
    init.o(i.GPIOA_Init) refers to stm32f4xx_gpio.o(i.GPIO_Init) for GPIO_Init
    init.o(i.Key_Init) refers to stm32f4xx_rcc.o(i.RCC_AHB1PeriphClockCmd) for RCC_AHB1PeriphClockCmd
    init.o(i.Key_Init) refers to stm32f4xx_gpio.o(i.GPIO_Init) for GPIO_Init
    exti.o(i.EXTI1_IRQHandler) refers to delay.o(i.delay_ms) for delay_ms
    exti.o(i.EXTI1_IRQHandler) refers to stm32f4xx_exti.o(i.EXTI_ClearITPendingBit) for EXTI_ClearITPendingBit
    exti.o(i.EXTI3_IRQHandler) refers to delay.o(i.delay_ms) for delay_ms
    exti.o(i.EXTI3_IRQHandler) refers to stm32f4xx_exti.o(i.EXTI_ClearITPendingBit) for EXTI_ClearITPendingBit
    exti.o(i.exit_init) refers to misc.o(i.NVIC_PriorityGroupConfig) for NVIC_PriorityGroupConfig
    exti.o(i.exit_init) refers to stm32f4xx_rcc.o(i.RCC_APB2PeriphClockCmd) for RCC_APB2PeriphClockCmd
    exti.o(i.exit_init) refers to init.o(i.Key_Init) for Key_Init
    exti.o(i.exit_init) refers to stm32f4xx_syscfg.o(i.SYSCFG_EXTILineConfig) for SYSCFG_EXTILineConfig
    exti.o(i.exit_init) refers to stm32f4xx_exti.o(i.EXTI_Init) for EXTI_Init
    exti.o(i.exit_init) refers to misc.o(i.NVIC_Init) for NVIC_Init
    exti.o(i.exit_init) refers to exti.o(i.f) for f
    exti.o(i.f) refers to stm32f4xx_syscfg.o(i.SYSCFG_EXTILineConfig) for SYSCFG_EXTILineConfig
    exti.o(i.f) refers to stm32f4xx_exti.o(i.EXTI_Init) for EXTI_Init
    exti.o(i.f) refers to misc.o(i.NVIC_Init) for NVIC_Init
    oled.o(i.OLED_ADDval) refers to oled.o(i.OLED_DrawPoint) for OLED_DrawPoint
    oled.o(i.OLED_ADDval) refers to oled.o(.data) for max
    oled.o(i.OLED_ADDval) refers to oled.o(.bss) for OLED_GRAM
    oled.o(i.OLED_Clear) refers to oled.o(.bss) for OLED_GRAM
    oled.o(i.OLED_Display_Off) refers to oled.o(i.OLED_WR_Byte) for OLED_WR_Byte
    oled.o(i.OLED_Display_On) refers to oled.o(i.OLED_WR_Byte) for OLED_WR_Byte
    oled.o(i.OLED_DrawPoint) refers to oled.o(.bss) for OLED_GRAM
    oled.o(i.OLED_Fill) refers to oled.o(i.OLED_DrawPoint) for OLED_DrawPoint
    oled.o(i.OLED_Fill) refers to oled.o(i.OLED_Refresh_Gram) for OLED_Refresh_Gram
    oled.o(i.OLED_Init) refers to stm32f4xx_rcc.o(i.RCC_AHB1PeriphClockCmd) for RCC_AHB1PeriphClockCmd
    oled.o(i.OLED_Init) refers to stm32f4xx_gpio.o(i.GPIO_Init) for GPIO_Init
    oled.o(i.OLED_Init) refers to delay.o(i.delay_ms) for delay_ms
    oled.o(i.OLED_Init) refers to oled.o(i.OLED_WR_Byte) for OLED_WR_Byte
    oled.o(i.OLED_Init) refers to oled.o(i.OLED_Clear) for OLED_Clear
    oled.o(i.OLED_Refresh_Gram) refers to oled.o(i.OLED_WR_Byte) for OLED_WR_Byte
    oled.o(i.OLED_Refresh_Gram) refers to oled.o(.bss) for OLED_GRAM
    oled.o(i.OLED_ShowChar) refers to oled.o(i.OLED_DrawPoint) for OLED_DrawPoint
    oled.o(i.OLED_ShowChar) refers to oled.o(.constdata) for asc2_1206
    oled.o(i.OLED_ShowNum) refers to oled.o(i.mypow) for mypow
    oled.o(i.OLED_ShowNum) refers to oled.o(i.OLED_ShowChar) for OLED_ShowChar
    oled.o(i.OLED_ShowString) refers to oled.o(i.OLED_Clear) for OLED_Clear
    oled.o(i.OLED_ShowString) refers to oled.o(i.OLED_ShowChar) for OLED_ShowChar
    oled1.o(i.OLED1_ADDval) refers to oled1.o(i.OLED1_DrawPoint) for OLED1_DrawPoint
    oled1.o(i.OLED1_ADDval) refers to oled1.o(.data) for max
    oled1.o(i.OLED1_ADDval) refers to oled1.o(.bss) for OLED1_GRAM
    oled1.o(i.OLED1_Clear) refers to oled1.o(.bss) for OLED1_GRAM
    oled1.o(i.OLED1_Display_Off) refers to oled1.o(i.OLED1_WR_Byte) for OLED1_WR_Byte
    oled1.o(i.OLED1_Display_On) refers to oled1.o(i.OLED1_WR_Byte) for OLED1_WR_Byte
    oled1.o(i.OLED1_DrawPoint) refers to oled1.o(.bss) for OLED1_GRAM
    oled1.o(i.OLED1_Fill) refers to oled1.o(i.OLED1_DrawPoint) for OLED1_DrawPoint
    oled1.o(i.OLED1_Fill) refers to oled1.o(i.OLED1_Refresh_Gram) for OLED1_Refresh_Gram
    oled1.o(i.OLED1_Init) refers to stm32f4xx_rcc.o(i.RCC_AHB1PeriphClockCmd) for RCC_AHB1PeriphClockCmd
    oled1.o(i.OLED1_Init) refers to stm32f4xx_gpio.o(i.GPIO_Init) for GPIO_Init
    oled1.o(i.OLED1_Init) refers to delay.o(i.delay_ms) for delay_ms
    oled1.o(i.OLED1_Init) refers to oled1.o(i.OLED1_WR_Byte) for OLED1_WR_Byte
    oled1.o(i.OLED1_Init) refers to oled1.o(i.OLED1_Clear) for OLED1_Clear
    oled1.o(i.OLED1_Refresh_Gram) refers to oled1.o(i.OLED1_WR_Byte) for OLED1_WR_Byte
    oled1.o(i.OLED1_Refresh_Gram) refers to oled1.o(.bss) for OLED1_GRAM
    arm_cos_f32.o(.text) refers to arm_cos_f32.o(.constdata) for .constdata
    arm_cmplx_mag_q15.o(.text) refers to arm_sqrt_q15.o(.text) for arm_sqrt_q15
    arm_cfft_f32.o(.text) refers to arm_cfft_radix8_f32.o(.text) for arm_radix8_butterfly_f32
    arm_cfft_f32.o(.text) refers to arm_bitreversal2.o(. text) for arm_bitreversal_32
    entry.o(.ARM.Collect$$$$00000000) refers (Special) to entry10a.o(.ARM.Collect$$$$0000000D) for __rt_final_cpp
    entry.o(.ARM.Collect$$$$00000000) refers (Special) to entry11a.o(.ARM.Collect$$$$0000000F) for __rt_final_exit
    entry.o(.ARM.Collect$$$$00000000) refers (Special) to entry7b.o(.ARM.Collect$$$$00000008) for _main_clock
    entry.o(.ARM.Collect$$$$00000000) refers (Special) to entry8b.o(.ARM.Collect$$$$0000000A) for _main_cpp_init
    entry.o(.ARM.Collect$$$$00000000) refers (Special) to entry9a.o(.ARM.Collect$$$$0000000B) for _main_init
    entry.o(.ARM.Collect$$$$00000000) refers (Special) to entry5.o(.ARM.Collect$$$$00000004) for _main_scatterload
    entry.o(.ARM.Collect$$$$00000000) refers (Special) to entry2.o(.ARM.Collect$$$$00000001) for _main_stk
    rand.o(.text) refers to rand.o(.data) for .data
    printfb.o(i.__0fprintf$bare) refers to printfb.o(i._printf_core) for _printf_core
    printfb.o(i.__0fprintf$bare) refers to usart.o(i.fputc) for fputc
    printfb.o(i.__0printf$bare) refers to printfb.o(i._printf_core) for _printf_core
    printfb.o(i.__0printf$bare) refers to usart.o(i.fputc) for fputc
    printfb.o(i.__0printf$bare) refers to usart.o(.data) for __stdout
    printfb.o(i.__0snprintf$bare) refers to printfb.o(i._printf_core) for _printf_core
    printfb.o(i.__0snprintf$bare) refers to printfb.o(i._snputc) for _snputc
    printfb.o(i.__0sprintf$bare) refers to printfb.o(i._printf_core) for _printf_core
    printfb.o(i.__0sprintf$bare) refers to printfb.o(i._sputc) for _sputc
    printfb.o(i.__0vfprintf$bare) refers to printfb.o(i._printf_core) for _printf_core
    printfb.o(i.__0vfprintf$bare) refers to usart.o(i.fputc) for fputc
    printfb.o(i.__0vprintf$bare) refers to printfb.o(i._printf_core) for _printf_core
    printfb.o(i.__0vprintf$bare) refers to usart.o(i.fputc) for fputc
    printfb.o(i.__0vprintf$bare) refers to usart.o(.data) for __stdout
    printfb.o(i.__0vsnprintf$bare) refers to printfb.o(i._printf_core) for _printf_core
    printfb.o(i.__0vsnprintf$bare) refers to printfb.o(i._snputc) for _snputc
    printfb.o(i.__0vsprintf$bare) refers to printfb.o(i._printf_core) for _printf_core
    printfb.o(i.__0vsprintf$bare) refers to printfb.o(i._sputc) for _sputc
    printf0.o(i.__0fprintf$0) refers to printf0.o(i._printf_core) for _printf_core
    printf0.o(i.__0fprintf$0) refers to usart.o(i.fputc) for fputc
    printf0.o(i.__0printf$0) refers to printf0.o(i._printf_core) for _printf_core
    printf0.o(i.__0printf$0) refers to usart.o(i.fputc) for fputc
    printf0.o(i.__0printf$0) refers to usart.o(.data) for __stdout
    printf0.o(i.__0snprintf$0) refers to printf0.o(i._printf_core) for _printf_core
    printf0.o(i.__0snprintf$0) refers to printf0.o(i._snputc) for _snputc
    printf0.o(i.__0sprintf$0) refers to printf0.o(i._printf_core) for _printf_core
    printf0.o(i.__0sprintf$0) refers to printf0.o(i._sputc) for _sputc
    printf0.o(i.__0vfprintf$0) refers to printf0.o(i._printf_core) for _printf_core
    printf0.o(i.__0vfprintf$0) refers to usart.o(i.fputc) for fputc
    printf0.o(i.__0vprintf$0) refers to printf0.o(i._printf_core) for _printf_core
    printf0.o(i.__0vprintf$0) refers to usart.o(i.fputc) for fputc
    printf0.o(i.__0vprintf$0) refers to usart.o(.data) for __stdout
    printf0.o(i.__0vsnprintf$0) refers to printf0.o(i._printf_core) for _printf_core
    printf0.o(i.__0vsnprintf$0) refers to printf0.o(i._snputc) for _snputc
    printf0.o(i.__0vsprintf$0) refers to printf0.o(i._printf_core) for _printf_core
    printf0.o(i.__0vsprintf$0) refers to printf0.o(i._sputc) for _sputc
    printf1.o(i.__0fprintf$1) refers to printf1.o(i._printf_core) for _printf_core
    printf1.o(i.__0fprintf$1) refers to usart.o(i.fputc) for fputc
    printf1.o(i.__0printf$1) refers to printf1.o(i._printf_core) for _printf_core
    printf1.o(i.__0printf$1) refers to usart.o(i.fputc) for fputc
    printf1.o(i.__0printf$1) refers to usart.o(.data) for __stdout
    printf1.o(i.__0snprintf$1) refers to printf1.o(i._printf_core) for _printf_core
    printf1.o(i.__0snprintf$1) refers to printf1.o(i._snputc) for _snputc
    printf1.o(i.__0sprintf$1) refers to printf1.o(i._printf_core) for _printf_core
    printf1.o(i.__0sprintf$1) refers to printf1.o(i._sputc) for _sputc
    printf1.o(i.__0vfprintf$1) refers to printf1.o(i._printf_core) for _printf_core
    printf1.o(i.__0vfprintf$1) refers to usart.o(i.fputc) for fputc
    printf1.o(i.__0vprintf$1) refers to printf1.o(i._printf_core) for _printf_core
    printf1.o(i.__0vprintf$1) refers to usart.o(i.fputc) for fputc
    printf1.o(i.__0vprintf$1) refers to usart.o(.data) for __stdout
    printf1.o(i.__0vsnprintf$1) refers to printf1.o(i._printf_core) for _printf_core
    printf1.o(i.__0vsnprintf$1) refers to printf1.o(i._snputc) for _snputc
    printf1.o(i.__0vsprintf$1) refers to printf1.o(i._printf_core) for _printf_core
    printf1.o(i.__0vsprintf$1) refers to printf1.o(i._sputc) for _sputc
    printf1.o(i._printf_core) refers to uidiv.o(.text) for __aeabi_uidivmod
    printf2.o(i.__0fprintf$2) refers to printf2.o(i._printf_core) for _printf_core
    printf2.o(i.__0fprintf$2) refers to usart.o(i.fputc) for fputc
    printf2.o(i.__0printf$2) refers to printf2.o(i._printf_core) for _printf_core
    printf2.o(i.__0printf$2) refers to usart.o(i.fputc) for fputc
    printf2.o(i.__0printf$2) refers to usart.o(.data) for __stdout
    printf2.o(i.__0snprintf$2) refers to printf2.o(i._printf_core) for _printf_core
    printf2.o(i.__0snprintf$2) refers to printf2.o(i._snputc) for _snputc
    printf2.o(i.__0sprintf$2) refers to printf2.o(i._printf_core) for _printf_core
    printf2.o(i.__0sprintf$2) refers to printf2.o(i._sputc) for _sputc
    printf2.o(i.__0vfprintf$2) refers to printf2.o(i._printf_core) for _printf_core
    printf2.o(i.__0vfprintf$2) refers to usart.o(i.fputc) for fputc
    printf2.o(i.__0vprintf$2) refers to printf2.o(i._printf_core) for _printf_core
    printf2.o(i.__0vprintf$2) refers to usart.o(i.fputc) for fputc
    printf2.o(i.__0vprintf$2) refers to usart.o(.data) for __stdout
    printf2.o(i.__0vsnprintf$2) refers to printf2.o(i._printf_core) for _printf_core
    printf2.o(i.__0vsnprintf$2) refers to printf2.o(i._snputc) for _snputc
    printf2.o(i.__0vsprintf$2) refers to printf2.o(i._printf_core) for _printf_core
    printf2.o(i.__0vsprintf$2) refers to printf2.o(i._sputc) for _sputc
    printf3.o(i.__0fprintf$3) refers to printf3.o(i._printf_core) for _printf_core
    printf3.o(i.__0fprintf$3) refers to usart.o(i.fputc) for fputc
    printf3.o(i.__0printf$3) refers to printf3.o(i._printf_core) for _printf_core
    printf3.o(i.__0printf$3) refers to usart.o(i.fputc) for fputc
    printf3.o(i.__0printf$3) refers to usart.o(.data) for __stdout
    printf3.o(i.__0snprintf$3) refers to printf3.o(i._printf_core) for _printf_core
    printf3.o(i.__0snprintf$3) refers to printf3.o(i._snputc) for _snputc
    printf3.o(i.__0sprintf$3) refers to printf3.o(i._printf_core) for _printf_core
    printf3.o(i.__0sprintf$3) refers to printf3.o(i._sputc) for _sputc
    printf3.o(i.__0vfprintf$3) refers to printf3.o(i._printf_core) for _printf_core
    printf3.o(i.__0vfprintf$3) refers to usart.o(i.fputc) for fputc
    printf3.o(i.__0vprintf$3) refers to printf3.o(i._printf_core) for _printf_core
    printf3.o(i.__0vprintf$3) refers to usart.o(i.fputc) for fputc
    printf3.o(i.__0vprintf$3) refers to usart.o(.data) for __stdout
    printf3.o(i.__0vsnprintf$3) refers to printf3.o(i._printf_core) for _printf_core
    printf3.o(i.__0vsnprintf$3) refers to printf3.o(i._snputc) for _snputc
    printf3.o(i.__0vsprintf$3) refers to printf3.o(i._printf_core) for _printf_core
    printf3.o(i.__0vsprintf$3) refers to printf3.o(i._sputc) for _sputc
    printf3.o(i._printf_core) refers to uidiv.o(.text) for __aeabi_uidivmod
    printf4.o(i.__0fprintf$4) refers to printf4.o(i._printf_core) for _printf_core
    printf4.o(i.__0fprintf$4) refers to usart.o(i.fputc) for fputc
    printf4.o(i.__0printf$4) refers to printf4.o(i._printf_core) for _printf_core
    printf4.o(i.__0printf$4) refers to usart.o(i.fputc) for fputc
    printf4.o(i.__0printf$4) refers to usart.o(.data) for __stdout
    printf4.o(i.__0snprintf$4) refers to printf4.o(i._printf_core) for _printf_core
    printf4.o(i.__0snprintf$4) refers to printf4.o(i._snputc) for _snputc
    printf4.o(i.__0sprintf$4) refers to printf4.o(i._printf_core) for _printf_core
    printf4.o(i.__0sprintf$4) refers to printf4.o(i._sputc) for _sputc
    printf4.o(i.__0vfprintf$4) refers to printf4.o(i._printf_core) for _printf_core
    printf4.o(i.__0vfprintf$4) refers to usart.o(i.fputc) for fputc
    printf4.o(i.__0vprintf$4) refers to printf4.o(i._printf_core) for _printf_core
    printf4.o(i.__0vprintf$4) refers to usart.o(i.fputc) for fputc
    printf4.o(i.__0vprintf$4) refers to usart.o(.data) for __stdout
    printf4.o(i.__0vsnprintf$4) refers to printf4.o(i._printf_core) for _printf_core
    printf4.o(i.__0vsnprintf$4) refers to printf4.o(i._snputc) for _snputc
    printf4.o(i.__0vsprintf$4) refers to printf4.o(i._printf_core) for _printf_core
    printf4.o(i.__0vsprintf$4) refers to printf4.o(i._sputc) for _sputc
    printf4.o(i._printf_core) refers to uldiv.o(.text) for __aeabi_uldivmod
    printf5.o(i.__0fprintf$5) refers to printf5.o(i._printf_core) for _printf_core
    printf5.o(i.__0fprintf$5) refers to usart.o(i.fputc) for fputc
    printf5.o(i.__0printf$5) refers to printf5.o(i._printf_core) for _printf_core
    printf5.o(i.__0printf$5) refers to usart.o(i.fputc) for fputc
    printf5.o(i.__0printf$5) refers to usart.o(.data) for __stdout
    printf5.o(i.__0snprintf$5) refers to printf5.o(i._printf_core) for _printf_core
    printf5.o(i.__0snprintf$5) refers to printf5.o(i._snputc) for _snputc
    printf5.o(i.__0sprintf$5) refers to printf5.o(i._printf_core) for _printf_core
    printf5.o(i.__0sprintf$5) refers to printf5.o(i._sputc) for _sputc
    printf5.o(i.__0vfprintf$5) refers to printf5.o(i._printf_core) for _printf_core
    printf5.o(i.__0vfprintf$5) refers to usart.o(i.fputc) for fputc
    printf5.o(i.__0vprintf$5) refers to printf5.o(i._printf_core) for _printf_core
    printf5.o(i.__0vprintf$5) refers to usart.o(i.fputc) for fputc
    printf5.o(i.__0vprintf$5) refers to usart.o(.data) for __stdout
    printf5.o(i.__0vsnprintf$5) refers to printf5.o(i._printf_core) for _printf_core
    printf5.o(i.__0vsnprintf$5) refers to printf5.o(i._snputc) for _snputc
    printf5.o(i.__0vsprintf$5) refers to printf5.o(i._printf_core) for _printf_core
    printf5.o(i.__0vsprintf$5) refers to printf5.o(i._sputc) for _sputc
    printf5.o(i._printf_core) refers to uldiv.o(.text) for __aeabi_uldivmod
    printf6.o(i.__0fprintf$6) refers to printf6.o(i._printf_core) for _printf_core
    printf6.o(i.__0fprintf$6) refers to usart.o(i.fputc) for fputc
    printf6.o(i.__0printf$6) refers to printf6.o(i._printf_core) for _printf_core
    printf6.o(i.__0printf$6) refers to usart.o(i.fputc) for fputc
    printf6.o(i.__0printf$6) refers to usart.o(.data) for __stdout
    printf6.o(i.__0snprintf$6) refers to printf6.o(i._printf_core) for _printf_core
    printf6.o(i.__0snprintf$6) refers to printf6.o(i._snputc) for _snputc
    printf6.o(i.__0sprintf$6) refers to printf6.o(i._printf_core) for _printf_core
    printf6.o(i.__0sprintf$6) refers to printf6.o(i._sputc) for _sputc
    printf6.o(i.__0vfprintf$6) refers to printf6.o(i._printf_core) for _printf_core
    printf6.o(i.__0vfprintf$6) refers to usart.o(i.fputc) for fputc
    printf6.o(i.__0vprintf$6) refers to printf6.o(i._printf_core) for _printf_core
    printf6.o(i.__0vprintf$6) refers to usart.o(i.fputc) for fputc
    printf6.o(i.__0vprintf$6) refers to usart.o(.data) for __stdout
    printf6.o(i.__0vsnprintf$6) refers to printf6.o(i._printf_core) for _printf_core
    printf6.o(i.__0vsnprintf$6) refers to printf6.o(i._snputc) for _snputc
    printf6.o(i.__0vsprintf$6) refers to printf6.o(i._printf_core) for _printf_core
    printf6.o(i.__0vsprintf$6) refers to printf6.o(i._sputc) for _sputc
    printf6.o(i._printf_core) refers to printf6.o(i._printf_pre_padding) for _printf_pre_padding
    printf6.o(i._printf_core) refers to uidiv.o(.text) for __aeabi_uidivmod
    printf6.o(i._printf_core) refers to printf6.o(i._printf_post_padding) for _printf_post_padding
    printf7.o(i.__0fprintf$7) refers to printf7.o(i._printf_core) for _printf_core
    printf7.o(i.__0fprintf$7) refers to usart.o(i.fputc) for fputc
    printf7.o(i.__0printf$7) refers to printf7.o(i._printf_core) for _printf_core
    printf7.o(i.__0printf$7) refers to usart.o(i.fputc) for fputc
    printf7.o(i.__0printf$7) refers to usart.o(.data) for __stdout
    printf7.o(i.__0snprintf$7) refers to printf7.o(i._printf_core) for _printf_core
    printf7.o(i.__0snprintf$7) refers to printf7.o(i._snputc) for _snputc
    printf7.o(i.__0sprintf$7) refers to printf7.o(i._printf_core) for _printf_core
    printf7.o(i.__0sprintf$7) refers to printf7.o(i._sputc) for _sputc
    printf7.o(i.__0vfprintf$7) refers to printf7.o(i._printf_core) for _printf_core
    printf7.o(i.__0vfprintf$7) refers to usart.o(i.fputc) for fputc
    printf7.o(i.__0vprintf$7) refers to printf7.o(i._printf_core) for _printf_core
    printf7.o(i.__0vprintf$7) refers to usart.o(i.fputc) for fputc
    printf7.o(i.__0vprintf$7) refers to usart.o(.data) for __stdout
    printf7.o(i.__0vsnprintf$7) refers to printf7.o(i._printf_core) for _printf_core
    printf7.o(i.__0vsnprintf$7) refers to printf7.o(i._snputc) for _snputc
    printf7.o(i.__0vsprintf$7) refers to printf7.o(i._printf_core) for _printf_core
    printf7.o(i.__0vsprintf$7) refers to printf7.o(i._sputc) for _sputc
    printf7.o(i._printf_core) refers to printf7.o(i._printf_pre_padding) for _printf_pre_padding
    printf7.o(i._printf_core) refers to uldiv.o(.text) for __aeabi_uldivmod
    printf7.o(i._printf_core) refers to printf7.o(i._printf_post_padding) for _printf_post_padding
    printf8.o(i.__0fprintf$8) refers to printf8.o(i._printf_core) for _printf_core
    printf8.o(i.__0fprintf$8) refers to usart.o(i.fputc) for fputc
    printf8.o(i.__0printf$8) refers to printf8.o(i._printf_core) for _printf_core
    printf8.o(i.__0printf$8) refers to usart.o(i.fputc) for fputc
    printf8.o(i.__0printf$8) refers to usart.o(.data) for __stdout
    printf8.o(i.__0snprintf$8) refers to printf8.o(i._printf_core) for _printf_core
    printf8.o(i.__0snprintf$8) refers to printf8.o(i._snputc) for _snputc
    printf8.o(i.__0sprintf$8) refers to printf8.o(i._printf_core) for _printf_core
    printf8.o(i.__0sprintf$8) refers to printf8.o(i._sputc) for _sputc
    printf8.o(i.__0vfprintf$8) refers to printf8.o(i._printf_core) for _printf_core
    printf8.o(i.__0vfprintf$8) refers to usart.o(i.fputc) for fputc
    printf8.o(i.__0vprintf$8) refers to printf8.o(i._printf_core) for _printf_core
    printf8.o(i.__0vprintf$8) refers to usart.o(i.fputc) for fputc
    printf8.o(i.__0vprintf$8) refers to usart.o(.data) for __stdout
    printf8.o(i.__0vsnprintf$8) refers to printf8.o(i._printf_core) for _printf_core
    printf8.o(i.__0vsnprintf$8) refers to printf8.o(i._snputc) for _snputc
    printf8.o(i.__0vsprintf$8) refers to printf8.o(i._printf_core) for _printf_core
    printf8.o(i.__0vsprintf$8) refers to printf8.o(i._sputc) for _sputc
    printf8.o(i._printf_core) refers to printf8.o(i._printf_pre_padding) for _printf_pre_padding
    printf8.o(i._printf_core) refers to uldiv.o(.text) for __aeabi_uldivmod
    printf8.o(i._printf_core) refers to printf8.o(i._printf_post_padding) for _printf_post_padding
    printfa.o(i.__0fprintf) refers (Special) to iusefp.o(.text) for __I$use$fp
    printfa.o(i.__0fprintf) refers to printfa.o(i._printf_core) for _printf_core
    printfa.o(i.__0fprintf) refers to usart.o(i.fputc) for fputc
    printfa.o(i.__0printf) refers (Special) to iusefp.o(.text) for __I$use$fp
    printfa.o(i.__0printf) refers to printfa.o(i._printf_core) for _printf_core
    printfa.o(i.__0printf) refers to usart.o(i.fputc) for fputc
    printfa.o(i.__0printf) refers to usart.o(.data) for __stdout
    printfa.o(i.__0snprintf) refers (Special) to iusefp.o(.text) for __I$use$fp
    printfa.o(i.__0snprintf) refers to printfa.o(i._printf_core) for _printf_core
    printfa.o(i.__0snprintf) refers to printfa.o(i._snputc) for _snputc
    printfa.o(i.__0sprintf) refers (Special) to iusefp.o(.text) for __I$use$fp
    printfa.o(i.__0sprintf) refers to printfa.o(i._printf_core) for _printf_core
    printfa.o(i.__0sprintf) refers to printfa.o(i._sputc) for _sputc
    printfa.o(i.__0vfprintf) refers (Special) to iusefp.o(.text) for __I$use$fp
    printfa.o(i.__0vfprintf) refers to printfa.o(i._printf_core) for _printf_core
    printfa.o(i.__0vfprintf) refers to usart.o(i.fputc) for fputc
    printfa.o(i.__0vprintf) refers (Special) to iusefp.o(.text) for __I$use$fp
    printfa.o(i.__0vprintf) refers to printfa.o(i._printf_core) for _printf_core
    printfa.o(i.__0vprintf) refers to usart.o(i.fputc) for fputc
    printfa.o(i.__0vprintf) refers to usart.o(.data) for __stdout
    printfa.o(i.__0vsnprintf) refers (Special) to iusefp.o(.text) for __I$use$fp
    printfa.o(i.__0vsnprintf) refers to printfa.o(i._printf_core) for _printf_core
    printfa.o(i.__0vsnprintf) refers to printfa.o(i._snputc) for _snputc
    printfa.o(i.__0vsprintf) refers (Special) to iusefp.o(.text) for __I$use$fp
    printfa.o(i.__0vsprintf) refers to printfa.o(i._printf_core) for _printf_core
    printfa.o(i.__0vsprintf) refers to printfa.o(i._sputc) for _sputc
    printfa.o(i._fp_digits) refers (Special) to iusefp.o(.text) for __I$use$fp
    printfa.o(i._fp_digits) refers to dmul.o(.text) for __aeabi_dmul
    printfa.o(i._fp_digits) refers to ddiv.o(.text) for __aeabi_ddiv
    printfa.o(i._fp_digits) refers to cdrcmple.o(.text) for __aeabi_cdrcmple
    printfa.o(i._fp_digits) refers to dadd.o(.text) for __aeabi_dadd
    printfa.o(i._fp_digits) refers to dfixul.o(.text) for __aeabi_d2ulz
    printfa.o(i._fp_digits) refers to uldiv.o(.text) for __aeabi_uldivmod
    printfa.o(i._printf_core) refers (Special) to iusefp.o(.text) for __I$use$fp
    printfa.o(i._printf_core) refers to printfa.o(i._printf_pre_padding) for _printf_pre_padding
    printfa.o(i._printf_core) refers to uldiv.o(.text) for __aeabi_uldivmod
    printfa.o(i._printf_core) refers to printfa.o(i._printf_post_padding) for _printf_post_padding
    printfa.o(i._printf_core) refers to printfa.o(i._fp_digits) for _fp_digits
    printfa.o(i._printf_core) refers to uidiv.o(.text) for __aeabi_uidivmod
    printfa.o(i._printf_post_padding) refers (Special) to iusefp.o(.text) for __I$use$fp
    printfa.o(i._printf_pre_padding) refers (Special) to iusefp.o(.text) for __I$use$fp
    printfa.o(i._snputc) refers (Special) to iusefp.o(.text) for __I$use$fp
    printfa.o(i._sputc) refers (Special) to iusefp.o(.text) for __I$use$fp
    entry2.o(.ARM.Collect$$$$00000001) refers to entry2.o(.ARM.Collect$$$$00002712) for __lit__00000000
    entry2.o(.ARM.Collect$$$$00002712) refers to startup_stm32f40_41xxx.o(STACK) for __initial_sp
    entry2.o(__vectab_stack_and_reset_area) refers to startup_stm32f40_41xxx.o(STACK) for __initial_sp
    entry2.o(__vectab_stack_and_reset_area) refers to entry.o(.ARM.Collect$$$$00000000) for __main
    entry5.o(.ARM.Collect$$$$00000004) refers to init.o(.text) for __scatterload
    entry9a.o(.ARM.Collect$$$$0000000B) refers to main.o(i.main) for main
    entry9b.o(.ARM.Collect$$$$0000000C) refers to main.o(i.main) for main
    uldiv.o(.text) refers to llushr.o(.text) for __aeabi_llsr
    uldiv.o(.text) refers to llshl.o(.text) for __aeabi_llsl
    dadd.o(.text) refers to llshl.o(.text) for __aeabi_llsl
    dadd.o(.text) refers to llsshr.o(.text) for __aeabi_lasr
    dadd.o(.text) refers to depilogue.o(.text) for _double_epilogue
    dmul.o(.text) refers to depilogue.o(.text) for _double_epilogue
    ddiv.o(.text) refers to depilogue.o(.text) for _double_round
    dfixul.o(.text) refers to llushr.o(.text) for __aeabi_llsr
    dfixul.o(.text) refers to llshl.o(.text) for __aeabi_llsl
    init.o(.text) refers to entry5.o(.ARM.Collect$$$$00000004) for __main_after_scatterload
    depilogue.o(.text) refers to llshl.o(.text) for __aeabi_llsl
    depilogue.o(.text) refers to llushr.o(.text) for __aeabi_llsr


==============================================================================

Removing Unused input sections from the image.

    Removing main.o(.rev16_text), (4 bytes).
    Removing main.o(.revsh_text), (4 bytes).
    Removing main.o(.rrx_text), (6 bytes).
    Removing stm32f4xx_it.o(.rev16_text), (4 bytes).
    Removing stm32f4xx_it.o(.revsh_text), (4 bytes).
    Removing stm32f4xx_it.o(.rrx_text), (6 bytes).
    Removing system_stm32f4xx.o(.rev16_text), (4 bytes).
    Removing system_stm32f4xx.o(.revsh_text), (4 bytes).
    Removing system_stm32f4xx.o(.rrx_text), (6 bytes).
    Removing system_stm32f4xx.o(i.SystemCoreClockUpdate), (192 bytes).
    Removing system_stm32f4xx.o(.data), (20 bytes).
    Removing startup_stm32f40_41xxx.o(HEAP), (512 bytes).
    Removing misc.o(.rev16_text), (4 bytes).
    Removing misc.o(.revsh_text), (4 bytes).
    Removing misc.o(.rrx_text), (6 bytes).
    Removing misc.o(i.NVIC_SetVectorTable), (20 bytes).
    Removing misc.o(i.NVIC_SystemLPConfig), (32 bytes).
    Removing stm32f4xx_adc.o(.rev16_text), (4 bytes).
    Removing stm32f4xx_adc.o(.revsh_text), (4 bytes).
    Removing stm32f4xx_adc.o(.rrx_text), (6 bytes).
    Removing stm32f4xx_adc.o(i.ADC_AnalogWatchdogCmd), (20 bytes).
    Removing stm32f4xx_adc.o(i.ADC_AnalogWatchdogSingleChannelConfig), (16 bytes).
    Removing stm32f4xx_adc.o(i.ADC_AnalogWatchdogThresholdsConfig), (6 bytes).
    Removing stm32f4xx_adc.o(i.ADC_AutoInjectedConvCmd), (22 bytes).
    Removing stm32f4xx_adc.o(i.ADC_ClearFlag), (6 bytes).
    Removing stm32f4xx_adc.o(i.ADC_CommonStructInit), (12 bytes).
    Removing stm32f4xx_adc.o(i.ADC_ContinuousModeCmd), (22 bytes).
    Removing stm32f4xx_adc.o(i.ADC_DMACmd), (22 bytes).
    Removing stm32f4xx_adc.o(i.ADC_DMARequestAfterLastTransferCmd), (22 bytes).
    Removing stm32f4xx_adc.o(i.ADC_DeInit), (22 bytes).
    Removing stm32f4xx_adc.o(i.ADC_DiscModeChannelCountConfig), (24 bytes).
    Removing stm32f4xx_adc.o(i.ADC_DiscModeCmd), (22 bytes).
    Removing stm32f4xx_adc.o(i.ADC_EOCOnEachRegularChannelCmd), (22 bytes).
    Removing stm32f4xx_adc.o(i.ADC_ExternalTrigInjectedConvConfig), (16 bytes).
    Removing stm32f4xx_adc.o(i.ADC_ExternalTrigInjectedConvEdgeConfig), (16 bytes).
    Removing stm32f4xx_adc.o(i.ADC_GetFlagStatus), (18 bytes).
    Removing stm32f4xx_adc.o(i.ADC_GetInjectedConversionValue), (28 bytes).
    Removing stm32f4xx_adc.o(i.ADC_GetMultiModeConversionValue), (12 bytes).
    Removing stm32f4xx_adc.o(i.ADC_GetSoftwareStartConvStatus), (20 bytes).
    Removing stm32f4xx_adc.o(i.ADC_GetSoftwareStartInjectedConvCmdStatus), (20 bytes).
    Removing stm32f4xx_adc.o(i.ADC_InjectedChannelConfig), (130 bytes).
    Removing stm32f4xx_adc.o(i.ADC_InjectedDiscModeCmd), (22 bytes).
    Removing stm32f4xx_adc.o(i.ADC_InjectedSequencerLengthConfig), (24 bytes).
    Removing stm32f4xx_adc.o(i.ADC_MultiModeDMARequestAfterLastTransferCmd), (44 bytes).
    Removing stm32f4xx_adc.o(i.ADC_SetInjectedOffset), (20 bytes).
    Removing stm32f4xx_adc.o(i.ADC_SoftwareStartInjectedConv), (10 bytes).
    Removing stm32f4xx_adc.o(i.ADC_TempSensorVrefintCmd), (44 bytes).
    Removing stm32f4xx_adc.o(i.ADC_VBATCmd), (44 bytes).
    Removing stm32f4xx_can.o(.rev16_text), (4 bytes).
    Removing stm32f4xx_can.o(.revsh_text), (4 bytes).
    Removing stm32f4xx_can.o(.rrx_text), (6 bytes).
    Removing stm32f4xx_can.o(i.CAN_CancelTransmit), (48 bytes).
    Removing stm32f4xx_can.o(i.CAN_ClearFlag), (56 bytes).
    Removing stm32f4xx_can.o(i.CAN_ClearITPendingBit), (168 bytes).
    Removing stm32f4xx_can.o(i.CAN_DBGFreeze), (22 bytes).
    Removing stm32f4xx_can.o(i.CAN_DeInit), (56 bytes).
    Removing stm32f4xx_can.o(i.CAN_FIFORelease), (22 bytes).
    Removing stm32f4xx_can.o(i.CAN_FilterInit), (264 bytes).
    Removing stm32f4xx_can.o(i.CAN_GetFlagStatus), (120 bytes).
    Removing stm32f4xx_can.o(i.CAN_GetITStatus), (288 bytes).
    Removing stm32f4xx_can.o(i.CAN_GetLSBTransmitErrorCounter), (12 bytes).
    Removing stm32f4xx_can.o(i.CAN_GetLastErrorCode), (12 bytes).
    Removing stm32f4xx_can.o(i.CAN_GetReceiveErrorCounter), (10 bytes).
    Removing stm32f4xx_can.o(i.CAN_ITConfig), (18 bytes).
    Removing stm32f4xx_can.o(i.CAN_Init), (276 bytes).
    Removing stm32f4xx_can.o(i.CAN_MessagePending), (30 bytes).
    Removing stm32f4xx_can.o(i.CAN_OperatingModeRequest), (162 bytes).
    Removing stm32f4xx_can.o(i.CAN_Receive), (240 bytes).
    Removing stm32f4xx_can.o(i.CAN_SlaveStartBank), (52 bytes).
    Removing stm32f4xx_can.o(i.CAN_Sleep), (30 bytes).
    Removing stm32f4xx_can.o(i.CAN_StructInit), (32 bytes).
    Removing stm32f4xx_can.o(i.CAN_TTComModeCmd), (118 bytes).
    Removing stm32f4xx_can.o(i.CAN_Transmit), (294 bytes).
    Removing stm32f4xx_can.o(i.CAN_TransmitStatus), (160 bytes).
    Removing stm32f4xx_can.o(i.CAN_WakeUp), (48 bytes).
    Removing stm32f4xx_can.o(i.CheckITStatus), (18 bytes).
    Removing stm32f4xx_cec.o(.rev16_text), (4 bytes).
    Removing stm32f4xx_cec.o(.revsh_text), (4 bytes).
    Removing stm32f4xx_cec.o(.rrx_text), (6 bytes).
    Removing stm32f4xx_crc.o(.rev16_text), (4 bytes).
    Removing stm32f4xx_crc.o(.revsh_text), (4 bytes).
    Removing stm32f4xx_crc.o(.rrx_text), (6 bytes).
    Removing stm32f4xx_crc.o(i.CRC_CalcBlockCRC), (36 bytes).
    Removing stm32f4xx_crc.o(i.CRC_CalcCRC), (16 bytes).
    Removing stm32f4xx_crc.o(i.CRC_GetCRC), (12 bytes).
    Removing stm32f4xx_crc.o(i.CRC_GetIDRegister), (12 bytes).
    Removing stm32f4xx_crc.o(i.CRC_ResetDR), (12 bytes).
    Removing stm32f4xx_crc.o(i.CRC_SetIDRegister), (12 bytes).
    Removing stm32f4xx_cryp.o(.rev16_text), (4 bytes).
    Removing stm32f4xx_cryp.o(.revsh_text), (4 bytes).
    Removing stm32f4xx_cryp.o(.rrx_text), (6 bytes).
    Removing stm32f4xx_cryp.o(i.CRYP_Cmd), (36 bytes).
    Removing stm32f4xx_cryp.o(i.CRYP_DMACmd), (36 bytes).
    Removing stm32f4xx_cryp.o(i.CRYP_DataIn), (12 bytes).
    Removing stm32f4xx_cryp.o(i.CRYP_DataOut), (12 bytes).
    Removing stm32f4xx_cryp.o(i.CRYP_DeInit), (20 bytes).
    Removing stm32f4xx_cryp.o(i.CRYP_FIFOFlush), (20 bytes).
    Removing stm32f4xx_cryp.o(i.CRYP_GetCmdStatus), (24 bytes).
    Removing stm32f4xx_cryp.o(i.CRYP_GetFlagStatus), (40 bytes).
    Removing stm32f4xx_cryp.o(i.CRYP_GetITStatus), (24 bytes).
    Removing stm32f4xx_cryp.o(i.CRYP_ITConfig), (36 bytes).
    Removing stm32f4xx_cryp.o(i.CRYP_IVInit), (24 bytes).
    Removing stm32f4xx_cryp.o(i.CRYP_IVStructInit), (12 bytes).
    Removing stm32f4xx_cryp.o(i.CRYP_Init), (124 bytes).
    Removing stm32f4xx_cryp.o(i.CRYP_KeyInit), (40 bytes).
    Removing stm32f4xx_cryp.o(i.CRYP_KeyStructInit), (20 bytes).
    Removing stm32f4xx_cryp.o(i.CRYP_PhaseConfig), (24 bytes).
    Removing stm32f4xx_cryp.o(i.CRYP_RestoreContext), (148 bytes).
    Removing stm32f4xx_cryp.o(i.CRYP_SaveContext), (264 bytes).
    Removing stm32f4xx_cryp.o(i.CRYP_StructInit), (12 bytes).
    Removing stm32f4xx_cryp_aes.o(.rev16_text), (4 bytes).
    Removing stm32f4xx_cryp_aes.o(.revsh_text), (4 bytes).
    Removing stm32f4xx_cryp_aes.o(.rrx_text), (6 bytes).
    Removing stm32f4xx_cryp_aes.o(i.CRYP_AES_CBC), (540 bytes).
    Removing stm32f4xx_cryp_aes.o(i.CRYP_AES_CCM), (1778 bytes).
    Removing stm32f4xx_cryp_aes.o(i.CRYP_AES_CTR), (466 bytes).
    Removing stm32f4xx_cryp_aes.o(i.CRYP_AES_ECB), (494 bytes).
    Removing stm32f4xx_cryp_aes.o(i.CRYP_AES_GCM), (1308 bytes).
    Removing stm32f4xx_cryp_des.o(.rev16_text), (4 bytes).
    Removing stm32f4xx_cryp_des.o(.revsh_text), (4 bytes).
    Removing stm32f4xx_cryp_des.o(.rrx_text), (6 bytes).
    Removing stm32f4xx_cryp_des.o(i.CRYP_DES_CBC), (250 bytes).
    Removing stm32f4xx_cryp_des.o(i.CRYP_DES_ECB), (226 bytes).
    Removing stm32f4xx_cryp_tdes.o(.rev16_text), (4 bytes).
    Removing stm32f4xx_cryp_tdes.o(.revsh_text), (4 bytes).
    Removing stm32f4xx_cryp_tdes.o(.rrx_text), (6 bytes).
    Removing stm32f4xx_cryp_tdes.o(i.CRYP_TDES_CBC), (282 bytes).
    Removing stm32f4xx_cryp_tdes.o(i.CRYP_TDES_ECB), (258 bytes).
    Removing stm32f4xx_dac.o(.rev16_text), (4 bytes).
    Removing stm32f4xx_dac.o(.revsh_text), (4 bytes).
    Removing stm32f4xx_dac.o(.rrx_text), (6 bytes).
    Removing stm32f4xx_dac.o(i.DAC_ClearFlag), (16 bytes).
    Removing stm32f4xx_dac.o(i.DAC_ClearITPendingBit), (16 bytes).
    Removing stm32f4xx_dac.o(i.DAC_Cmd), (40 bytes).
    Removing stm32f4xx_dac.o(i.DAC_DMACmd), (44 bytes).
    Removing stm32f4xx_dac.o(i.DAC_DeInit), (22 bytes).
    Removing stm32f4xx_dac.o(i.DAC_DualSoftwareTriggerCmd), (36 bytes).
    Removing stm32f4xx_dac.o(i.DAC_GetDataOutputValue), (36 bytes).
    Removing stm32f4xx_dac.o(i.DAC_GetFlagStatus), (32 bytes).
    Removing stm32f4xx_dac.o(i.DAC_GetITStatus), (48 bytes).
    Removing stm32f4xx_dac.o(i.DAC_ITConfig), (40 bytes).
    Removing stm32f4xx_dac.o(i.DAC_Init), (52 bytes).
    Removing stm32f4xx_dac.o(i.DAC_SetChannel1Data), (32 bytes).
    Removing stm32f4xx_dac.o(i.DAC_SetChannel2Data), (32 bytes).
    Removing stm32f4xx_dac.o(i.DAC_SetDualChannelData), (36 bytes).
    Removing stm32f4xx_dac.o(i.DAC_SoftwareTriggerCmd), (44 bytes).
    Removing stm32f4xx_dac.o(i.DAC_StructInit), (12 bytes).
    Removing stm32f4xx_dac.o(i.DAC_WaveGenerationCmd), (40 bytes).
    Removing stm32f4xx_dbgmcu.o(.rev16_text), (4 bytes).
    Removing stm32f4xx_dbgmcu.o(.revsh_text), (4 bytes).
    Removing stm32f4xx_dbgmcu.o(.rrx_text), (6 bytes).
    Removing stm32f4xx_dbgmcu.o(i.DBGMCU_APB1PeriphConfig), (32 bytes).
    Removing stm32f4xx_dbgmcu.o(i.DBGMCU_APB2PeriphConfig), (32 bytes).
    Removing stm32f4xx_dbgmcu.o(i.DBGMCU_Config), (32 bytes).
    Removing stm32f4xx_dbgmcu.o(i.DBGMCU_GetDEVID), (16 bytes).
    Removing stm32f4xx_dbgmcu.o(i.DBGMCU_GetREVID), (12 bytes).
    Removing stm32f4xx_dcmi.o(.rev16_text), (4 bytes).
    Removing stm32f4xx_dcmi.o(.revsh_text), (4 bytes).
    Removing stm32f4xx_dcmi.o(.rrx_text), (6 bytes).
    Removing stm32f4xx_dcmi.o(i.DCMI_CROPCmd), (36 bytes).
    Removing stm32f4xx_dcmi.o(i.DCMI_CROPConfig), (32 bytes).
    Removing stm32f4xx_dcmi.o(i.DCMI_CaptureCmd), (36 bytes).
    Removing stm32f4xx_dcmi.o(i.DCMI_ClearFlag), (12 bytes).
    Removing stm32f4xx_dcmi.o(i.DCMI_ClearITPendingBit), (12 bytes).
    Removing stm32f4xx_dcmi.o(i.DCMI_Cmd), (36 bytes).
    Removing stm32f4xx_dcmi.o(i.DCMI_DeInit), (28 bytes).
    Removing stm32f4xx_dcmi.o(i.DCMI_GetFlagStatus), (52 bytes).
    Removing stm32f4xx_dcmi.o(i.DCMI_GetITStatus), (28 bytes).
    Removing stm32f4xx_dcmi.o(i.DCMI_ITConfig), (36 bytes).
    Removing stm32f4xx_dcmi.o(i.DCMI_Init), (64 bytes).
    Removing stm32f4xx_dcmi.o(i.DCMI_JPEGCmd), (36 bytes).
    Removing stm32f4xx_dcmi.o(i.DCMI_ReadData), (12 bytes).
    Removing stm32f4xx_dcmi.o(i.DCMI_SetEmbeddedSynchroCodes), (32 bytes).
    Removing stm32f4xx_dcmi.o(i.DCMI_StructInit), (18 bytes).
    Removing stm32f4xx_dfsdm.o(.rev16_text), (4 bytes).
    Removing stm32f4xx_dfsdm.o(.revsh_text), (4 bytes).
    Removing stm32f4xx_dfsdm.o(.rrx_text), (6 bytes).
    Removing stm32f4xx_dma.o(.rev16_text), (4 bytes).
    Removing stm32f4xx_dma.o(.revsh_text), (4 bytes).
    Removing stm32f4xx_dma.o(.rrx_text), (6 bytes).
    Removing stm32f4xx_dma.o(i.DMA_ClearFlag), (52 bytes).
    Removing stm32f4xx_dma.o(i.DMA_ClearITPendingBit), (52 bytes).
    Removing stm32f4xx_dma.o(i.DMA_Cmd), (22 bytes).
    Removing stm32f4xx_dma.o(i.DMA_DeInit), (344 bytes).
    Removing stm32f4xx_dma.o(i.DMA_DoubleBufferModeCmd), (22 bytes).
    Removing stm32f4xx_dma.o(i.DMA_DoubleBufferModeConfig), (24 bytes).
    Removing stm32f4xx_dma.o(i.DMA_FlowControllerConfig), (22 bytes).
    Removing stm32f4xx_dma.o(i.DMA_GetCmdStatus), (20 bytes).
    Removing stm32f4xx_dma.o(i.DMA_GetCurrDataCounter), (8 bytes).
    Removing stm32f4xx_dma.o(i.DMA_GetCurrentMemoryTarget), (20 bytes).
    Removing stm32f4xx_dma.o(i.DMA_GetFIFOStatus), (12 bytes).
    Removing stm32f4xx_dma.o(i.DMA_GetFlagStatus), (68 bytes).
    Removing stm32f4xx_dma.o(i.DMA_GetITStatus), (100 bytes).
    Removing stm32f4xx_dma.o(i.DMA_ITConfig), (58 bytes).
    Removing stm32f4xx_dma.o(i.DMA_Init), (88 bytes).
    Removing stm32f4xx_dma.o(i.DMA_MemoryTargetConfig), (10 bytes).
    Removing stm32f4xx_dma.o(i.DMA_PeriphIncOffsetSizeConfig), (22 bytes).
    Removing stm32f4xx_dma.o(i.DMA_SetCurrDataCounter), (4 bytes).
    Removing stm32f4xx_dma.o(i.DMA_StructInit), (34 bytes).
    Removing stm32f4xx_dma2d.o(.rev16_text), (4 bytes).
    Removing stm32f4xx_dma2d.o(.revsh_text), (4 bytes).
    Removing stm32f4xx_dma2d.o(.rrx_text), (6 bytes).
    Removing stm32f4xx_dma2d.o(i.DMA2D_AbortTransfer), (20 bytes).
    Removing stm32f4xx_dma2d.o(i.DMA2D_BGConfig), (184 bytes).
    Removing stm32f4xx_dma2d.o(i.DMA2D_BGStart), (36 bytes).
    Removing stm32f4xx_dma2d.o(i.DMA2D_BG_StructInit), (26 bytes).
    Removing stm32f4xx_dma2d.o(i.DMA2D_ClearFlag), (12 bytes).
    Removing stm32f4xx_dma2d.o(i.DMA2D_ClearITPendingBit), (12 bytes).
    Removing stm32f4xx_dma2d.o(i.DMA2D_DeInit), (22 bytes).
    Removing stm32f4xx_dma2d.o(i.DMA2D_DeadTimeConfig), (56 bytes).
    Removing stm32f4xx_dma2d.o(i.DMA2D_FGConfig), (184 bytes).
    Removing stm32f4xx_dma2d.o(i.DMA2D_FGStart), (36 bytes).
    Removing stm32f4xx_dma2d.o(i.DMA2D_FG_StructInit), (26 bytes).
    Removing stm32f4xx_dma2d.o(i.DMA2D_GetFlagStatus), (24 bytes).
    Removing stm32f4xx_dma2d.o(i.DMA2D_GetITStatus), (44 bytes).
    Removing stm32f4xx_dma2d.o(i.DMA2D_ITConfig), (32 bytes).
    Removing stm32f4xx_dma2d.o(i.DMA2D_Init), (228 bytes).
    Removing stm32f4xx_dma2d.o(i.DMA2D_LineWatermarkConfig), (12 bytes).
    Removing stm32f4xx_dma2d.o(i.DMA2D_StartTransfer), (20 bytes).
    Removing stm32f4xx_dma2d.o(i.DMA2D_StructInit), (24 bytes).
    Removing stm32f4xx_dma2d.o(i.DMA2D_Suspend), (36 bytes).
    Removing stm32f4xx_dsi.o(.rev16_text), (4 bytes).
    Removing stm32f4xx_dsi.o(.revsh_text), (4 bytes).
    Removing stm32f4xx_dsi.o(.rrx_text), (6 bytes).
    Removing stm32f4xx_exti.o(.rev16_text), (4 bytes).
    Removing stm32f4xx_exti.o(.revsh_text), (4 bytes).
    Removing stm32f4xx_exti.o(.rrx_text), (6 bytes).
    Removing stm32f4xx_exti.o(i.EXTI_ClearFlag), (12 bytes).
    Removing stm32f4xx_exti.o(i.EXTI_DeInit), (36 bytes).
    Removing stm32f4xx_exti.o(i.EXTI_GenerateSWInterrupt), (16 bytes).
    Removing stm32f4xx_exti.o(i.EXTI_StructInit), (16 bytes).
    Removing stm32f4xx_flash.o(.rev16_text), (4 bytes).
    Removing stm32f4xx_flash.o(.revsh_text), (4 bytes).
    Removing stm32f4xx_flash.o(.rrx_text), (6 bytes).
    Removing stm32f4xx_flash.o(i.FLASH_ClearFlag), (12 bytes).
    Removing stm32f4xx_flash.o(i.FLASH_DataCacheCmd), (36 bytes).
    Removing stm32f4xx_flash.o(i.FLASH_DataCacheReset), (20 bytes).
    Removing stm32f4xx_flash.o(i.FLASH_EraseAllBank1Sectors), (108 bytes).
    Removing stm32f4xx_flash.o(i.FLASH_EraseAllBank2Sectors), (108 bytes).
    Removing stm32f4xx_flash.o(i.FLASH_EraseAllSectors), (108 bytes).
    Removing stm32f4xx_flash.o(i.FLASH_EraseSector), (136 bytes).
    Removing stm32f4xx_flash.o(i.FLASH_GetFlagStatus), (24 bytes).
    Removing stm32f4xx_flash.o(i.FLASH_GetStatus), (84 bytes).
    Removing stm32f4xx_flash.o(i.FLASH_ITConfig), (32 bytes).
    Removing stm32f4xx_flash.o(i.FLASH_InstructionCacheCmd), (36 bytes).
    Removing stm32f4xx_flash.o(i.FLASH_InstructionCacheReset), (20 bytes).
    Removing stm32f4xx_flash.o(i.FLASH_Lock), (20 bytes).
    Removing stm32f4xx_flash.o(i.FLASH_OB_BORConfig), (28 bytes).
    Removing stm32f4xx_flash.o(i.FLASH_OB_BootConfig), (28 bytes).
    Removing stm32f4xx_flash.o(i.FLASH_OB_GetBOR), (16 bytes).
    Removing stm32f4xx_flash.o(i.FLASH_OB_GetPCROP), (12 bytes).
    Removing stm32f4xx_flash.o(i.FLASH_OB_GetPCROP1), (12 bytes).
    Removing stm32f4xx_flash.o(i.FLASH_OB_GetRDP), (24 bytes).
    Removing stm32f4xx_flash.o(i.FLASH_OB_GetUser), (16 bytes).
    Removing stm32f4xx_flash.o(i.FLASH_OB_GetWRP), (12 bytes).
    Removing stm32f4xx_flash.o(i.FLASH_OB_GetWRP1), (12 bytes).
    Removing stm32f4xx_flash.o(i.FLASH_OB_Launch), (32 bytes).
    Removing stm32f4xx_flash.o(i.FLASH_OB_Lock), (20 bytes).
    Removing stm32f4xx_flash.o(i.FLASH_OB_PCROP1Config), (52 bytes).
    Removing stm32f4xx_flash.o(i.FLASH_OB_PCROPConfig), (52 bytes).
    Removing stm32f4xx_flash.o(i.FLASH_OB_PCROPSelectionConfig), (24 bytes).
    Removing stm32f4xx_flash.o(i.FLASH_OB_RDPConfig), (28 bytes).
    Removing stm32f4xx_flash.o(i.FLASH_OB_Unlock), (36 bytes).
    Removing stm32f4xx_flash.o(i.FLASH_OB_UserConfig), (48 bytes).
    Removing stm32f4xx_flash.o(i.FLASH_OB_WRP1Config), (52 bytes).
    Removing stm32f4xx_flash.o(i.FLASH_OB_WRPConfig), (52 bytes).
    Removing stm32f4xx_flash.o(i.FLASH_PrefetchBufferCmd), (36 bytes).
    Removing stm32f4xx_flash.o(i.FLASH_ProgramByte), (76 bytes).
    Removing stm32f4xx_flash.o(i.FLASH_ProgramDoubleWord), (84 bytes).
    Removing stm32f4xx_flash.o(i.FLASH_ProgramHalfWord), (80 bytes).
    Removing stm32f4xx_flash.o(i.FLASH_ProgramWord), (80 bytes).
    Removing stm32f4xx_flash.o(i.FLASH_SetLatency), (12 bytes).
    Removing stm32f4xx_flash.o(i.FLASH_Unlock), (36 bytes).
    Removing stm32f4xx_flash.o(i.FLASH_WaitForLastOperation), (34 bytes).
    Removing stm32f4xx_flash_ramfunc.o(.rev16_text), (4 bytes).
    Removing stm32f4xx_flash_ramfunc.o(.revsh_text), (4 bytes).
    Removing stm32f4xx_flash_ramfunc.o(.rrx_text), (6 bytes).
    Removing stm32f4xx_flash_ramfunc.o(i.FLASH_FlashInterfaceCmd), (36 bytes).
    Removing stm32f4xx_flash_ramfunc.o(i.FLASH_FlashSleepModeCmd), (36 bytes).
    Removing stm32f4xx_fmpi2c.o(.rev16_text), (4 bytes).
    Removing stm32f4xx_fmpi2c.o(.revsh_text), (4 bytes).
    Removing stm32f4xx_fmpi2c.o(.rrx_text), (6 bytes).
    Removing stm32f4xx_gpio.o(.rev16_text), (4 bytes).
    Removing stm32f4xx_gpio.o(.revsh_text), (4 bytes).
    Removing stm32f4xx_gpio.o(.rrx_text), (6 bytes).
    Removing stm32f4xx_gpio.o(i.GPIO_DeInit), (312 bytes).
    Removing stm32f4xx_gpio.o(i.GPIO_PinAFConfig), (70 bytes).
    Removing stm32f4xx_gpio.o(i.GPIO_PinLockConfig), (34 bytes).
    Removing stm32f4xx_gpio.o(i.GPIO_ReadInputData), (8 bytes).
    Removing stm32f4xx_gpio.o(i.GPIO_ReadOutputData), (8 bytes).
    Removing stm32f4xx_gpio.o(i.GPIO_ReadOutputDataBit), (18 bytes).
    Removing stm32f4xx_gpio.o(i.GPIO_ResetBits), (4 bytes).
    Removing stm32f4xx_gpio.o(i.GPIO_SetBits), (4 bytes).
    Removing stm32f4xx_gpio.o(i.GPIO_StructInit), (18 bytes).
    Removing stm32f4xx_gpio.o(i.GPIO_ToggleBits), (8 bytes).
    Removing stm32f4xx_gpio.o(i.GPIO_Write), (4 bytes).
    Removing stm32f4xx_gpio.o(i.GPIO_WriteBit), (10 bytes).
    Removing stm32f4xx_hash.o(.rev16_text), (4 bytes).
    Removing stm32f4xx_hash.o(.revsh_text), (4 bytes).
    Removing stm32f4xx_hash.o(.rrx_text), (6 bytes).
    Removing stm32f4xx_hash.o(i.HASH_AutoStartDigest), (36 bytes).
    Removing stm32f4xx_hash.o(i.HASH_ClearFlag), (12 bytes).
    Removing stm32f4xx_hash.o(i.HASH_ClearITPendingBit), (12 bytes).
    Removing stm32f4xx_hash.o(i.HASH_DMACmd), (36 bytes).
    Removing stm32f4xx_hash.o(i.HASH_DataIn), (12 bytes).
    Removing stm32f4xx_hash.o(i.HASH_DeInit), (20 bytes).
    Removing stm32f4xx_hash.o(i.HASH_GetDigest), (72 bytes).
    Removing stm32f4xx_hash.o(i.HASH_GetFlagStatus), (44 bytes).
    Removing stm32f4xx_hash.o(i.HASH_GetITStatus), (32 bytes).
    Removing stm32f4xx_hash.o(i.HASH_GetInFIFOWordsNbr), (16 bytes).
    Removing stm32f4xx_hash.o(i.HASH_ITConfig), (32 bytes).
    Removing stm32f4xx_hash.o(i.HASH_Init), (84 bytes).
    Removing stm32f4xx_hash.o(i.HASH_Reset), (20 bytes).
    Removing stm32f4xx_hash.o(i.HASH_RestoreContext), (68 bytes).
    Removing stm32f4xx_hash.o(i.HASH_SaveContext), (60 bytes).
    Removing stm32f4xx_hash.o(i.HASH_SetLastWordValidBitsNbr), (28 bytes).
    Removing stm32f4xx_hash.o(i.HASH_StartDigest), (20 bytes).
    Removing stm32f4xx_hash.o(i.HASH_StructInit), (12 bytes).
    Removing stm32f4xx_hash_md5.o(.rev16_text), (4 bytes).
    Removing stm32f4xx_hash_md5.o(.revsh_text), (4 bytes).
    Removing stm32f4xx_hash_md5.o(.rrx_text), (6 bytes).
    Removing stm32f4xx_hash_md5.o(i.HASH_MD5), (180 bytes).
    Removing stm32f4xx_hash_md5.o(i.HMAC_MD5), (354 bytes).
    Removing stm32f4xx_hash_sha1.o(.rev16_text), (4 bytes).
    Removing stm32f4xx_hash_sha1.o(.revsh_text), (4 bytes).
    Removing stm32f4xx_hash_sha1.o(.rrx_text), (6 bytes).
    Removing stm32f4xx_hash_sha1.o(i.HASH_SHA1), (186 bytes).
    Removing stm32f4xx_hash_sha1.o(i.HMAC_SHA1), (362 bytes).
    Removing stm32f4xx_i2c.o(.rev16_text), (4 bytes).
    Removing stm32f4xx_i2c.o(.revsh_text), (4 bytes).
    Removing stm32f4xx_i2c.o(.rrx_text), (6 bytes).
    Removing stm32f4xx_i2c.o(i.I2C_ARPCmd), (24 bytes).
    Removing stm32f4xx_i2c.o(i.I2C_AcknowledgeConfig), (24 bytes).
    Removing stm32f4xx_i2c.o(i.I2C_AnalogFilterCmd), (24 bytes).
    Removing stm32f4xx_i2c.o(i.I2C_CalculatePEC), (24 bytes).
    Removing stm32f4xx_i2c.o(i.I2C_CheckEvent), (42 bytes).
    Removing stm32f4xx_i2c.o(i.I2C_ClearFlag), (12 bytes).
    Removing stm32f4xx_i2c.o(i.I2C_ClearITPendingBit), (12 bytes).
    Removing stm32f4xx_i2c.o(i.I2C_Cmd), (24 bytes).
    Removing stm32f4xx_i2c.o(i.I2C_DMACmd), (24 bytes).
    Removing stm32f4xx_i2c.o(i.I2C_DMALastTransferCmd), (24 bytes).
    Removing stm32f4xx_i2c.o(i.I2C_DeInit), (96 bytes).
    Removing stm32f4xx_i2c.o(i.I2C_DigitalFilterConfig), (22 bytes).
    Removing stm32f4xx_i2c.o(i.I2C_DualAddressCmd), (24 bytes).
    Removing stm32f4xx_i2c.o(i.I2C_FastModeDutyCycleConfig), (28 bytes).
    Removing stm32f4xx_i2c.o(i.I2C_GeneralCallCmd), (24 bytes).
    Removing stm32f4xx_i2c.o(i.I2C_GenerateSTART), (24 bytes).
    Removing stm32f4xx_i2c.o(i.I2C_GenerateSTOP), (24 bytes).
    Removing stm32f4xx_i2c.o(i.I2C_GetFlagStatus), (58 bytes).
    Removing stm32f4xx_i2c.o(i.I2C_GetITStatus), (38 bytes).
    Removing stm32f4xx_i2c.o(i.I2C_GetLastEvent), (26 bytes).
    Removing stm32f4xx_i2c.o(i.I2C_GetPEC), (8 bytes).
    Removing stm32f4xx_i2c.o(i.I2C_ITConfig), (18 bytes).
    Removing stm32f4xx_i2c.o(i.I2C_Init), (232 bytes).
    Removing stm32f4xx_i2c.o(i.I2C_NACKPositionConfig), (28 bytes).
    Removing stm32f4xx_i2c.o(i.I2C_OwnAddress2Config), (22 bytes).
    Removing stm32f4xx_i2c.o(i.I2C_PECPositionConfig), (28 bytes).
    Removing stm32f4xx_i2c.o(i.I2C_ReadRegister), (22 bytes).
    Removing stm32f4xx_i2c.o(i.I2C_ReceiveData), (8 bytes).
    Removing stm32f4xx_i2c.o(i.I2C_SMBusAlertConfig), (28 bytes).
    Removing stm32f4xx_i2c.o(i.I2C_Send7bitAddress), (16 bytes).
    Removing stm32f4xx_i2c.o(i.I2C_SendData), (4 bytes).
    Removing stm32f4xx_i2c.o(i.I2C_SoftwareResetCmd), (22 bytes).
    Removing stm32f4xx_i2c.o(i.I2C_StretchClockCmd), (24 bytes).
    Removing stm32f4xx_i2c.o(i.I2C_StructInit), (30 bytes).
    Removing stm32f4xx_i2c.o(i.I2C_TransmitPEC), (24 bytes).
    Removing stm32f4xx_iwdg.o(.rev16_text), (4 bytes).
    Removing stm32f4xx_iwdg.o(.revsh_text), (4 bytes).
    Removing stm32f4xx_iwdg.o(.rrx_text), (6 bytes).
    Removing stm32f4xx_iwdg.o(i.IWDG_Enable), (16 bytes).
    Removing stm32f4xx_iwdg.o(i.IWDG_GetFlagStatus), (24 bytes).
    Removing stm32f4xx_iwdg.o(i.IWDG_ReloadCounter), (16 bytes).
    Removing stm32f4xx_iwdg.o(i.IWDG_SetPrescaler), (12 bytes).
    Removing stm32f4xx_iwdg.o(i.IWDG_SetReload), (12 bytes).
    Removing stm32f4xx_iwdg.o(i.IWDG_WriteAccessCmd), (12 bytes).
    Removing stm32f4xx_lptim.o(.rev16_text), (4 bytes).
    Removing stm32f4xx_lptim.o(.revsh_text), (4 bytes).
    Removing stm32f4xx_lptim.o(.rrx_text), (6 bytes).
    Removing stm32f4xx_ltdc.o(.rev16_text), (4 bytes).
    Removing stm32f4xx_ltdc.o(.revsh_text), (4 bytes).
    Removing stm32f4xx_ltdc.o(.rrx_text), (6 bytes).
    Removing stm32f4xx_ltdc.o(i.LTDC_CLUTCmd), (32 bytes).
    Removing stm32f4xx_ltdc.o(i.LTDC_CLUTInit), (32 bytes).
    Removing stm32f4xx_ltdc.o(i.LTDC_CLUTStructInit), (12 bytes).
    Removing stm32f4xx_ltdc.o(i.LTDC_ClearFlag), (12 bytes).
    Removing stm32f4xx_ltdc.o(i.LTDC_ClearITPendingBit), (12 bytes).
    Removing stm32f4xx_ltdc.o(i.LTDC_Cmd), (36 bytes).
    Removing stm32f4xx_ltdc.o(i.LTDC_ColorKeyingConfig), (68 bytes).
    Removing stm32f4xx_ltdc.o(i.LTDC_ColorKeyingStructInit), (10 bytes).
    Removing stm32f4xx_ltdc.o(i.LTDC_DeInit), (22 bytes).
    Removing stm32f4xx_ltdc.o(i.LTDC_DitherCmd), (36 bytes).
    Removing stm32f4xx_ltdc.o(i.LTDC_GetCDStatus), (24 bytes).
    Removing stm32f4xx_ltdc.o(i.LTDC_GetFlagStatus), (24 bytes).
    Removing stm32f4xx_ltdc.o(i.LTDC_GetITStatus), (44 bytes).
    Removing stm32f4xx_ltdc.o(i.LTDC_GetPosStatus), (44 bytes).
    Removing stm32f4xx_ltdc.o(i.LTDC_GetRGBWidth), (64 bytes).
    Removing stm32f4xx_ltdc.o(i.LTDC_ITConfig), (32 bytes).
    Removing stm32f4xx_ltdc.o(i.LTDC_Init), (392 bytes).
    Removing stm32f4xx_ltdc.o(i.LTDC_LIPConfig), (12 bytes).
    Removing stm32f4xx_ltdc.o(i.LTDC_LayerAddress), (4 bytes).
    Removing stm32f4xx_ltdc.o(i.LTDC_LayerAlpha), (4 bytes).
    Removing stm32f4xx_ltdc.o(i.LTDC_LayerCmd), (22 bytes).
    Removing stm32f4xx_ltdc.o(i.LTDC_LayerInit), (276 bytes).
    Removing stm32f4xx_ltdc.o(i.LTDC_LayerPixelFormat), (106 bytes).
    Removing stm32f4xx_ltdc.o(i.LTDC_LayerPosition), (160 bytes).
    Removing stm32f4xx_ltdc.o(i.LTDC_LayerSize), (116 bytes).
    Removing stm32f4xx_ltdc.o(i.LTDC_LayerStructInit), (48 bytes).
    Removing stm32f4xx_ltdc.o(i.LTDC_PosStructInit), (8 bytes).
    Removing stm32f4xx_ltdc.o(i.LTDC_RGBStructInit), (10 bytes).
    Removing stm32f4xx_ltdc.o(i.LTDC_ReloadConfig), (12 bytes).
    Removing stm32f4xx_ltdc.o(i.LTDC_StructInit), (34 bytes).
    Removing stm32f4xx_pwr.o(.rev16_text), (4 bytes).
    Removing stm32f4xx_pwr.o(.revsh_text), (4 bytes).
    Removing stm32f4xx_pwr.o(.rrx_text), (6 bytes).
    Removing stm32f4xx_pwr.o(i.PWR_BackupAccessCmd), (12 bytes).
    Removing stm32f4xx_pwr.o(i.PWR_BackupRegulatorCmd), (12 bytes).
    Removing stm32f4xx_pwr.o(i.PWR_ClearFlag), (20 bytes).
    Removing stm32f4xx_pwr.o(i.PWR_DeInit), (22 bytes).
    Removing stm32f4xx_pwr.o(i.PWR_EnterSTANDBYMode), (40 bytes).
    Removing stm32f4xx_pwr.o(i.PWR_EnterSTOPMode), (68 bytes).
    Removing stm32f4xx_pwr.o(i.PWR_EnterUnderDriveSTOPMode), (68 bytes).
    Removing stm32f4xx_pwr.o(i.PWR_FlashPowerDownCmd), (12 bytes).
    Removing stm32f4xx_pwr.o(i.PWR_GetFlagStatus), (24 bytes).
    Removing stm32f4xx_pwr.o(i.PWR_LowRegulatorLowVoltageCmd), (24 bytes).
    Removing stm32f4xx_pwr.o(i.PWR_MainRegulatorLowVoltageCmd), (24 bytes).
    Removing stm32f4xx_pwr.o(i.PWR_MainRegulatorModeConfig), (24 bytes).
    Removing stm32f4xx_pwr.o(i.PWR_OverDriveCmd), (12 bytes).
    Removing stm32f4xx_pwr.o(i.PWR_OverDriveSWCmd), (12 bytes).
    Removing stm32f4xx_pwr.o(i.PWR_PVDCmd), (12 bytes).
    Removing stm32f4xx_pwr.o(i.PWR_PVDLevelConfig), (24 bytes).
    Removing stm32f4xx_pwr.o(i.PWR_UnderDriveCmd), (36 bytes).
    Removing stm32f4xx_pwr.o(i.PWR_WakeUpPinCmd), (12 bytes).
    Removing stm32f4xx_qspi.o(.rev16_text), (4 bytes).
    Removing stm32f4xx_qspi.o(.revsh_text), (4 bytes).
    Removing stm32f4xx_qspi.o(.rrx_text), (6 bytes).
    Removing stm32f4xx_rcc.o(.rev16_text), (4 bytes).
    Removing stm32f4xx_rcc.o(.revsh_text), (4 bytes).
    Removing stm32f4xx_rcc.o(.rrx_text), (6 bytes).
    Removing stm32f4xx_rcc.o(i.RCC_AHB1PeriphClockLPModeCmd), (32 bytes).
    Removing stm32f4xx_rcc.o(i.RCC_AHB1PeriphResetCmd), (32 bytes).
    Removing stm32f4xx_rcc.o(i.RCC_AHB2PeriphClockCmd), (32 bytes).
    Removing stm32f4xx_rcc.o(i.RCC_AHB2PeriphClockLPModeCmd), (32 bytes).
    Removing stm32f4xx_rcc.o(i.RCC_AHB2PeriphResetCmd), (32 bytes).
    Removing stm32f4xx_rcc.o(i.RCC_APB1PeriphClockCmd), (32 bytes).
    Removing stm32f4xx_rcc.o(i.RCC_APB1PeriphClockLPModeCmd), (32 bytes).
    Removing stm32f4xx_rcc.o(i.RCC_APB1PeriphResetCmd), (32 bytes).
    Removing stm32f4xx_rcc.o(i.RCC_APB2PeriphClockLPModeCmd), (32 bytes).
    Removing stm32f4xx_rcc.o(i.RCC_APB2PeriphResetCmd), (32 bytes).
    Removing stm32f4xx_rcc.o(i.RCC_AdjustHSICalibrationValue), (24 bytes).
    Removing stm32f4xx_rcc.o(i.RCC_BackupResetCmd), (12 bytes).
    Removing stm32f4xx_rcc.o(i.RCC_ClearFlag), (20 bytes).
    Removing stm32f4xx_rcc.o(i.RCC_ClearITPendingBit), (12 bytes).
    Removing stm32f4xx_rcc.o(i.RCC_ClockSecuritySystemCmd), (12 bytes).
    Removing stm32f4xx_rcc.o(i.RCC_DeInit), (92 bytes).
    Removing stm32f4xx_rcc.o(i.RCC_GetClocksFreq), (232 bytes).
    Removing stm32f4xx_rcc.o(i.RCC_GetFlagStatus), (64 bytes).
    Removing stm32f4xx_rcc.o(i.RCC_GetITStatus), (24 bytes).
    Removing stm32f4xx_rcc.o(i.RCC_GetSYSCLKSource), (16 bytes).
    Removing stm32f4xx_rcc.o(i.RCC_HCLKConfig), (24 bytes).
    Removing stm32f4xx_rcc.o(i.RCC_HSEConfig), (16 bytes).
    Removing stm32f4xx_rcc.o(i.RCC_HSICmd), (12 bytes).
    Removing stm32f4xx_rcc.o(i.RCC_I2SCLKConfig), (12 bytes).
    Removing stm32f4xx_rcc.o(i.RCC_ITConfig), (32 bytes).
    Removing stm32f4xx_rcc.o(i.RCC_LSEConfig), (44 bytes).
    Removing stm32f4xx_rcc.o(i.RCC_LSEModeConfig), (36 bytes).
    Removing stm32f4xx_rcc.o(i.RCC_LSICmd), (12 bytes).
    Removing stm32f4xx_rcc.o(i.RCC_LTDCCLKDivConfig), (24 bytes).
    Removing stm32f4xx_rcc.o(i.RCC_MCO1Config), (28 bytes).
    Removing stm32f4xx_rcc.o(i.RCC_MCO2Config), (28 bytes).
    Removing stm32f4xx_rcc.o(i.RCC_PCLK1Config), (24 bytes).
    Removing stm32f4xx_rcc.o(i.RCC_PCLK2Config), (24 bytes).
    Removing stm32f4xx_rcc.o(i.RCC_PLLCmd), (12 bytes).
    Removing stm32f4xx_rcc.o(i.RCC_PLLConfig), (36 bytes).
    Removing stm32f4xx_rcc.o(i.RCC_PLLI2SCmd), (12 bytes).
    Removing stm32f4xx_rcc.o(i.RCC_PLLI2SConfig), (16 bytes).
    Removing stm32f4xx_rcc.o(i.RCC_PLLSAICmd), (12 bytes).
    Removing stm32f4xx_rcc.o(i.RCC_PLLSAIConfig), (24 bytes).
    Removing stm32f4xx_rcc.o(i.RCC_RTCCLKCmd), (12 bytes).
    Removing stm32f4xx_rcc.o(i.RCC_RTCCLKConfig), (60 bytes).
    Removing stm32f4xx_rcc.o(i.RCC_SAIPLLI2SClkDivConfig), (28 bytes).
    Removing stm32f4xx_rcc.o(i.RCC_SAIPLLSAIClkDivConfig), (28 bytes).
    Removing stm32f4xx_rcc.o(i.RCC_SYSCLKConfig), (24 bytes).
    Removing stm32f4xx_rcc.o(i.RCC_TIMCLKPresConfig), (12 bytes).
    Removing stm32f4xx_rcc.o(i.RCC_WaitForHSEStartUp), (56 bytes).
    Removing stm32f4xx_rcc.o(.data), (16 bytes).
    Removing stm32f4xx_rng.o(.rev16_text), (4 bytes).
    Removing stm32f4xx_rng.o(.revsh_text), (4 bytes).
    Removing stm32f4xx_rng.o(.rrx_text), (6 bytes).
    Removing stm32f4xx_rtc.o(.rev16_text), (4 bytes).
    Removing stm32f4xx_rtc.o(.revsh_text), (4 bytes).
    Removing stm32f4xx_rtc.o(.rrx_text), (6 bytes).
    Removing stm32f4xx_rtc.o(i.RTC_AlarmCmd), (116 bytes).
    Removing stm32f4xx_rtc.o(i.RTC_AlarmStructInit), (22 bytes).
    Removing stm32f4xx_rtc.o(i.RTC_AlarmSubSecondConfig), (52 bytes).
    Removing stm32f4xx_rtc.o(i.RTC_Bcd2ToByte), (22 bytes).
    Removing stm32f4xx_rtc.o(i.RTC_BypassShadowCmd), (60 bytes).
    Removing stm32f4xx_rtc.o(i.RTC_ByteToBcd2), (28 bytes).
    Removing stm32f4xx_rtc.o(i.RTC_CalibOutputCmd), (60 bytes).
    Removing stm32f4xx_rtc.o(i.RTC_CalibOutputConfig), (48 bytes).
    Removing stm32f4xx_rtc.o(i.RTC_ClearFlag), (28 bytes).
    Removing stm32f4xx_rtc.o(i.RTC_ClearITPendingBit), (32 bytes).
    Removing stm32f4xx_rtc.o(i.RTC_CoarseCalibCmd), (80 bytes).
    Removing stm32f4xx_rtc.o(i.RTC_CoarseCalibConfig), (56 bytes).
    Removing stm32f4xx_rtc.o(i.RTC_DateStructInit), (14 bytes).
    Removing stm32f4xx_rtc.o(i.RTC_DayLightSavingConfig), (56 bytes).
    Removing stm32f4xx_rtc.o(i.RTC_DeInit), (212 bytes).
    Removing stm32f4xx_rtc.o(i.RTC_EnterInitMode), (80 bytes).
    Removing stm32f4xx_rtc.o(i.RTC_ExitInitMode), (20 bytes).
    Removing stm32f4xx_rtc.o(i.RTC_GetAlarm), (116 bytes).
    Removing stm32f4xx_rtc.o(i.RTC_GetAlarmSubSecond), (36 bytes).
    Removing stm32f4xx_rtc.o(i.RTC_GetDate), (76 bytes).
    Removing stm32f4xx_rtc.o(i.RTC_GetFlagStatus), (40 bytes).
    Removing stm32f4xx_rtc.o(i.RTC_GetITStatus), (68 bytes).
    Removing stm32f4xx_rtc.o(i.RTC_GetStoreOperation), (16 bytes).
    Removing stm32f4xx_rtc.o(i.RTC_GetSubSecond), (20 bytes).
    Removing stm32f4xx_rtc.o(i.RTC_GetTime), (80 bytes).
    Removing stm32f4xx_rtc.o(i.RTC_GetTimeStamp), (156 bytes).
    Removing stm32f4xx_rtc.o(i.RTC_GetTimeStampSubSecond), (12 bytes).
    Removing stm32f4xx_rtc.o(i.RTC_GetWakeUpCounter), (12 bytes).
    Removing stm32f4xx_rtc.o(i.RTC_ITConfig), (100 bytes).
    Removing stm32f4xx_rtc.o(i.RTC_Init), (100 bytes).
    Removing stm32f4xx_rtc.o(i.RTC_OutputConfig), (56 bytes).
    Removing stm32f4xx_rtc.o(i.RTC_OutputTypeConfig), (28 bytes).
    Removing stm32f4xx_rtc.o(i.RTC_ReadBackupRegister), (32 bytes).
    Removing stm32f4xx_rtc.o(i.RTC_RefClockCmd), (80 bytes).
    Removing stm32f4xx_rtc.o(i.RTC_SetAlarm), (236 bytes).
    Removing stm32f4xx_rtc.o(i.RTC_SetDate), (200 bytes).
    Removing stm32f4xx_rtc.o(i.RTC_SetTime), (208 bytes).
    Removing stm32f4xx_rtc.o(i.RTC_SetWakeUpCounter), (28 bytes).
    Removing stm32f4xx_rtc.o(i.RTC_SmoothCalibConfig), (96 bytes).
    Removing stm32f4xx_rtc.o(i.RTC_StructInit), (14 bytes).
    Removing stm32f4xx_rtc.o(i.RTC_SynchroShiftConfig), (124 bytes).
    Removing stm32f4xx_rtc.o(i.RTC_TamperCmd), (32 bytes).
    Removing stm32f4xx_rtc.o(i.RTC_TamperFilterConfig), (28 bytes).
    Removing stm32f4xx_rtc.o(i.RTC_TamperPinSelection), (28 bytes).
    Removing stm32f4xx_rtc.o(i.RTC_TamperPinsPrechargeDuration), (28 bytes).
    Removing stm32f4xx_rtc.o(i.RTC_TamperPullUpCmd), (36 bytes).
    Removing stm32f4xx_rtc.o(i.RTC_TamperSamplingFreqConfig), (28 bytes).
    Removing stm32f4xx_rtc.o(i.RTC_TamperTriggerConfig), (36 bytes).
    Removing stm32f4xx_rtc.o(i.RTC_TimeStampCmd), (56 bytes).
    Removing stm32f4xx_rtc.o(i.RTC_TimeStampOnTamperDetectionCmd), (36 bytes).
    Removing stm32f4xx_rtc.o(i.RTC_TimeStampPinSelection), (28 bytes).
    Removing stm32f4xx_rtc.o(i.RTC_TimeStructInit), (12 bytes).
    Removing stm32f4xx_rtc.o(i.RTC_WaitForSynchro), (96 bytes).
    Removing stm32f4xx_rtc.o(i.RTC_WakeUpClockConfig), (48 bytes).
    Removing stm32f4xx_rtc.o(i.RTC_WakeUpCmd), (120 bytes).
    Removing stm32f4xx_rtc.o(i.RTC_WriteBackupRegister), (28 bytes).
    Removing stm32f4xx_rtc.o(i.RTC_WriteProtectionCmd), (28 bytes).
    Removing stm32f4xx_sai.o(.rev16_text), (4 bytes).
    Removing stm32f4xx_sai.o(.revsh_text), (4 bytes).
    Removing stm32f4xx_sai.o(.rrx_text), (6 bytes).
    Removing stm32f4xx_sai.o(i.SAI_ClearFlag), (8 bytes).
    Removing stm32f4xx_sai.o(i.SAI_ClearITPendingBit), (8 bytes).
    Removing stm32f4xx_sai.o(i.SAI_Cmd), (22 bytes).
    Removing stm32f4xx_sai.o(i.SAI_CompandingModeConfig), (16 bytes).
    Removing stm32f4xx_sai.o(i.SAI_DMACmd), (22 bytes).
    Removing stm32f4xx_sai.o(i.SAI_DeInit), (36 bytes).
    Removing stm32f4xx_sai.o(i.SAI_FlushFIFO), (10 bytes).
    Removing stm32f4xx_sai.o(i.SAI_FrameInit), (44 bytes).
    Removing stm32f4xx_sai.o(i.SAI_FrameStructInit), (18 bytes).
    Removing stm32f4xx_sai.o(i.SAI_GetCmdStatus), (20 bytes).
    Removing stm32f4xx_sai.o(i.SAI_GetFIFOStatus), (12 bytes).
    Removing stm32f4xx_sai.o(i.SAI_GetFlagStatus), (18 bytes).
    Removing stm32f4xx_sai.o(i.SAI_GetITStatus), (30 bytes).
    Removing stm32f4xx_sai.o(i.SAI_ITConfig), (18 bytes).
    Removing stm32f4xx_sai.o(i.SAI_Init), (76 bytes).
    Removing stm32f4xx_sai.o(i.SAI_MonoModeConfig), (18 bytes).
    Removing stm32f4xx_sai.o(i.SAI_MuteFrameCounterConfig), (18 bytes).
    Removing stm32f4xx_sai.o(i.SAI_MuteModeCmd), (22 bytes).
    Removing stm32f4xx_sai.o(i.SAI_MuteValueConfig), (16 bytes).
    Removing stm32f4xx_sai.o(i.SAI_ReceiveData), (6 bytes).
    Removing stm32f4xx_sai.o(i.SAI_SendData), (4 bytes).
    Removing stm32f4xx_sai.o(i.SAI_SlotInit), (36 bytes).
    Removing stm32f4xx_sai.o(i.SAI_SlotStructInit), (16 bytes).
    Removing stm32f4xx_sai.o(i.SAI_StructInit), (30 bytes).
    Removing stm32f4xx_sai.o(i.SAI_TRIStateConfig), (18 bytes).
    Removing stm32f4xx_sdio.o(.rev16_text), (4 bytes).
    Removing stm32f4xx_sdio.o(.revsh_text), (4 bytes).
    Removing stm32f4xx_sdio.o(.rrx_text), (6 bytes).
    Removing stm32f4xx_sdio.o(i.SDIO_CEATAITCmd), (16 bytes).
    Removing stm32f4xx_sdio.o(i.SDIO_ClearFlag), (12 bytes).
    Removing stm32f4xx_sdio.o(i.SDIO_ClearITPendingBit), (12 bytes).
    Removing stm32f4xx_sdio.o(i.SDIO_ClockCmd), (12 bytes).
    Removing stm32f4xx_sdio.o(i.SDIO_CmdStructInit), (14 bytes).
    Removing stm32f4xx_sdio.o(i.SDIO_CommandCompletionCmd), (12 bytes).
    Removing stm32f4xx_sdio.o(i.SDIO_DMACmd), (12 bytes).
    Removing stm32f4xx_sdio.o(i.SDIO_DataConfig), (52 bytes).
    Removing stm32f4xx_sdio.o(i.SDIO_DataStructInit), (20 bytes).
    Removing stm32f4xx_sdio.o(i.SDIO_DeInit), (22 bytes).
    Removing stm32f4xx_sdio.o(i.SDIO_GetCommandResponse), (12 bytes).
    Removing stm32f4xx_sdio.o(i.SDIO_GetDataCounter), (12 bytes).
    Removing stm32f4xx_sdio.o(i.SDIO_GetFIFOCount), (12 bytes).
    Removing stm32f4xx_sdio.o(i.SDIO_GetFlagStatus), (24 bytes).
    Removing stm32f4xx_sdio.o(i.SDIO_GetITStatus), (24 bytes).
    Removing stm32f4xx_sdio.o(i.SDIO_GetPowerState), (16 bytes).
    Removing stm32f4xx_sdio.o(i.SDIO_GetResponse), (24 bytes).
    Removing stm32f4xx_sdio.o(i.SDIO_ITConfig), (32 bytes).
    Removing stm32f4xx_sdio.o(i.SDIO_Init), (48 bytes).
    Removing stm32f4xx_sdio.o(i.SDIO_ReadData), (12 bytes).
    Removing stm32f4xx_sdio.o(i.SDIO_SendCEATACmd), (12 bytes).
    Removing stm32f4xx_sdio.o(i.SDIO_SendCommand), (44 bytes).
    Removing stm32f4xx_sdio.o(i.SDIO_SendSDIOSuspendCmd), (12 bytes).
    Removing stm32f4xx_sdio.o(i.SDIO_SetPowerState), (12 bytes).
    Removing stm32f4xx_sdio.o(i.SDIO_SetSDIOOperation), (12 bytes).
    Removing stm32f4xx_sdio.o(i.SDIO_SetSDIOReadWaitMode), (12 bytes).
    Removing stm32f4xx_sdio.o(i.SDIO_StartSDIOReadWait), (12 bytes).
    Removing stm32f4xx_sdio.o(i.SDIO_StopSDIOReadWait), (12 bytes).
    Removing stm32f4xx_sdio.o(i.SDIO_StructInit), (16 bytes).
    Removing stm32f4xx_sdio.o(i.SDIO_WriteData), (12 bytes).
    Removing stm32f4xx_spdifrx.o(.rev16_text), (4 bytes).
    Removing stm32f4xx_spdifrx.o(.revsh_text), (4 bytes).
    Removing stm32f4xx_spdifrx.o(.rrx_text), (6 bytes).
    Removing stm32f4xx_spi.o(.rev16_text), (4 bytes).
    Removing stm32f4xx_spi.o(.revsh_text), (4 bytes).
    Removing stm32f4xx_spi.o(.rrx_text), (6 bytes).
    Removing stm32f4xx_spi.o(i.I2S_Cmd), (24 bytes).
    Removing stm32f4xx_spi.o(i.I2S_FullDuplexConfig), (80 bytes).
    Removing stm32f4xx_spi.o(i.I2S_Init), (408 bytes).
    Removing stm32f4xx_spi.o(i.I2S_StructInit), (20 bytes).
    Removing stm32f4xx_spi.o(i.SPI_BiDirectionalLineConfig), (28 bytes).
    Removing stm32f4xx_spi.o(i.SPI_CalculateCRC), (24 bytes).
    Removing stm32f4xx_spi.o(i.SPI_Cmd), (24 bytes).
    Removing stm32f4xx_spi.o(i.SPI_DataSizeConfig), (18 bytes).
    Removing stm32f4xx_spi.o(i.SPI_GetCRC), (16 bytes).
    Removing stm32f4xx_spi.o(i.SPI_GetCRCPolynomial), (6 bytes).
    Removing stm32f4xx_spi.o(i.SPI_I2S_ClearFlag), (6 bytes).
    Removing stm32f4xx_spi.o(i.SPI_I2S_ClearITPendingBit), (20 bytes).
    Removing stm32f4xx_spi.o(i.SPI_I2S_DMACmd), (18 bytes).
    Removing stm32f4xx_spi.o(i.SPI_I2S_DeInit), (176 bytes).
    Removing stm32f4xx_spi.o(i.SPI_I2S_GetFlagStatus), (18 bytes).
    Removing stm32f4xx_spi.o(i.SPI_I2S_GetITStatus), (52 bytes).
    Removing stm32f4xx_spi.o(i.SPI_I2S_ITConfig), (32 bytes).
    Removing stm32f4xx_spi.o(i.SPI_I2S_ReceiveData), (6 bytes).
    Removing stm32f4xx_spi.o(i.SPI_I2S_SendData), (4 bytes).
    Removing stm32f4xx_spi.o(i.SPI_Init), (60 bytes).
    Removing stm32f4xx_spi.o(i.SPI_NSSInternalSoftwareConfig), (30 bytes).
    Removing stm32f4xx_spi.o(i.SPI_SSOutputCmd), (24 bytes).
    Removing stm32f4xx_spi.o(i.SPI_StructInit), (24 bytes).
    Removing stm32f4xx_spi.o(i.SPI_TIModeCmd), (24 bytes).
    Removing stm32f4xx_spi.o(i.SPI_TransmitCRC), (10 bytes).
    Removing stm32f4xx_syscfg.o(.rev16_text), (4 bytes).
    Removing stm32f4xx_syscfg.o(.revsh_text), (4 bytes).
    Removing stm32f4xx_syscfg.o(.rrx_text), (6 bytes).
    Removing stm32f4xx_syscfg.o(i.SYSCFG_CompensationCellCmd), (12 bytes).
    Removing stm32f4xx_syscfg.o(i.SYSCFG_DeInit), (22 bytes).
    Removing stm32f4xx_syscfg.o(i.SYSCFG_ETH_MediaInterfaceConfig), (12 bytes).
    Removing stm32f4xx_syscfg.o(i.SYSCFG_GetCompensationCellStatus), (24 bytes).
    Removing stm32f4xx_syscfg.o(i.SYSCFG_MemoryRemapConfig), (12 bytes).
    Removing stm32f4xx_syscfg.o(i.SYSCFG_MemorySwappingBank), (12 bytes).
    Removing stm32f4xx_tim.o(.rev16_text), (4 bytes).
    Removing stm32f4xx_tim.o(.revsh_text), (4 bytes).
    Removing stm32f4xx_tim.o(.rrx_text), (6 bytes).
    Removing stm32f4xx_tim.o(i.TI1_Config), (58 bytes).
    Removing stm32f4xx_tim.o(i.TI2_Config), (80 bytes).
    Removing stm32f4xx_tim.o(i.TI3_Config), (72 bytes).
    Removing stm32f4xx_tim.o(i.TI4_Config), (80 bytes).
    Removing stm32f4xx_tim.o(i.TIM_ARRPreloadConfig), (24 bytes).
    Removing stm32f4xx_tim.o(i.TIM_BDTRConfig), (32 bytes).
    Removing stm32f4xx_tim.o(i.TIM_BDTRStructInit), (18 bytes).
    Removing stm32f4xx_tim.o(i.TIM_CCPreloadControl), (24 bytes).
    Removing stm32f4xx_tim.o(i.TIM_CCxCmd), (30 bytes).
    Removing stm32f4xx_tim.o(i.TIM_CCxNCmd), (30 bytes).
    Removing stm32f4xx_tim.o(i.TIM_ClearFlag), (6 bytes).
    Removing stm32f4xx_tim.o(i.TIM_ClearITPendingBit), (6 bytes).
    Removing stm32f4xx_tim.o(i.TIM_ClearOC1Ref), (18 bytes).
    Removing stm32f4xx_tim.o(i.TIM_ClearOC2Ref), (24 bytes).
    Removing stm32f4xx_tim.o(i.TIM_ClearOC3Ref), (18 bytes).
    Removing stm32f4xx_tim.o(i.TIM_ClearOC4Ref), (24 bytes).
    Removing stm32f4xx_tim.o(i.TIM_Cmd), (24 bytes).
    Removing stm32f4xx_tim.o(i.TIM_CounterModeConfig), (18 bytes).
    Removing stm32f4xx_tim.o(i.TIM_CtrlPWMOutputs), (30 bytes).
    Removing stm32f4xx_tim.o(i.TIM_DMACmd), (18 bytes).
    Removing stm32f4xx_tim.o(i.TIM_DMAConfig), (10 bytes).
    Removing stm32f4xx_tim.o(i.TIM_DeInit), (400 bytes).
    Removing stm32f4xx_tim.o(i.TIM_ETRClockMode1Config), (54 bytes).
    Removing stm32f4xx_tim.o(i.TIM_ETRClockMode2Config), (32 bytes).
    Removing stm32f4xx_tim.o(i.TIM_ETRConfig), (28 bytes).
    Removing stm32f4xx_tim.o(i.TIM_EncoderInterfaceConfig), (66 bytes).
    Removing stm32f4xx_tim.o(i.TIM_ForcedOC1Config), (18 bytes).
    Removing stm32f4xx_tim.o(i.TIM_ForcedOC2Config), (26 bytes).
    Removing stm32f4xx_tim.o(i.TIM_ForcedOC3Config), (18 bytes).
    Removing stm32f4xx_tim.o(i.TIM_ForcedOC4Config), (26 bytes).
    Removing stm32f4xx_tim.o(i.TIM_GenerateEvent), (4 bytes).
    Removing stm32f4xx_tim.o(i.TIM_GetCapture1), (6 bytes).
    Removing stm32f4xx_tim.o(i.TIM_GetCapture2), (6 bytes).
    Removing stm32f4xx_tim.o(i.TIM_GetCapture3), (6 bytes).
    Removing stm32f4xx_tim.o(i.TIM_GetCapture4), (6 bytes).
    Removing stm32f4xx_tim.o(i.TIM_GetCounter), (6 bytes).
    Removing stm32f4xx_tim.o(i.TIM_GetFlagStatus), (18 bytes).
    Removing stm32f4xx_tim.o(i.TIM_GetITStatus), (34 bytes).
    Removing stm32f4xx_tim.o(i.TIM_GetPrescaler), (6 bytes).
    Removing stm32f4xx_tim.o(i.TIM_ICInit), (110 bytes).
    Removing stm32f4xx_tim.o(i.TIM_ICStructInit), (18 bytes).
    Removing stm32f4xx_tim.o(i.TIM_ITConfig), (18 bytes).
    Removing stm32f4xx_tim.o(i.TIM_ITRxExternalClockConfig), (24 bytes).
    Removing stm32f4xx_tim.o(i.TIM_InternalClockConfig), (12 bytes).
    Removing stm32f4xx_tim.o(i.TIM_OC1FastConfig), (18 bytes).
    Removing stm32f4xx_tim.o(i.TIM_OC1Init), (124 bytes).
    Removing stm32f4xx_tim.o(i.TIM_OC1NPolarityConfig), (18 bytes).
    Removing stm32f4xx_tim.o(i.TIM_OC1PolarityConfig), (18 bytes).
    Removing stm32f4xx_tim.o(i.TIM_OC1PreloadConfig), (18 bytes).
    Removing stm32f4xx_tim.o(i.TIM_OC2FastConfig), (26 bytes).
    Removing stm32f4xx_tim.o(i.TIM_OC2Init), (164 bytes).
    Removing stm32f4xx_tim.o(i.TIM_OC2NPolarityConfig), (26 bytes).
    Removing stm32f4xx_tim.o(i.TIM_OC2PolarityConfig), (26 bytes).
    Removing stm32f4xx_tim.o(i.TIM_OC2PreloadConfig), (26 bytes).
    Removing stm32f4xx_tim.o(i.TIM_OC3FastConfig), (18 bytes).
    Removing stm32f4xx_tim.o(i.TIM_OC3Init), (160 bytes).
    Removing stm32f4xx_tim.o(i.TIM_OC3NPolarityConfig), (26 bytes).
    Removing stm32f4xx_tim.o(i.TIM_OC3PolarityConfig), (26 bytes).
    Removing stm32f4xx_tim.o(i.TIM_OC3PreloadConfig), (18 bytes).
    Removing stm32f4xx_tim.o(i.TIM_OC4FastConfig), (26 bytes).
    Removing stm32f4xx_tim.o(i.TIM_OC4Init), (120 bytes).
    Removing stm32f4xx_tim.o(i.TIM_OC4PolarityConfig), (26 bytes).
    Removing stm32f4xx_tim.o(i.TIM_OC4PreloadConfig), (26 bytes).
    Removing stm32f4xx_tim.o(i.TIM_OCStructInit), (20 bytes).
    Removing stm32f4xx_tim.o(i.TIM_PWMIConfig), (124 bytes).
    Removing stm32f4xx_tim.o(i.TIM_PrescalerConfig), (6 bytes).
    Removing stm32f4xx_tim.o(i.TIM_RemapConfig), (6 bytes).
    Removing stm32f4xx_tim.o(i.TIM_SelectCCDMA), (24 bytes).
    Removing stm32f4xx_tim.o(i.TIM_SelectCOM), (24 bytes).
    Removing stm32f4xx_tim.o(i.TIM_SelectHallSensor), (24 bytes).
    Removing stm32f4xx_tim.o(i.TIM_SelectInputTrigger), (18 bytes).
    Removing stm32f4xx_tim.o(i.TIM_SelectMasterSlaveMode), (18 bytes).
    Removing stm32f4xx_tim.o(i.TIM_SelectOCxM), (86 bytes).
    Removing stm32f4xx_tim.o(i.TIM_SelectOnePulseMode), (18 bytes).
    Removing stm32f4xx_tim.o(i.TIM_SelectOutputTrigger), (18 bytes).
    Removing stm32f4xx_tim.o(i.TIM_SelectSlaveMode), (18 bytes).
    Removing stm32f4xx_tim.o(i.TIM_SetAutoreload), (4 bytes).
    Removing stm32f4xx_tim.o(i.TIM_SetClockDivision), (18 bytes).
    Removing stm32f4xx_tim.o(i.TIM_SetCompare1), (4 bytes).
    Removing stm32f4xx_tim.o(i.TIM_SetCompare2), (4 bytes).
    Removing stm32f4xx_tim.o(i.TIM_SetCompare3), (4 bytes).
    Removing stm32f4xx_tim.o(i.TIM_SetCompare4), (4 bytes).
    Removing stm32f4xx_tim.o(i.TIM_SetCounter), (4 bytes).
    Removing stm32f4xx_tim.o(i.TIM_SetIC1Prescaler), (18 bytes).
    Removing stm32f4xx_tim.o(i.TIM_SetIC2Prescaler), (26 bytes).
    Removing stm32f4xx_tim.o(i.TIM_SetIC3Prescaler), (18 bytes).
    Removing stm32f4xx_tim.o(i.TIM_SetIC4Prescaler), (26 bytes).
    Removing stm32f4xx_tim.o(i.TIM_TIxExternalClockConfig), (62 bytes).
    Removing stm32f4xx_tim.o(i.TIM_TimeBaseInit), (132 bytes).
    Removing stm32f4xx_tim.o(i.TIM_TimeBaseStructInit), (18 bytes).
    Removing stm32f4xx_tim.o(i.TIM_UpdateDisableConfig), (24 bytes).
    Removing stm32f4xx_tim.o(i.TIM_UpdateRequestConfig), (24 bytes).
    Removing stm32f4xx_usart.o(.rev16_text), (4 bytes).
    Removing stm32f4xx_usart.o(.revsh_text), (4 bytes).
    Removing stm32f4xx_usart.o(.rrx_text), (6 bytes).
    Removing stm32f4xx_usart.o(i.USART_ClearFlag), (18 bytes).
    Removing stm32f4xx_usart.o(i.USART_ClearITPendingBit), (30 bytes).
    Removing stm32f4xx_usart.o(i.USART_ClockInit), (32 bytes).
    Removing stm32f4xx_usart.o(i.USART_ClockStructInit), (12 bytes).
    Removing stm32f4xx_usart.o(i.USART_Cmd), (24 bytes).
    Removing stm32f4xx_usart.o(i.USART_DMACmd), (18 bytes).
    Removing stm32f4xx_usart.o(i.USART_DeInit), (240 bytes).
    Removing stm32f4xx_usart.o(i.USART_GetFlagStatus), (26 bytes).
    Removing stm32f4xx_usart.o(i.USART_HalfDuplexCmd), (24 bytes).
    Removing stm32f4xx_usart.o(i.USART_ITConfig), (74 bytes).
    Removing stm32f4xx_usart.o(i.USART_Init), (212 bytes).
    Removing stm32f4xx_usart.o(i.USART_IrDACmd), (24 bytes).
    Removing stm32f4xx_usart.o(i.USART_IrDAConfig), (18 bytes).
    Removing stm32f4xx_usart.o(i.USART_LINBreakDetectLengthConfig), (18 bytes).
    Removing stm32f4xx_usart.o(i.USART_LINCmd), (24 bytes).
    Removing stm32f4xx_usart.o(i.USART_OneBitMethodCmd), (24 bytes).
    Removing stm32f4xx_usart.o(i.USART_OverSampling8Cmd), (22 bytes).
    Removing stm32f4xx_usart.o(i.USART_ReceiverWakeUpCmd), (24 bytes).
    Removing stm32f4xx_usart.o(i.USART_SendBreak), (10 bytes).
    Removing stm32f4xx_usart.o(i.USART_SendData), (8 bytes).
    Removing stm32f4xx_usart.o(i.USART_SetAddress), (18 bytes).
    Removing stm32f4xx_usart.o(i.USART_SetGuardTime), (16 bytes).
    Removing stm32f4xx_usart.o(i.USART_SetPrescaler), (16 bytes).
    Removing stm32f4xx_usart.o(i.USART_SmartCardCmd), (24 bytes).
    Removing stm32f4xx_usart.o(i.USART_SmartCardNACKCmd), (24 bytes).
    Removing stm32f4xx_usart.o(i.USART_StructInit), (24 bytes).
    Removing stm32f4xx_usart.o(i.USART_WakeUpConfig), (18 bytes).
    Removing stm32f4xx_wwdg.o(.rev16_text), (4 bytes).
    Removing stm32f4xx_wwdg.o(.revsh_text), (4 bytes).
    Removing stm32f4xx_wwdg.o(.rrx_text), (6 bytes).
    Removing stm32f4xx_wwdg.o(i.WWDG_ClearFlag), (12 bytes).
    Removing stm32f4xx_wwdg.o(i.WWDG_DeInit), (22 bytes).
    Removing stm32f4xx_wwdg.o(i.WWDG_Enable), (16 bytes).
    Removing stm32f4xx_wwdg.o(i.WWDG_EnableIT), (12 bytes).
    Removing stm32f4xx_wwdg.o(i.WWDG_GetFlagStatus), (20 bytes).
    Removing stm32f4xx_wwdg.o(i.WWDG_SetCounter), (16 bytes).
    Removing stm32f4xx_wwdg.o(i.WWDG_SetPrescaler), (24 bytes).
    Removing stm32f4xx_wwdg.o(i.WWDG_SetWindowValue), (40 bytes).
    Removing delay.o(.rev16_text), (4 bytes).
    Removing delay.o(.revsh_text), (4 bytes).
    Removing delay.o(.rrx_text), (6 bytes).
    Removing delay.o(i.delay_us), (76 bytes).
    Removing sys.o(.rev16_text), (4 bytes).
    Removing sys.o(.revsh_text), (4 bytes).
    Removing sys.o(.rrx_text), (6 bytes).
    Removing sys.o(.emb_text), (16 bytes).
    Removing usart.o(.rev16_text), (4 bytes).
    Removing usart.o(.revsh_text), (4 bytes).
    Removing usart.o(.rrx_text), (6 bytes).
    Removing usart.o(i._sys_exit), (4 bytes).
    Removing usart.o(i.fputc), (28 bytes).
    Removing usart.o(i.uart_init), (172 bytes).
    Removing init.o(.rev16_text), (4 bytes).
    Removing init.o(.revsh_text), (4 bytes).
    Removing init.o(.rrx_text), (6 bytes).
    Removing init.o(i.GPIOA_Init), (56 bytes).
    Removing init.o(i.Key_Init), (44 bytes).
    Removing exti.o(.rev16_text), (4 bytes).
    Removing exti.o(.revsh_text), (4 bytes).
    Removing exti.o(.rrx_text), (6 bytes).
    Removing exti.o(i.exit_init), (92 bytes).
    Removing exti.o(i.f), (68 bytes).
    Removing oled.o(.rev16_text), (4 bytes).
    Removing oled.o(.revsh_text), (4 bytes).
    Removing oled.o(.rrx_text), (6 bytes).
    Removing oled.o(i.OLED_Display_Off), (28 bytes).
    Removing oled.o(i.OLED_Display_On), (28 bytes).
    Removing oled.o(i.OLED_Fill), (58 bytes).
    Removing oled.o(i.OLED_ShowNum), (148 bytes).
    Removing oled.o(i.mypow), (22 bytes).
    Removing oled1.o(.rev16_text), (4 bytes).
    Removing oled1.o(.revsh_text), (4 bytes).
    Removing oled1.o(.rrx_text), (6 bytes).
    Removing oled1.o(i.OLED1_Display_Off), (28 bytes).
    Removing oled1.o(i.OLED1_Display_On), (28 bytes).
    Removing oled1.o(i.OLED1_Fill), (58 bytes).
    Removing arm_cos_f32.o(.rev16_text), (4 bytes).
    Removing arm_cos_f32.o(.revsh_text), (4 bytes).
    Removing arm_cmplx_mag_f32.o(.rev16_text), (4 bytes).
    Removing arm_cmplx_mag_f32.o(.revsh_text), (4 bytes).
    Removing arm_cmplx_mag_q15.o(.rev16_text), (4 bytes).
    Removing arm_cmplx_mag_q15.o(.revsh_text), (4 bytes).
    Removing arm_cfft_f32.o(.rev16_text), (4 bytes).
    Removing arm_cfft_f32.o(.revsh_text), (4 bytes).
    Removing arm_max_f32.o(.rev16_text), (4 bytes).
    Removing arm_max_f32.o(.revsh_text), (4 bytes).
    Removing arm_common_tables.o(.rev16_text), (4 bytes).
    Removing arm_common_tables.o(.revsh_text), (4 bytes).
    Removing arm_common_tables.o(.constdata), (2048 bytes).
    Removing arm_common_tables.o(.constdata), (128 bytes).
    Removing arm_common_tables.o(.constdata), (256 bytes).
    Removing arm_common_tables.o(.constdata), (512 bytes).
    Removing arm_common_tables.o(.constdata), (2048 bytes).
    Removing arm_common_tables.o(.constdata), (4096 bytes).
    Removing arm_common_tables.o(.constdata), (8192 bytes).
    Removing arm_common_tables.o(.constdata), (16384 bytes).
    Removing arm_common_tables.o(.constdata), (32768 bytes).
    Removing arm_common_tables.o(.constdata), (24576 bytes).
    Removing arm_common_tables.o(.constdata), (12288 bytes).
    Removing arm_common_tables.o(.constdata), (128 bytes).
    Removing arm_common_tables.o(.constdata), (256 bytes).
    Removing arm_common_tables.o(.constdata), (40 bytes).
    Removing arm_common_tables.o(.constdata), (96 bytes).
    Removing arm_common_tables.o(.constdata), (112 bytes).
    Removing arm_common_tables.o(.constdata), (880 bytes).
    Removing arm_common_tables.o(.constdata), (896 bytes).
    Removing arm_common_tables.o(.constdata), (3600 bytes).
    Removing arm_common_tables.o(.constdata), (7616 bytes).
    Removing arm_common_tables.o(.constdata), (8064 bytes).
    Removing arm_common_tables.o(.constdata), (128 bytes).
    Removing arm_common_tables.o(.constdata), (256 bytes).
    Removing arm_common_tables.o(.constdata), (512 bytes).
    Removing arm_common_tables.o(.constdata), (1024 bytes).
    Removing arm_common_tables.o(.constdata), (2048 bytes).
    Removing arm_common_tables.o(.constdata), (4096 bytes).
    Removing arm_common_tables.o(.constdata), (8192 bytes).
    Removing arm_common_tables.o(.constdata), (16384 bytes).
    Removing arm_sqrt_q15.o(.rev16_text), (4 bytes).
    Removing arm_sqrt_q15.o(.revsh_text), (4 bytes).
    Removing arm_cfft_radix8_f32.o(.rev16_text), (4 bytes).
    Removing arm_cfft_radix8_f32.o(.revsh_text), (4 bytes).
    Removing dadd.o(.text), (334 bytes).
    Removing dmul.o(.text), (228 bytes).
    Removing ddiv.o(.text), (222 bytes).
    Removing dfixul.o(.text), (48 bytes).
    Removing cdrcmple.o(.text), (48 bytes).
    Removing depilogue.o(.text), (186 bytes).

874 unused section(s) (total 193632 bytes) removed from the image.
