Component: ARM Compiler 5.06 update 6 (build 750) Tool: armlink [4d35ed]

==============================================================================

Section Cross References

    startup_stm32f40xx.o(RESET) refers to startup_stm32f40xx.o(STACK) for __initial_sp
    startup_stm32f40xx.o(RESET) refers to startup_stm32f40xx.o(.text) for Reset_Handler
    startup_stm32f40xx.o(RESET) refers to stm32f4xx_it.o(i.NMI_Handler) for NMI_Handler
    startup_stm32f40xx.o(RESET) refers to stm32f4xx_it.o(i.HardFault_Handler) for HardFault_Handler
    startup_stm32f40xx.o(RESET) refers to stm32f4xx_it.o(i.MemManage_Handler) for MemManage_Handler
    startup_stm32f40xx.o(RESET) refers to stm32f4xx_it.o(i.BusFault_Handler) for BusFault_Handler
    startup_stm32f40xx.o(RESET) refers to stm32f4xx_it.o(i.UsageFault_Handler) for UsageFault_Handler
    startup_stm32f40xx.o(RESET) refers to stm32f4xx_it.o(i.SVC_Handler) for SVC_Handler
    startup_stm32f40xx.o(RESET) refers to stm32f4xx_it.o(i.DebugMon_Handler) for DebugMon_Handler
    startup_stm32f40xx.o(RESET) refers to os_cpu_a.o(CODE) for OS_CPU_PendSVHandler
    startup_stm32f40xx.o(RESET) refers to os_cpu_c.o(i.OS_CPU_SysTickHandler) for OS_CPU_SysTickHandler
    startup_stm32f40xx.o(.text) refers to system_stm32f4xx.o(i.SystemInit) for SystemInit
    startup_stm32f40xx.o(.text) refers to entry.o(.ARM.Collect$$$$00000000) for __main
    system_stm32f4xx.o(i.SystemCoreClockUpdate) refers to system_stm32f4xx.o(.data) for .data
    system_stm32f4xx.o(i.SystemInit) refers to system_stm32f4xx.o(i.SetSysClock) for SetSysClock
    stm32f4xx_adc.o(i.ADC_DeInit) refers to stm32f4xx_rcc.o(i.RCC_APB2PeriphResetCmd) for RCC_APB2PeriphResetCmd
    stm32f4xx_can.o(i.CAN_DeInit) refers to stm32f4xx_rcc.o(i.RCC_APB1PeriphResetCmd) for RCC_APB1PeriphResetCmd
    stm32f4xx_can.o(i.CAN_GetITStatus) refers to stm32f4xx_can.o(i.CheckITStatus) for CheckITStatus
    stm32f4xx_cryp.o(i.CRYP_DeInit) refers to stm32f4xx_rcc.o(i.RCC_AHB2PeriphResetCmd) for RCC_AHB2PeriphResetCmd
    stm32f4xx_cryp_aes.o(i.CRYP_AES_CBC) refers to stm32f4xx_cryp.o(i.CRYP_KeyStructInit) for CRYP_KeyStructInit
    stm32f4xx_cryp_aes.o(i.CRYP_AES_CBC) refers to stm32f4xx_cryp.o(i.CRYP_KeyInit) for CRYP_KeyInit
    stm32f4xx_cryp_aes.o(i.CRYP_AES_CBC) refers to stm32f4xx_cryp.o(i.CRYP_Init) for CRYP_Init
    stm32f4xx_cryp_aes.o(i.CRYP_AES_CBC) refers to stm32f4xx_cryp.o(i.CRYP_IVInit) for CRYP_IVInit
    stm32f4xx_cryp_aes.o(i.CRYP_AES_CBC) refers to stm32f4xx_cryp.o(i.CRYP_FIFOFlush) for CRYP_FIFOFlush
    stm32f4xx_cryp_aes.o(i.CRYP_AES_CBC) refers to stm32f4xx_cryp.o(i.CRYP_Cmd) for CRYP_Cmd
    stm32f4xx_cryp_aes.o(i.CRYP_AES_CBC) refers to stm32f4xx_cryp.o(i.CRYP_GetCmdStatus) for CRYP_GetCmdStatus
    stm32f4xx_cryp_aes.o(i.CRYP_AES_CBC) refers to stm32f4xx_cryp.o(i.CRYP_GetFlagStatus) for CRYP_GetFlagStatus
    stm32f4xx_cryp_aes.o(i.CRYP_AES_CBC) refers to stm32f4xx_cryp.o(i.CRYP_DataIn) for CRYP_DataIn
    stm32f4xx_cryp_aes.o(i.CRYP_AES_CBC) refers to stm32f4xx_cryp.o(i.CRYP_DataOut) for CRYP_DataOut
    stm32f4xx_cryp_aes.o(i.CRYP_AES_CCM) refers to stm32f4xx_cryp.o(i.CRYP_KeyStructInit) for CRYP_KeyStructInit
    stm32f4xx_cryp_aes.o(i.CRYP_AES_CCM) refers to stm32f4xx_cryp.o(i.CRYP_FIFOFlush) for CRYP_FIFOFlush
    stm32f4xx_cryp_aes.o(i.CRYP_AES_CCM) refers to stm32f4xx_cryp.o(i.CRYP_KeyInit) for CRYP_KeyInit
    stm32f4xx_cryp_aes.o(i.CRYP_AES_CCM) refers to stm32f4xx_cryp.o(i.CRYP_IVInit) for CRYP_IVInit
    stm32f4xx_cryp_aes.o(i.CRYP_AES_CCM) refers to stm32f4xx_cryp.o(i.CRYP_Init) for CRYP_Init
    stm32f4xx_cryp_aes.o(i.CRYP_AES_CCM) refers to stm32f4xx_cryp.o(i.CRYP_PhaseConfig) for CRYP_PhaseConfig
    stm32f4xx_cryp_aes.o(i.CRYP_AES_CCM) refers to stm32f4xx_cryp.o(i.CRYP_DataIn) for CRYP_DataIn
    stm32f4xx_cryp_aes.o(i.CRYP_AES_CCM) refers to stm32f4xx_cryp.o(i.CRYP_Cmd) for CRYP_Cmd
    stm32f4xx_cryp_aes.o(i.CRYP_AES_CCM) refers to stm32f4xx_cryp.o(i.CRYP_GetCmdStatus) for CRYP_GetCmdStatus
    stm32f4xx_cryp_aes.o(i.CRYP_AES_CCM) refers to stm32f4xx_cryp.o(i.CRYP_GetFlagStatus) for CRYP_GetFlagStatus
    stm32f4xx_cryp_aes.o(i.CRYP_AES_CCM) refers to stm32f4xx_cryp.o(i.CRYP_DataOut) for CRYP_DataOut
    stm32f4xx_cryp_aes.o(i.CRYP_AES_CTR) refers to stm32f4xx_cryp.o(i.CRYP_KeyStructInit) for CRYP_KeyStructInit
    stm32f4xx_cryp_aes.o(i.CRYP_AES_CTR) refers to stm32f4xx_cryp.o(i.CRYP_KeyInit) for CRYP_KeyInit
    stm32f4xx_cryp_aes.o(i.CRYP_AES_CTR) refers to stm32f4xx_cryp.o(i.CRYP_Init) for CRYP_Init
    stm32f4xx_cryp_aes.o(i.CRYP_AES_CTR) refers to stm32f4xx_cryp.o(i.CRYP_IVInit) for CRYP_IVInit
    stm32f4xx_cryp_aes.o(i.CRYP_AES_CTR) refers to stm32f4xx_cryp.o(i.CRYP_FIFOFlush) for CRYP_FIFOFlush
    stm32f4xx_cryp_aes.o(i.CRYP_AES_CTR) refers to stm32f4xx_cryp.o(i.CRYP_Cmd) for CRYP_Cmd
    stm32f4xx_cryp_aes.o(i.CRYP_AES_CTR) refers to stm32f4xx_cryp.o(i.CRYP_GetCmdStatus) for CRYP_GetCmdStatus
[...]
    ..\..\User\uCOS-III\Ports\ARM-Cortex-M4\Generic\RealView\os_cpu_c.c 0x00000000   Number         0  os_cpu_c.o ABSOLUTE
    ..\..\User\uCOS-III\Source\os_cfg_app.c  0x00000000   Number         0  os_cfg_app.o ABSOLUTE
    ..\..\User\uCOS-III\Source\os_core.c     0x00000000   Number         0  os_core.o ABSOLUTE
    ..\..\User\uCOS-III\Source\os_dbg.c      0x00000000   Number         0  os_dbg.o ABSOLUTE
    ..\..\User\uCOS-III\Source\os_flag.c     0x00000000   Number         0  os_flag.o ABSOLUTE
    ..\..\User\uCOS-III\Source\os_int.c      0x00000000   Number         0  os_int.o ABSOLUTE
    ..\..\User\uCOS-III\Source\os_mem.c      0x00000000   Number         0  os_mem.o ABSOLUTE
    ..\..\User\uCOS-III\Source\os_msg.c      0x00000000   Number         0  os_msg.o ABSOLUTE
    ..\..\User\uCOS-III\Source\os_mutex.c    0x00000000   Number         0  os_mutex.o ABSOLUTE
    ..\..\User\uCOS-III\Source\os_pend_multi.c 0x00000000   Number         0  os_pend_multi.o ABSOLUTE
    ..\..\User\uCOS-III\Source\os_prio.c     0x00000000   Number         0  os_prio.o ABSOLUTE
    ..\..\User\uCOS-III\Source\os_q.c        0x00000000   Number         0  os_q.o ABSOLUTE
    ..\..\User\uCOS-III\Source\os_sem.c      0x00000000   Number         0  os_sem.o ABSOLUTE
    ..\..\User\uCOS-III\Source\os_stat.c     0x00000000   Number         0  os_stat.o ABSOLUTE
    ..\..\User\uCOS-III\Source\os_task.c     0x00000000   Number         0  os_task.o ABSOLUTE
    ..\..\User\uCOS-III\Source\os_tick.c     0x00000000   Number         0  os_tick.o ABSOLUTE
    ..\..\User\uCOS-III\Source\os_time.c     0x00000000   Number         0  os_time.o ABSOLUTE
    ..\..\User\uCOS-III\Source\os_tmr.c      0x00000000   Number         0  os_tmr.o ABSOLUTE
    ..\..\User\uCOS-III\Source\os_var.c      0x00000000   Number         0  os_var.o ABSOLUTE
    ..\\..\\Libraries\\CMSIS\\Device\\ST\\STM32F4xx\\Source\\Templates\\system_stm32f4xx.c 0x00000000   Number         0  system_stm32f4xx.o ABSOLUTE
    ..\\..\\Libraries\\STM32F4xx_StdPeriph_Driver\\src\\misc.c 0x00000000   Number         0  misc.o ABSOLUTE
    ..\\..\\Libraries\\STM32F4xx_StdPeriph_Driver\\src\\stm32f4xx_adc.c 0x00000000   Number         0  stm32f4xx_adc.o ABSOLUTE
    ..\\..\\Libraries\\STM32F4xx_StdPeriph_Driver\\src\\stm32f4xx_can.c 0x00000000   Number         0  stm32f4xx_can.o ABSOLUTE
    ..\\..\\Libraries\\STM32F4xx_StdPeriph_Driver\\src\\stm32f4xx_cec.c 0x00000000   Number         0  stm32f4xx_cec.o ABSOLUTE
    ..\\..\\Libraries\\STM32F4xx_StdPeriph_Driver\\src\\stm32f4xx_crc.c 0x00000000   Number         0  stm32f4xx_crc.o ABSOLUTE
    ..\\..\\Libraries\\STM32F4xx_StdPeriph_Driver\\src\\stm32f4xx_cryp.c 0x00000000   Number         0  stm32f4xx_cryp.o ABSOLUTE
    ..\\..\\Libraries\\STM32F4xx_StdPeriph_Driver\\src\\stm32f4xx_cryp_aes.c 0x00000000   Number         0  stm32f4xx_cryp_aes.o ABSOLUTE
    ..\\..\\Libraries\\STM32F4xx_StdPeriph_Driver\\src\\stm32f4xx_cryp_des.c 0x00000000   Number         0  stm32f4xx_cryp_des.o ABSOLUTE
    ..\\..\\Libraries\\STM32F4xx_StdPeriph_Driver\\src\\stm32f4xx_cryp_tdes.c 0x00000000   Number         0  stm32f4xx_cryp_tdes.o ABSOLUTE
    ..\\..\\Libraries\\STM32F4xx_StdPeriph_Driver\\src\\stm32f4xx_dac.c 0x00000000   Number         0  stm32f4xx_dac.o ABSOLUTE
    ..\\..\\Libraries\\STM32F4xx_StdPeriph_Driver\\src\\stm32f4xx_dbgmcu.c 0x00000000   Number         0  stm32f4xx_dbgmcu.o ABSOLUTE
    ..\\..\\Libraries\\STM32F4xx_StdPeriph_Driver\\src\\stm32f4xx_dcmi.c 0x00000000   Number         0  stm32f4xx_dcmi.o ABSOLUTE
    ..\\..\\Libraries\\STM32F4xx_StdPeriph_Driver\\src\\stm32f4xx_dma.c 0x00000000   Number         0  stm32f4xx_dma.o ABSOLUTE
    ..\\..\\Libraries\\STM32F4xx_StdPeriph_Driver\\src\\stm32f4xx_exti.c 0x00000000   Number         0  stm32f4xx_exti.o ABSOLUTE
    ..\\..\\Libraries\\STM32F4xx_StdPeriph_Driver\\src\\stm32f4xx_flash.c 0x00000000   Number         0  stm32f4xx_flash.o ABSOLUTE
    ..\\..\\Libraries\\STM32F4xx_StdPeriph_Driver\\src\\stm32f4xx_flash_ramfunc.c 0x00000000   Number         0  stm32f4xx_flash_ramfunc.o ABSOLUTE
    ..\\..\\Libraries\\STM32F4xx_StdPeriph_Driver\\src\\stm32f4xx_fmpi2c.c 0x00000000   Number         0  stm32f4xx_fmpi2c.o ABSOLUTE
    ..\\..\\Libraries\\STM32F4xx_StdPeriph_Driver\\src\\stm32f4xx_gpio.c 0x00000000   Number         0  stm32f4xx_gpio.o ABSOLUTE
    ..\\..\\Libraries\\STM32F4xx_StdPeriph_Driver\\src\\stm32f4xx_hash.c 0x00000000   Number         0  stm32f4xx_hash.o ABSOLUTE
    ..\\..\\Libraries\\STM32F4xx_StdPeriph_Driver\\src\\stm32f4xx_hash_md5.c 0x00000000   Number         0  stm32f4xx_hash_md5.o ABSOLUTE
    ..\\..\\Libraries\\STM32F4xx_StdPeriph_Driver\\src\\stm32f4xx_hash_sha1.c 0x00000000   Number         0  stm32f4xx_hash_sha1.o ABSOLUTE
    ..\\..\\Libraries\\STM32F4xx_StdPeriph_Driver\\src\\stm32f4xx_i2c.c 0x00000000   Number         0  stm32f4xx_i2c.o ABSOLUTE
    ..\\..\\Libraries\\STM32F4xx_StdPeriph_Driver\\src\\stm32f4xx_iwdg.c 0x00000000   Number         0  stm32f4xx_iwdg.o ABSOLUTE
    ..\\..\\Libraries\\STM32F4xx_StdPeriph_Driver\\src\\stm32f4xx_pwr.c 0x00000000   Number         0  stm32f4xx_pwr.o ABSOLUTE
    ..\\..\\Libraries\\STM32F4xx_StdPeriph_Driver\\src\\stm32f4xx_qspi.c 0x00000000   Number         0  stm32f4xx_qspi.o ABSOLUTE
    ..\\..\\Libraries\\STM32F4xx_StdPeriph_Driver\\src\\stm32f4xx_rcc.c 0x00000000   Number         0  stm32f4xx_rcc.o ABSOLUTE
    ..\\..\\Libraries\\STM32F4xx_StdPeriph_Driver\\src\\stm32f4xx_rng.c 0x00000000   Number         0  stm32f4xx_rng.o ABSOLUTE
    ..\\..\\Libraries\\STM32F4xx_StdPeriph_Driver\\src\\stm32f4xx_rtc.c 0x00000000   Number         0  stm32f4xx_rtc.o ABSOLUTE
    ..\\..\\Libraries\\STM32F4xx_StdPeriph_Driver\\src\\stm32f4xx_sai.c 0x00000000   Number         0  stm32f4xx_sai.o ABSOLUTE
    ..\\..\\Libraries\\STM32F4xx_StdPeriph_Driver\\src\\stm32f4xx_sdio.c 0x00000000   Number         0  stm32f4xx_sdio.o ABSOLUTE
    ..\\..\\Libraries\\STM32F4xx_StdPeriph_Driver\\src\\stm32f4xx_spdifrx.c 0x00000000   Number         0  stm32f4xx_spdifrx.o ABSOLUTE
    ..\\..\\Libraries\\STM32F4xx_StdPeriph_Driver\\src\\stm32f4xx_spi.c 0x00000000   Number         0  stm32f4xx_spi.o ABSOLUTE
    ..\\..\\Libraries\\STM32F4xx_StdPeriph_Driver\\src\\stm32f4xx_syscfg.c 0x00000000   Number         0  stm32f4xx_syscfg.o ABSOLUTE
    ..\\..\\Libraries\\STM32F4xx_StdPeriph_Driver\\src\\stm32f4xx_tim.c 0x00000000   Number         0  stm32f4xx_tim.o ABSOLUTE
    ..\\..\\Libraries\\STM32F4xx_StdPeriph_Driver\\src\\stm32f4xx_usart.c 0x00000000   Number         0  stm32f4xx_usart.o ABSOLUTE
    ..\\..\\Libraries\\STM32F4xx_StdPeriph_Driver\\src\\stm32f4xx_wwdg.c 0x00000000   Number         0  stm32f4xx_wwdg.o ABSOLUTE
    ..\\..\\User\\BSP\\bsp.c                 0x00000000   Number         0  bsp.o ABSOLUTE
    ..\\..\\User\\main.c                     0x00000000   Number         0  main.o ABSOLUTE
    ..\\..\\User\\stm32f4xx_it.c             0x00000000   Number         0  stm32f4xx_it.o ABSOLUTE
    dc.s                                     0x00000000   Number         0  dc.o ABSOLUTE
    handlers.s                               0x00000000   Number         0  handlers.o ABSOLUTE
    init.s                                   0x00000000   Number         0  init.o ABSOLUTE
    RESET                                    0x08000000   Section      392  startup_stm32f40xx.o(RESET)
    .ARM.Collect$$$$00000000                 0x08000188   Section        0  entry.o(.ARM.Collect$$$$00000000)
    .ARM.Collect$$$$00000001                 0x08000188   Section        4  entry2.o(.ARM.Collect$$$$00000001)
    .ARM.Collect$$$$00000004                 0x0800018c   Section        4  entry5.o(.ARM.Collect$$$$00000004)
    .ARM.Collect$$$$00000008                 0x08000190   Section        0  entry7b.o(.ARM.Collect$$$$00000008)
    .ARM.Collect$$$$0000000A                 0x08000190   Section        0  entry8b.o(.ARM.Collect$$$$0000000A)
    .ARM.Collect$$$$0000000B                 0x08000190   Section        8  entry9a.o(.ARM.Collect$$$$0000000B)
    .ARM.Collect$$$$0000000D                 0x08000198   Section        0  entry10a.o(.ARM.Collect$$$$0000000D)
    .ARM.Collect$$$$0000000F                 0x08000198   Section        0  entry11a.o(.ARM.Collect$$$$0000000F)
    .ARM.Collect$$$$00002712                 0x08000198   Section        4  entry2.o(.ARM.Collect$$$$00002712)
    __lit__00000000                          0x08000198   Data           4  entry2.o(.ARM.Collect$$$$00002712)
    .text                                    0x0800019c   Section       76  startup_stm32f40xx.o(.text)
    $v0                                      0x0800019c   Number         0  startup_stm32f40xx.o(.text)
    .text                                    0x080001e8   Section       52  cpu_a.o(.text)
    $v0                                      0x080001e8   Number         0  cpu_a.o(.text)
    .text                                    0x0800021c   Section       36  init.o(.text)
    CODE                                     0x08000240   Section      268  os_cpu_a.o(CODE)
    $v0                                      0x08000240   Number         0  os_cpu_a.o(CODE)
    i.BSP_CPU_ClkFreq                        0x0800034c   Section        0  bsp.o(i.BSP_CPU_ClkFreq)
    i.BSP_Tick_Init                          0x0800035c   Section        0  bsp.o(i.BSP_Tick_Init)
    i.BusFault_Handler                       0x08000378   Section        0  stm32f4xx_it.o(i.BusFault_Handler)
    i.CPU_Init                               0x0800037a   Section        0  cpu_core.o(i.CPU_Init)
    i.CPU_NameClr                            0x08000388   Section        0  cpu_core.o(i.CPU_NameClr)
    i.CPU_NameInit                           0x080003a8   Section        0  cpu_core.o(i.CPU_NameInit)
    CPU_NameInit                             0x080003a9   Thumb Code     4  cpu_core.o(i.CPU_NameInit)
    i.CPU_TS_Init                            0x080003ac   Section        0  cpu_core.o(i.CPU_TS_Init)
    CPU_TS_Init                              0x080003ad   Thumb Code    10  cpu_core.o(i.CPU_TS_Init)
    i.CPU_TS_TmrFreqSet                      0x080003bc   Section        0  cpu_core.o(i.CPU_TS_TmrFreqSet)
    i.CPU_TS_TmrInit                         0x080003c8   Section        0  bsp.o(i.CPU_TS_TmrInit)
    i.CPU_TS_TmrRd                           0x080003f8   Section        0  bsp.o(i.CPU_TS_TmrRd)
    i.DebugMon_Handler                       0x08000404   Section        0  stm32f4xx_it.o(i.DebugMon_Handler)
    i.GPIO_Init                              0x08000406   Section        0  stm32f4xx_gpio.o(i.GPIO_Init)
    i.HardFault_Handler                      0x08000482   Section        0  stm32f4xx_it.o(i.HardFault_Handler)
    i.LED_task                               0x08000484   Section        0  main.o(i.LED_task)
    i.MemManage_Handler                      0x080004a4   Section        0  stm32f4xx_it.o(i.MemManage_Handler)
    i.Mem_Clr                                0x080004a6   Section        0  lib_mem.o(i.Mem_Clr)
    i.Mem_Set                                0x080004ae   Section        0  lib_mem.o(i.Mem_Set)
    i.NMI_Handler                            0x080004ec   Section        0  stm32f4xx_it.o(i.NMI_Handler)
    i.OSCfg_Init                             0x080004ee   Section        0  os_cfg_app.o(i.OSCfg_Init)
    i.OSIdleTaskHook                         0x080004f0   Section        0  os_cpu_c.o(i.OSIdleTaskHook)
    i.OSInit                                 0x08000500   Section        0  os_core.o(i.OSInit)
    i.OSInitHook                             0x0800065c   Section        0  os_cpu_c.o(i.OSInitHook)
    i.OSIntExit                              0x08000680   Section        0  os_core.o(i.OSIntExit)
    i.OSMutexCreate                          0x0800072c   Section        0  os_mutex.o(i.OSMutexCreate)
    i.OSMutexPend                            0x08000784   Section        0  os_mutex.o(i.OSMutexPend)
    i.OSMutexPost                            0x080008dc   Section        0  os_mutex.o(i.OSMutexPost)
    i.OSSched                                0x08000a1c   Section        0  os_core.o(i.OSSched)
    i.OSSchedLock                            0x08000a98   Section        0  os_core.o(i.OSSchedLock)
    i.OSSchedUnlock                          0x08000ae0   Section        0  os_core.o(i.OSSchedUnlock)
    i.OSStart                                0x08000b3c   Section        0  os_core.o(i.OSStart)
    i.OSStatReset                            0x08000b98   Section        0  os_stat.o(i.OSStatReset)
    i.OSStatTaskHook                         0x08000c50   Section        0  os_cpu_c.o(i.OSStatTaskHook)
    i.OSTaskCreate                           0x08000c60   Section        0  os_task.o(i.OSTaskCreate)
    i.OSTaskCreateHook                       0x08000db8   Section        0  os_cpu_c.o(i.OSTaskCreateHook)
    i.OSTaskDel                              0x08000dc8   Section        0  os_task.o(i.OSTaskDel)
    i.OSTaskDelHook                          0x08000ef0   Section        0  os_cpu_c.o(i.OSTaskDelHook)
    i.OSTaskReturnHook                       0x08000f00   Section        0  os_cpu_c.o(i.OSTaskReturnHook)
    i.OSTaskSemPend                          0x08000f10   Section        0  os_task.o(i.OSTaskSemPend)
    i.OSTaskSemPost                          0x08001038   Section        0  os_task.o(i.OSTaskSemPost)
    i.OSTaskStkChk                           0x08001068   Section        0  os_task.o(i.OSTaskStkChk)
    i.OSTaskStkInit                          0x080010fc   Section        0  os_cpu_c.o(i.OSTaskStkInit)
    i.OSTaskSwHook                           0x0800126c   Section        0  os_cpu_c.o(i.OSTaskSwHook)
    i.OSTimeDly                              0x080012e0   Section        0  os_time.o(i.OSTimeDly)
    i.OSTimeTick                             0x0800135c   Section        0  os_time.o(i.OSTimeTick)
    i.OSTimeTickHook                         0x0800139c   Section        0  os_cpu_c.o(i.OSTimeTickHook)
    i.OS_CPU_SysTickHandler                  0x080013ac   Section        0  os_cpu_c.o(i.OS_CPU_SysTickHandler)
    i.OS_CPU_SysTickInit                     0x080013d0   Section        0  os_cpu_c.o(i.OS_CPU_SysTickInit)
    i.OS_Dbg_Init                            0x080013f8   Section        0  os_dbg.o(i.OS_Dbg_Init)
    i.OS_FlagInit                            0x080013fc   Section        0  os_flag.o(i.OS_FlagInit)
    i.OS_IdleTask                            0x08001414   Section        0  os_core.o(i.OS_IdleTask)
    i.OS_IdleTaskInit                        0x0800143c   Section        0  os_core.o(i.OS_IdleTaskInit)
    i.OS_MemInit                             0x080014a4   Section        0  os_mem.o(i.OS_MemInit)
    i.OS_MsgPoolInit                         0x080014bc   Section        0  os_msg.o(i.OS_MsgPoolInit)
    i.OS_MsgQFreeAll                         0x08001528   Section        0  os_msg.o(i.OS_MsgQFreeAll)
    i.OS_MsgQInit                            0x08001560   Section        0  os_msg.o(i.OS_MsgQInit)
    i.OS_MutexDbgListAdd                     0x08001570   Section        0  os_mutex.o(i.OS_MutexDbgListAdd)
    i.OS_MutexGrpAdd                         0x08001594   Section        0  os_mutex.o(i.OS_MutexGrpAdd)
    i.OS_MutexGrpPostAll                     0x0800159c   Section        0  os_mutex.o(i.OS_MutexGrpPostAll)
    i.OS_MutexGrpPrioFindHighest             0x080015f2   Section        0  os_mutex.o(i.OS_MutexGrpPrioFindHighest)
    i.OS_MutexGrpRemove                      0x08001614   Section        0  os_mutex.o(i.OS_MutexGrpRemove)
    i.OS_MutexInit                           0x0800162c   Section        0  os_mutex.o(i.OS_MutexInit)
    i.OS_Pend                                0x08001644   Section        0  os_core.o(i.OS_Pend)
    i.OS_PendDataInit                        0x08001694   Section        0  os_core.o(i.OS_PendDataInit)
    i.OS_PendDbgNameAdd                      0x080016bc   Section        0  os_core.o(i.OS_PendDbgNameAdd)
    i.OS_PendDbgNameRemove                   0x08001710   Section        0  os_core.o(i.OS_PendDbgNameRemove)
    i.OS_PendListChangePrio                  0x08001734   Section        0  os_core.o(i.OS_PendListChangePrio)
    i.OS_PendListInit                        0x08001764   Section        0  os_core.o(i.OS_PendListInit)
    i.OS_PendListInsertPrio                  0x0800176e   Section        0  os_core.o(i.OS_PendListInsertPrio)
    i.OS_PendListRemove                      0x080017ca   Section        0  os_core.o(i.OS_PendListRemove)
    i.OS_PendListRemove1                     0x080017f4   Section        0  os_core.o(i.OS_PendListRemove1)
    i.OS_Post                                0x0800182a   Section        0  os_core.o(i.OS_Post)
    i.OS_Post1                               0x080018dc   Section        0  os_core.o(i.OS_Post1)
    i.OS_PrioGetHighest                      0x08001904   Section        0  os_prio.o(i.OS_PrioGetHighest)
    i.OS_PrioInit                            0x08001928   Section        0  os_prio.o(i.OS_PrioInit)
    i.OS_PrioInsert                          0x08001940   Section        0  os_prio.o(i.OS_PrioInsert)
    i.OS_PrioRemove                          0x08001960   Section        0  os_prio.o(i.OS_PrioRemove)
    i.OS_QInit                               0x08001980   Section        0  os_q.o(i.OS_QInit)
    i.OS_RdyListInit                         0x08001998   Section        0  os_core.o(i.OS_RdyListInit)
    i.OS_RdyListInsert                       0x080019bc   Section        0  os_core.o(i.OS_RdyListInsert)
    i.OS_RdyListInsertHead                   0x080019ec   Section        0  os_core.o(i.OS_RdyListInsertHead)
    i.OS_RdyListInsertTail                   0x08001a28   Section        0  os_core.o(i.OS_RdyListInsertTail)
    i.OS_RdyListRemove                       0x08001a60   Section        0  os_core.o(i.OS_RdyListRemove)
    i.OS_SchedLockTimeMeasStart              0x08001ab4   Section        0  os_core.o(i.OS_SchedLockTimeMeasStart)
    i.OS_SchedLockTimeMeasStop               0x08001ad0   Section        0  os_core.o(i.OS_SchedLockTimeMeasStop)
    i.OS_SemInit                             0x08001b0c   Section        0  os_sem.o(i.OS_SemInit)
    i.OS_StatTask                            0x08001b24   Section        0  os_stat.o(i.OS_StatTask)
    i.OS_StatTaskInit                        0x08001d2c   Section        0  os_stat.o(i.OS_StatTaskInit)
    i.OS_TaskBlock                           0x08001dec   Section        0  os_core.o(i.OS_TaskBlock)
    i.OS_TaskChangePrio                      0x08001e1c   Section        0  os_task.o(i.OS_TaskChangePrio)
    i.OS_TaskDbgListAdd                      0x08001edc   Section        0  os_task.o(i.OS_TaskDbgListAdd)
    i.OS_TaskDbgListRemove                   0x08001f00   Section        0  os_task.o(i.OS_TaskDbgListRemove)
    i.OS_TaskInit                            0x08001f40   Section        0  os_task.o(i.OS_TaskInit)
    i.OS_TaskInitTCB                         0x08001f60   Section        0  os_task.o(i.OS_TaskInitTCB)
    i.OS_TaskReturn                          0x08002008   Section        0  os_task.o(i.OS_TaskReturn)
    i.OS_TaskSemPost                         0x08002020   Section        0  os_task.o(i.OS_TaskSemPost)
    i.OS_TickListInsert                      0x080020d8   Section        0  os_tick.o(i.OS_TickListInsert)
    i.OS_TickListInsertDly                   0x08002150   Section        0  os_tick.o(i.OS_TickListInsertDly)
    i.OS_TickListRemove                      0x080021dc   Section        0  os_tick.o(i.OS_TickListRemove)
    i.OS_TickListResetPeak                   0x0800222e   Section        0  os_tick.o(i.OS_TickListResetPeak)
    i.OS_TickListUpdateDly                   0x08002230   Section        0  os_tick.o(i.OS_TickListUpdateDly)
    OS_TickListUpdateDly                     0x08002231   Thumb Code   116  os_tick.o(i.OS_TickListUpdateDly)
    i.OS_TickListUpdateTimeout               0x080022a8   Section        0  os_tick.o(i.OS_TickListUpdateTimeout)
    OS_TickListUpdateTimeout                 0x080022a9   Thumb Code   224  os_tick.o(i.OS_TickListUpdateTimeout)
    i.OS_TickTask                            0x0800238c   Section        0  os_tick.o(i.OS_TickTask)
    i.OS_TickTaskInit                        0x080023d4   Section        0  os_tick.o(i.OS_TickTaskInit)
    i.OS_TmrInit                             0x0800248c   Section        0  os_tmr.o(i.OS_TmrInit)
    i.OS_TmrLock                             0x080025ac   Section        0  os_tmr.o(i.OS_TmrLock)
    OS_TmrLock                               0x080025ad   Thumb Code    20  os_tmr.o(i.OS_TmrLock)
    i.OS_TmrResetPeak                        0x080025c4   Section        0  os_tmr.o(i.OS_TmrResetPeak)
    i.OS_TmrTask                             0x080025c8   Section        0  os_tmr.o(i.OS_TmrTask)
    i.OS_TmrUnlink                           0x08002654   Section        0  os_tmr.o(i.OS_TmrUnlink)
    i.OS_TmrUnlock                           0x08002690   Section        0  os_tmr.o(i.OS_TmrUnlock)
    OS_TmrUnlock                             0x08002691   Thumb Code    14  os_tmr.o(i.OS_TmrUnlock)
    i.RCC_AHB1PeriphClockCmd                 0x080026a4   Section        0  stm32f4xx_rcc.o(i.RCC_AHB1PeriphClockCmd)
    i.RCC_GetClocksFreq                      0x080026c0   Section        0  stm32f4xx_rcc.o(i.RCC_GetClocksFreq)
    i.SVC_Handler                            0x08002764   Section        0  stm32f4xx_it.o(i.SVC_Handler)
    i.SetSysClock                            0x08002768   Section        0  system_stm32f4xx.o(i.SetSysClock)
    SetSysClock                              0x08002769   Thumb Code   164  system_stm32f4xx.o(i.SetSysClock)
    i.SystemInit                             0x0800281c   Section        0  system_stm32f4xx.o(i.SystemInit)
    i.UsageFault_Handler                     0x08002878   Section        0  stm32f4xx_it.o(i.UsageFault_Handler)
    i.__scatterload_copy                     0x0800287a   Section       14  handlers.o(i.__scatterload_copy)
    i.__scatterload_null                     0x08002888   Section        2  handlers.o(i.__scatterload_null)
    i.__scatterload_zeroinit                 0x0800288a   Section       14  handlers.o(i.__scatterload_zeroinit)
    i.init_task                              0x08002898   Section        0  main.o(i.init_task)
    i.main                                   0x0800291c   Section        0  main.o(i.main)
    .constdata                               0x08002984   Section        4  os_cfg_app.o(.constdata)
    .constdata                               0x08002988   Section        4  os_cfg_app.o(.constdata)
    .constdata                               0x0800298c   Section        4  os_cfg_app.o(.constdata)
    .constdata                               0x08002990   Section        4  os_cfg_app.o(.constdata)
    .constdata                               0x08002994   Section        4  os_cfg_app.o(.constdata)
    .constdata                               0x08002998   Section        2  os_cfg_app.o(.constdata)
    .constdata                               0x0800299c   Section        4  os_cfg_app.o(.constdata)
    .constdata                               0x080029a0   Section        1  os_cfg_app.o(.constdata)
    .constdata                               0x080029a4   Section        4  os_cfg_app.o(.constdata)
    .constdata                               0x080029a8   Section        4  os_cfg_app.o(.constdata)
    .constdata                               0x080029ac   Section        4  os_cfg_app.o(.constdata)
    .constdata                               0x080029b0   Section        4  os_cfg_app.o(.constdata)
    .constdata                               0x080029b4   Section        4  os_cfg_app.o(.constdata)
    .constdata                               0x080029b8   Section        4  os_cfg_app.o(.constdata)
    .constdata                               0x080029bc   Section        1  os_cfg_app.o(.constdata)
    .constdata                               0x080029c0   Section        4  os_cfg_app.o(.constdata)
    .constdata                               0x080029c4   Section        4  os_cfg_app.o(.constdata)
    .constdata                               0x080029c8   Section        4  os_cfg_app.o(.constdata)
    .constdata                               0x080029cc   Section        1  os_cfg_app.o(.constdata)
    .constdata                               0x080029d0   Section        4  os_cfg_app.o(.constdata)
    .constdata                               0x080029d4   Section        4  os_cfg_app.o(.constdata)
    .constdata                               0x080029d8   Section        4  os_cfg_app.o(.constdata)
    .constdata                               0x080029dc   Section        4  os_cfg_app.o(.constdata)
    .data                                    0x20000000   Section       16  stm32f4xx_rcc.o(.data)
    APBAHBPrescTable                         0x20000000   Data          16  stm32f4xx_rcc.o(.data)
    .data                                    0x20000010   Section        4  cpu_core.o(.data)
    .data                                    0x20000014   Section        8  os_prio.o(.data)
    .data                                    0x2000001c   Section        4  os_var.o(.data)
    .data                                    0x20000020   Section        4  os_var.o(.data)
    .data                                    0x20000024   Section        4  os_var.o(.data)
    .data                                    0x20000028   Section        4  os_var.o(.data)
    .data                                    0x2000002c   Section        4  os_var.o(.data)
    .data                                    0x20000030   Section        4  os_var.o(.data)
    .data                                    0x20000034   Section        4  os_var.o(.data)
    .data                                    0x20000038   Section        4  os_var.o(.data)
    .data                                    0x2000003c   Section        1  os_var.o(.data)
    .data                                    0x2000003d   Section        1  os_var.o(.data)
    .data                                    0x20000040   Section        4  os_var.o(.data)
    .data                                    0x20000044   Section        2  os_var.o(.data)
    .data                                    0x20000048   Section        4  os_var.o(.data)
    .data                                    0x2000004c   Section        2  os_var.o(.data)
    .data                                    0x20000050   Section        4  os_var.o(.data)
    .data                                    0x20000054   Section        2  os_var.o(.data)
    .data                                    0x20000056   Section        1  os_var.o(.data)
    .data                                    0x20000057   Section        1  os_var.o(.data)
    .data                                    0x20000058   Section        1  os_var.o(.data)
    .data                                    0x2000005c   Section        4  os_var.o(.data)
    .data                                    0x20000060   Section        2  os_var.o(.data)
    .data                                    0x20000064   Section        4  os_var.o(.data)
    .data                                    0x20000068   Section        4  os_var.o(.data)
    .data                                    0x2000006c   Section        4  os_var.o(.data)
    .data                                    0x20000070   Section        1  os_var.o(.data)
    .data                                    0x20000074   Section        4  os_var.o(.data)
    .data                                    0x20000078   Section        2  os_var.o(.data)
    .data                                    0x2000007a   Section        1  os_var.o(.data)
    .data                                    0x2000007c   Section        2  os_var.o(.data)
    .data                                    0x2000007e   Section        2  os_var.o(.data)
    .data                                    0x20000080   Section        4  os_var.o(.data)
    .data                                    0x20000084   Section        4  os_var.o(.data)
    .data                                    0x20000088   Section        4  os_var.o(.data)
    .data                                    0x2000008c   Section        1  os_var.o(.data)
    .data                                    0x20000090   Section        4  os_var.o(.data)
    .data                                    0x20000094   Section        4  os_var.o(.data)
    .data                                    0x20000098   Section        4  os_var.o(.data)
    .data                                    0x2000009c   Section        2  os_var.o(.data)
    .data                                    0x2000009e   Section        1  os_var.o(.data)
    .data                                    0x200000a0   Section        4  os_var.o(.data)
    .data                                    0x200000a4   Section        4  os_var.o(.data)
    .data                                    0x200000a8   Section        8  os_var.o(.data)
    .data                                    0x200000b0   Section        8  os_var.o(.data)
    .data                                    0x200000b8   Section        4  os_var.o(.data)
    .data                                    0x200000bc   Section        2  os_var.o(.data)
    .data                                    0x200000c0   Section        4  os_var.o(.data)
    .data                                    0x200000c4   Section        4  os_var.o(.data)
    .data                                    0x200000c8   Section        4  os_var.o(.data)
    .data                                    0x200000cc   Section        4  os_var.o(.data)
    .data                                    0x200000d0   Section        4  os_var.o(.data)
    .data                                    0x200000d4   Section        4  os_var.o(.data)
    .data                                    0x200000d8   Section        4  os_var.o(.data)
    .data                                    0x200000dc   Section        4  os_cpu_c.o(.data)
    .bss                                     0x200000e0   Section     1408  main.o(.bss)
    .bss                                     0x20000660   Section       16  cpu_core.o(.bss)
    .bss                                     0x20000670   Section      256  os_cfg_app.o(.bss)
    .bss                                     0x20000770   Section      400  os_cfg_app.o(.bss)
    .bss                                     0x20000900   Section     1600  os_cfg_app.o(.bss)
    .bss                                     0x20000f40   Section      400  os_cfg_app.o(.bss)
    .bss                                     0x200010d0   Section      400  os_cfg_app.o(.bss)
    .bss                                     0x20001260   Section      400  os_cfg_app.o(.bss)
    .bss                                     0x200013f0   Section      192  os_var.o(.bss)
    .bss                                     0x200014b0   Section       12  os_var.o(.bss)
    .bss                                     0x200014bc   Section      768  os_var.o(.bss)
    .bss                                     0x200017bc   Section      192  os_var.o(.bss)
    .bss                                     0x2000187c   Section      192  os_var.o(.bss)
    .bss                                     0x2000193c   Section       48  os_var.o(.bss)
    .bss                                     0x2000196c   Section      192  os_var.o(.bss)
    STACK                                    0x20001a30   Section     2048  startup_stm32f40xx.o(STACK)

    Global Symbols

    Symbol Name                              Value     Ov Type        Size  Object(Section)

    BuildAttributes$$THM_ISAv4$E$P$D$K$B$S$7EM$VFPi3$EXTD16$VFPS$VFMA$PE$A:L22UL41UL21$X:L11$S22US41US21$IEEE1$IW$USESV6$~STKCKD$USESV7$~SHL$OSPACE$EBA8$MICROLIB$REQ8$PRES8$EABIv2 0x00000000   Number         0  anon$$obj.o ABSOLUTE
    __ARM_use_no_argv                        0x00000000   Number         0  main.o ABSOLUTE
    __cpp_initialize__aeabi_                  - Undefined Weak Reference
    __cxa_finalize                            - Undefined Weak Reference
    __decompress                              - Undefined Weak Reference
    _clock_init                               - Undefined Weak Reference
    _microlib_exit                            - Undefined Weak Reference
    __Vectors_Size                           0x00000188   Number         0  startup_stm32f40xx.o ABSOLUTE
    __Vectors                                0x08000000   Data           4  startup_stm32f40xx.o(RESET)
    __Vectors_End                            0x08000188   Data           0  startup_stm32f40xx.o(RESET)
    __main                                   0x08000189   Thumb Code     0  entry.o(.ARM.Collect$$$$00000000)
    _main_stk                                0x08000189   Thumb Code     0  entry2.o(.ARM.Collect$$$$00000001)
    _main_scatterload                        0x0800018d   Thumb Code     0  entry5.o(.ARM.Collect$$$$00000004)
    __main_after_scatterload                 0x08000191   Thumb Code     0  entry5.o(.ARM.Collect$$$$00000004)
    _main_clock                              0x08000191   Thumb Code     0  entry7b.o(.ARM.Collect$$$$00000008)
    _main_cpp_init                           0x08000191   Thumb Code     0  entry8b.o(.ARM.Collect$$$$0000000A)
    _main_init                               0x08000191   Thumb Code     0  entry9a.o(.ARM.Collect$$$$0000000B)
    __rt_final_cpp                           0x08000199   Thumb Code     0  entry10a.o(.ARM.Collect$$$$0000000D)
    __rt_final_exit                          0x08000199   Thumb Code     0  entry11a.o(.ARM.Collect$$$$0000000F)
    Reset_Handler                            0x0800019d   Thumb Code    40  startup_stm32f40xx.o(.text)
    ADC_IRQHandler                           0x080001d7   Thumb Code     0  startup_stm32f40xx.o(.text)
    CAN1_RX0_IRQHandler                      0x080001d7   Thumb Code     0  startup_stm32f40xx.o(.text)
    CAN1_RX1_IRQHandler                      0x080001d7   Thumb Code     0  startup_stm32f40xx.o(.text)
    CAN1_SCE_IRQHandler                      0x080001d7   Thumb Code     0  startup_stm32f40xx.o(.text)
    CAN1_TX_IRQHandler                       0x080001d7   Thumb Code     0  startup_stm32f40xx.o(.text)
    CAN2_RX0_IRQHandler                      0x080001d7   Thumb Code     0  startup_stm32f40xx.o(.text)
    CAN2_RX1_IRQHandler                      0x080001d7   Thumb Code     0  startup_stm32f40xx.o(.text)
    CAN2_SCE_IRQHandler                      0x080001d7   Thumb Code     0  startup_stm32f40xx.o(.text)
    CAN2_TX_IRQHandler                       0x080001d7   Thumb Code     0  startup_stm32f40xx.o(.text)
    CRYP_IRQHandler                          0x080001d7   Thumb Code     0  startup_stm32f40xx.o(.text)
    DCMI_IRQHandler                          0x080001d7   Thumb Code     0  startup_stm32f40xx.o(.text)
    DMA1_Stream0_IRQHandler                  0x080001d7   Thumb Code     0  startup_stm32f40xx.o(.text)
    DMA1_Stream1_IRQHandler                  0x080001d7   Thumb Code     0  startup_stm32f40xx.o(.text)
    DMA1_Stream2_IRQHandler                  0x080001d7   Thumb Code     0  startup_stm32f40xx.o(.text)
    DMA1_Stream3_IRQHandler                  0x080001d7   Thumb Code     0  startup_stm32f40xx.o(.text)
    DMA1_Stream4_IRQHandler                  0x080001d7   Thumb Code     0  startup_stm32f40xx.o(.text)
    DMA1_Stream5_IRQHandler                  0x080001d7   Thumb Code     0  startup_stm32f40xx.o(.text)
    DMA1_Stream6_IRQHandler                  0x080001d7   Thumb Code     0  startup_stm32f40xx.o(.text)
    DMA1_Stream7_IRQHandler                  0x080001d7   Thumb Code     0  startup_stm32f40xx.o(.text)
    DMA2_Stream0_IRQHandler                  0x080001d7   Thumb Code     0  startup_stm32f40xx.o(.text)
    DMA2_Stream1_IRQHandler                  0x080001d7   Thumb Code     0  startup_stm32f40xx.o(.text)
    DMA2_Stream2_IRQHandler                  0x080001d7   Thumb Code     0  startup_stm32f40xx.o(.text)
    DMA2_Stream3_IRQHandler                  0x080001d7   Thumb Code     0  startup_stm32f40xx.o(.text)
    DMA2_Stream4_IRQHandler                  0x080001d7   Thumb Code     0  startup_stm32f40xx.o(.text)
    DMA2_Stream5_IRQHandler                  0x080001d7   Thumb Code     0  startup_stm32f40xx.o(.text)
    DMA2_Stream6_IRQHandler                  0x080001d7   Thumb Code     0  startup_stm32f40xx.o(.text)
    DMA2_Stream7_IRQHandler                  0x080001d7   Thumb Code     0  startup_stm32f40xx.o(.text)
    ETH_IRQHandler                           0x080001d7   Thumb Code     0  startup_stm32f40xx.o(.text)
    ETH_WKUP_IRQHandler                      0x080001d7   Thumb Code     0  startup_stm32f40xx.o(.text)
    EXTI0_IRQHandler                         0x080001d7   Thumb Code     0  startup_stm32f40xx.o(.text)
    EXTI15_10_IRQHandler                     0x080001d7   Thumb Code     0  startup_stm32f40xx.o(.text)
    EXTI1_IRQHandler                         0x080001d7   Thumb Code     0  startup_stm32f40xx.o(.text)
    EXTI2_IRQHandler                         0x080001d7   Thumb Code     0  startup_stm32f40xx.o(.text)
    EXTI3_IRQHandler                         0x080001d7   Thumb Code     0  startup_stm32f40xx.o(.text)
    EXTI4_IRQHandler                         0x080001d7   Thumb Code     0  startup_stm32f40xx.o(.text)
    EXTI9_5_IRQHandler                       0x080001d7   Thumb Code     0  startup_stm32f40xx.o(.text)
    FLASH_IRQHandler                         0x080001d7   Thumb Code     0  startup_stm32f40xx.o(.text)
    FPU_IRQHandler                           0x080001d7   Thumb Code     0  startup_stm32f40xx.o(.text)
    FSMC_IRQHandler                          0x080001d7   Thumb Code     0  startup_stm32f40xx.o(.text)
    HASH_RNG_IRQHandler                      0x080001d7   Thumb Code     0  startup_stm32f40xx.o(.text)
    I2C1_ER_IRQHandler                       0x080001d7   Thumb Code     0  startup_stm32f40xx.o(.text)
    I2C1_EV_IRQHandler                       0x080001d7   Thumb Code     0  startup_stm32f40xx.o(.text)
    I2C2_ER_IRQHandler                       0x080001d7   Thumb Code     0  startup_stm32f40xx.o(.text)
    I2C2_EV_IRQHandler                       0x080001d7   Thumb Code     0  startup_stm32f40xx.o(.text)
    I2C3_ER_IRQHandler                       0x080001d7   Thumb Code     0  startup_stm32f40xx.o(.text)
    I2C3_EV_IRQHandler                       0x080001d7   Thumb Code     0  startup_stm32f40xx.o(.text)
    OTG_FS_IRQHandler                        0x080001d7   Thumb Code     0  startup_stm32f40xx.o(.text)
    OTG_FS_WKUP_IRQHandler                   0x080001d7   Thumb Code     0  startup_stm32f40xx.o(.text)
    OTG_HS_EP1_IN_IRQHandler                 0x080001d7   Thumb Code     0  startup_stm32f40xx.o(.text)
    OTG_HS_EP1_OUT_IRQHandler                0x080001d7   Thumb Code     0  startup_stm32f40xx.o(.text)
    OTG_HS_IRQHandler                        0x080001d7   Thumb Code     0  startup_stm32f40xx.o(.text)
    OTG_HS_WKUP_IRQHandler                   0x080001d7   Thumb Code     0  startup_stm32f40xx.o(.text)
    PVD_IRQHandler                           0x080001d7   Thumb Code     0  startup_stm32f40xx.o(.text)
    RCC_IRQHandler                           0x080001d7   Thumb Code     0  startup_stm32f40xx.o(.text)
    RTC_Alarm_IRQHandler                     0x080001d7   Thumb Code     0  startup_stm32f40xx.o(.text)
    RTC_WKUP_IRQHandler                      0x080001d7   Thumb Code     0  startup_stm32f40xx.o(.text)
    SDIO_IRQHandler                          0x080001d7   Thumb Code     0  startup_stm32f40xx.o(.text)
    SPI1_IRQHandler                          0x080001d7   Thumb Code     0  startup_stm32f40xx.o(.text)
    SPI2_IRQHandler                          0x080001d7   Thumb Code     0  startup_stm32f40xx.o(.text)
    SPI3_IRQHandler                          0x080001d7   Thumb Code     0  startup_stm32f40xx.o(.text)
    TAMP_STAMP_IRQHandler                    0x080001d7   Thumb Code     0  startup_stm32f40xx.o(.text)
    TIM1_BRK_TIM9_IRQHandler                 0x080001d7   Thumb Code     0  startup_stm32f40xx.o(.text)
    TIM1_CC_IRQHandler                       0x080001d7   Thumb Code     0  startup_stm32f40xx.o(.text)
    TIM1_TRG_COM_TIM11_IRQHandler            0x080001d7   Thumb Code     0  startup_stm32f40xx.o(.text)
    TIM1_UP_TIM10_IRQHandler                 0x080001d7   Thumb Code     0  startup_stm32f40xx.o(.text)
    TIM2_IRQHandler                          0x080001d7   Thumb Code     0  startup_stm32f40xx.o(.text)
    TIM3_IRQHandler                          0x080001d7   Thumb Code     0  startup_stm32f40xx.o(.text)
    TIM4_IRQHandler                          0x080001d7   Thumb Code     0  startup_stm32f40xx.o(.text)
    TIM5_IRQHandler                          0x080001d7   Thumb Code     0  startup_stm32f40xx.o(.text)
    TIM6_DAC_IRQHandler                      0x080001d7   Thumb Code     0  startup_stm32f40xx.o(.text)
    TIM7_IRQHandler                          0x080001d7   Thumb Code     0  startup_stm32f40xx.o(.text)
    TIM8_BRK_TIM12_IRQHandler                0x080001d7   Thumb Code     0  startup_stm32f40xx.o(.text)
    TIM8_CC_IRQHandler                       0x080001d7   Thumb Code     0  startup_stm32f40xx.o(.text)
    TIM8_TRG_COM_TIM14_IRQHandler            0x080001d7   Thumb Code     0  startup_stm32f40xx.o(.text)
    TIM8_UP_TIM13_IRQHandler                 0x080001d7   Thumb Code     0  startup_stm32f40xx.o(.text)
    UART4_IRQHandler                         0x080001d7   Thumb Code     0  startup_stm32f40xx.o(.text)
    UART5_IRQHandler                         0x080001d7   Thumb Code     0  startup_stm32f40xx.o(.text)
    USART1_IRQHandler                        0x080001d7   Thumb Code     0  startup_stm32f40xx.o(.text)
    USART2_IRQHandler                        0x080001d7   Thumb Code     0  startup_stm32f40xx.o(.text)
    USART3_IRQHandler                        0x080001d7   Thumb Code     0  startup_stm32f40xx.o(.text)
    USART6_IRQHandler                        0x080001d7   Thumb Code     0  startup_stm32f40xx.o(.text)
    WWDG_IRQHandler                          0x080001d7   Thumb Code     0  startup_stm32f40xx.o(.text)
    CPU_IntDis                               0x080001e9   Thumb Code     0  cpu_a.o(.text)
    CPU_IntEn                                0x080001ed   Thumb Code     0  cpu_a.o(.text)
    CPU_SR_Save                              0x080001f1   Thumb Code     0  cpu_a.o(.text)
    CPU_SR_Restore                           0x080001f9   Thumb Code     0  cpu_a.o(.text)
    CPU_WaitForInt                           0x080001ff   Thumb Code     0  cpu_a.o(.text)
    CPU_WaitForExcept                        0x08000203   Thumb Code     0  cpu_a.o(.text)
    CPU_CntLeadZeros                         0x08000207   Thumb Code     0  cpu_a.o(.text)
    CPU_CntTrailZeros                        0x0800020d   Thumb Code     0  cpu_a.o(.text)
    CPU_RevBits                              0x08000217   Thumb Code     0  cpu_a.o(.text)
    __scatterload                            0x0800021d   Thumb Code    28  init.o(.text)
    __scatterload_rt2                        0x0800021d   Thumb Code     0  init.o(.text)
    OS_CPU_FP_Reg_Push                       0x08000241   Thumb Code     0  os_cpu_a.o(CODE)
    OS_CPU_FP_Reg_Pop                        0x0800025b   Thumb Code     0  os_cpu_a.o(CODE)
    OSStartHighRdy                           0x0800026d   Thumb Code     0  os_cpu_a.o(CODE)
    OSCtxSw                                  0x080002dd   Thumb Code     0  os_cpu_a.o(CODE)
    OSIntCtxSw                               0x080002e7   Thumb Code     0  os_cpu_a.o(CODE)
    OS_CPU_PendSVHandler                     0x080002f1   Thumb Code     0  os_cpu_a.o(CODE)
    BSP_CPU_ClkFreq                          0x0800034d   Thumb Code    14  bsp.o(i.BSP_CPU_ClkFreq)
    BSP_Tick_Init                            0x0800035d   Thumb Code    22  bsp.o(i.BSP_Tick_Init)
    BusFault_Handler                         0x08000379   Thumb Code     2  stm32f4xx_it.o(i.BusFault_Handler)
    CPU_Init                                 0x0800037b   Thumb Code    14  cpu_core.o(i.CPU_Init)
    CPU_NameClr                              0x08000389   Thumb Code    26  cpu_core.o(i.CPU_NameClr)
    CPU_TS_TmrFreqSet                        0x080003bd   Thumb Code     6  cpu_core.o(i.CPU_TS_TmrFreqSet)
    CPU_TS_TmrInit                           0x080003c9   Thumb Code    38  bsp.o(i.CPU_TS_TmrInit)
    CPU_TS_TmrRd                             0x080003f9   Thumb Code     6  bsp.o(i.CPU_TS_TmrRd)
    DebugMon_Handler                         0x08000405   Thumb Code     2  stm32f4xx_it.o(i.DebugMon_Handler)
    GPIO_Init                                0x08000407   Thumb Code   124  stm32f4xx_gpio.o(i.GPIO_Init)
    HardFault_Handler                        0x08000483   Thumb Code     2  stm32f4xx_it.o(i.HardFault_Handler)
    LED_task                                 0x08000485   Thumb Code    28  main.o(i.LED_task)
    MemManage_Handler                        0x080004a5   Thumb Code     2  stm32f4xx_it.o(i.MemManage_Handler)
    Mem_Clr                                  0x080004a7   Thumb Code     8  lib_mem.o(i.Mem_Clr)
    Mem_Set                                  0x080004af   Thumb Code    62  lib_mem.o(i.Mem_Set)
    NMI_Handler                              0x080004ed   Thumb Code     2  stm32f4xx_it.o(i.NMI_Handler)
    OSCfg_Init                               0x080004ef   Thumb Code     2  os_cfg_app.o(i.OSCfg_Init)
    OSIdleTaskHook                           0x080004f1   Thumb Code    12  os_cpu_c.o(i.OSIdleTaskHook)
    OSInit                                   0x08000501   Thumb Code   264  os_core.o(i.OSInit)
    OSInitHook                               0x0800065d   Thumb Code    22  os_cpu_c.o(i.OSInitHook)
    OSIntExit                                0x08000681   Thumb Code   138  os_core.o(i.OSIntExit)
    OSMutexCreate                            0x0800072d   Thumb Code    80  os_mutex.o(i.OSMutexCreate)
    OSMutexPend                              0x08000785   Thumb Code   330  os_mutex.o(i.OSMutexPend)
    OSMutexPost                              0x080008dd   Thumb Code   306  os_mutex.o(i.OSMutexPost)
    OSSched                                  0x08000a1d   Thumb Code    96  os_core.o(i.OSSched)
    OSSchedLock                              0x08000a99   Thumb Code    64  os_core.o(i.OSSchedLock)
    OSSchedUnlock                            0x08000ae1   Thumb Code    84  os_core.o(i.OSSchedUnlock)
    OSStart                                  0x08000b3d   Thumb Code    66  os_core.o(i.OSStart)
    OSStatReset                              0x08000b99   Thumb Code   152  os_stat.o(i.OSStatReset)
    OSStatTaskHook                           0x08000c51   Thumb Code    12  os_cpu_c.o(i.OSStatTaskHook)
    OSTaskCreate                             0x08000c61   Thumb Code   326  os_task.o(i.OSTaskCreate)
    OSTaskCreateHook                         0x08000db9   Thumb Code    12  os_cpu_c.o(i.OSTaskCreateHook)
    OSTaskDel                                0x08000dc9   Thumb Code   284  os_task.o(i.OSTaskDel)
    OSTaskDelHook                            0x08000ef1   Thumb Code    12  os_cpu_c.o(i.OSTaskDelHook)
    OSTaskReturnHook                         0x08000f01   Thumb Code    12  os_cpu_c.o(i.OSTaskReturnHook)
    OSTaskSemPend                            0x08000f11   Thumb Code   288  os_task.o(i.OSTaskSemPend)
    OSTaskSemPost                            0x08001039   Thumb Code    48  os_task.o(i.OSTaskSemPost)
    OSTaskStkChk                             0x08001069   Thumb Code   144  os_task.o(i.OSTaskStkChk)
    OSTaskStkInit                            0x080010fd   Thumb Code   258  os_cpu_c.o(i.OSTaskStkInit)
    OSTaskSwHook                             0x0800126d   Thumb Code   100  os_cpu_c.o(i.OSTaskSwHook)
    OSTimeDly                                0x080012e1   Thumb Code   116  os_time.o(i.OSTimeDly)
    OSTimeTick                               0x0800135d   Thumb Code    46  os_time.o(i.OSTimeTick)
    OSTimeTickHook                           0x0800139d   Thumb Code    12  os_cpu_c.o(i.OSTimeTickHook)
    OS_CPU_SysTickHandler                    0x080013ad   Thumb Code    30  os_cpu_c.o(i.OS_CPU_SysTickHandler)
    OS_CPU_SysTickInit                       0x080013d1   Thumb Code    36  os_cpu_c.o(i.OS_CPU_SysTickInit)
    OS_Dbg_Init                              0x080013f9   Thumb Code     2  os_dbg.o(i.OS_Dbg_Init)
    OS_FlagInit                              0x080013fd   Thumb Code    14  os_flag.o(i.OS_FlagInit)
    OS_IdleTask                              0x08001415   Thumb Code    30  os_core.o(i.OS_IdleTask)
    OS_IdleTaskInit                          0x0800143d   Thumb Code    60  os_core.o(i.OS_IdleTaskInit)
    OS_MemInit                               0x080014a5   Thumb Code    14  os_mem.o(i.OS_MemInit)
    OS_MsgPoolInit                           0x080014bd   Thumb Code    96  os_msg.o(i.OS_MsgPoolInit)
    OS_MsgQFreeAll                           0x08001529   Thumb Code    50  os_msg.o(i.OS_MsgQFreeAll)
    OS_MsgQInit                              0x08001561   Thumb Code    14  os_msg.o(i.OS_MsgQInit)
    OS_MutexDbgListAdd                       0x08001571   Thumb Code    28  os_mutex.o(i.OS_MutexDbgListAdd)
    OS_MutexGrpAdd                           0x08001595   Thumb Code     8  os_mutex.o(i.OS_MutexGrpAdd)
    OS_MutexGrpPostAll                       0x0800159d   Thumb Code    86  os_mutex.o(i.OS_MutexGrpPostAll)
    OS_MutexGrpPrioFindHighest               0x080015f3   Thumb Code    34  os_mutex.o(i.OS_MutexGrpPrioFindHighest)
    OS_MutexGrpRemove                        0x08001615   Thumb Code    22  os_mutex.o(i.OS_MutexGrpRemove)
    OS_MutexInit                             0x0800162d   Thumb Code    14  os_mutex.o(i.OS_MutexInit)
    OS_Pend                                  0x08001645   Thumb Code    76  os_core.o(i.OS_Pend)
    OS_PendDataInit                          0x08001695   Thumb Code    40  os_core.o(i.OS_PendDataInit)
    OS_PendDbgNameAdd                        0x080016bd   Thumb Code    60  os_core.o(i.OS_PendDbgNameAdd)
    OS_PendDbgNameRemove                     0x08001711   Thumb Code    30  os_core.o(i.OS_PendDbgNameRemove)
    OS_PendListChangePrio                    0x08001735   Thumb Code    48  os_core.o(i.OS_PendListChangePrio)
    OS_PendListInit                          0x08001765   Thumb Code    10  os_core.o(i.OS_PendListInit)
    OS_PendListInsertPrio                    0x0800176f   Thumb Code    92  os_core.o(i.OS_PendListInsertPrio)
    OS_PendListRemove                        0x080017cb   Thumb Code    42  os_core.o(i.OS_PendListRemove)
    OS_PendListRemove1                       0x080017f5   Thumb Code    54  os_core.o(i.OS_PendListRemove1)
    OS_Post                                  0x0800182b   Thumb Code   178  os_core.o(i.OS_Post)
    OS_Post1                                 0x080018dd   Thumb Code    40  os_core.o(i.OS_Post1)
    OS_PrioGetHighest                        0x08001905   Thumb Code    32  os_prio.o(i.OS_PrioGetHighest)
    OS_PrioInit                              0x08001929   Thumb Code    18  os_prio.o(i.OS_PrioInit)
    OS_PrioInsert                            0x08001941   Thumb Code    28  os_prio.o(i.OS_PrioInsert)
    OS_PrioRemove                            0x08001961   Thumb Code    28  os_prio.o(i.OS_PrioRemove)
    OS_QInit                                 0x08001981   Thumb Code    14  os_q.o(i.OS_QInit)
    OS_RdyListInit                           0x08001999   Thumb Code    30  os_core.o(i.OS_RdyListInit)
    OS_RdyListInsert                         0x080019bd   Thumb Code    44  os_core.o(i.OS_RdyListInsert)
    OS_RdyListInsertHead                     0x080019ed   Thumb Code    54  os_core.o(i.OS_RdyListInsertHead)
    OS_RdyListInsertTail                     0x08001a29   Thumb Code    52  os_core.o(i.OS_RdyListInsertTail)
    OS_RdyListRemove                         0x08001a61   Thumb Code    80  os_core.o(i.OS_RdyListRemove)
    OS_SchedLockTimeMeasStart                0x08001ab5   Thumb Code    20  os_core.o(i.OS_SchedLockTimeMeasStart)
    OS_SchedLockTimeMeasStop                 0x08001ad1   Thumb Code    42  os_core.o(i.OS_SchedLockTimeMeasStop)
    OS_SemInit                               0x08001b0d   Thumb Code    14  os_sem.o(i.OS_SemInit)
    OS_StatTask                              0x08001b25   Thumb Code   458  os_stat.o(i.OS_StatTask)
    OS_StatTaskInit                          0x08001d2d   Thumb Code   124  os_stat.o(i.OS_StatTaskInit)
    OS_TaskBlock                             0x08001ded   Thumb Code    42  os_core.o(i.OS_TaskBlock)
    OS_TaskChangePrio                        0x08001e1d   Thumb Code   186  os_task.o(i.OS_TaskChangePrio)
    OS_TaskDbgListAdd                        0x08001edd   Thumb Code    32  os_task.o(i.OS_TaskDbgListAdd)
    OS_TaskDbgListRemove                     0x08001f01   Thumb Code    58  os_task.o(i.OS_TaskDbgListRemove)
    OS_TaskInit                              0x08001f41   Thumb Code    18  os_task.o(i.OS_TaskInit)
    OS_TaskInitTCB                           0x08001f61   Thumb Code   156  os_task.o(i.OS_TaskInitTCB)
    OS_TaskReturn                            0x08002009   Thumb Code    20  os_task.o(i.OS_TaskReturn)
    OS_TaskSemPost                           0x08002021   Thumb Code   180  os_task.o(i.OS_TaskSemPost)
    OS_TickListInsert                        0x080020d9   Thumb Code   120  os_tick.o(i.OS_TickListInsert)
    OS_TickListInsertDly                     0x08002151   Thumb Code   126  os_tick.o(i.OS_TickListInsertDly)
    OS_TickListRemove                        0x080021dd   Thumb Code    82  os_tick.o(i.OS_TickListRemove)
    OS_TickListResetPeak                     0x0800222f   Thumb Code     2  os_tick.o(i.OS_TickListResetPeak)
    OS_TickTask                              0x0800238d   Thumb Code    62  os_tick.o(i.OS_TickTask)
    OS_TickTaskInit                          0x080023d5   Thumb Code   124  os_tick.o(i.OS_TickTaskInit)
    OS_TmrInit                               0x0800248d   Thumb Code   180  os_tmr.o(i.OS_TmrInit)
    OS_TmrResetPeak                          0x080025c5   Thumb Code     2  os_tmr.o(i.OS_TmrResetPeak)
    OS_TmrTask                               0x080025c9   Thumb Code   128  os_tmr.o(i.OS_TmrTask)
    OS_TmrUnlink                             0x08002655   Thumb Code    50  os_tmr.o(i.OS_TmrUnlink)
    RCC_AHB1PeriphClockCmd                   0x080026a5   Thumb Code    22  stm32f4xx_rcc.o(i.RCC_AHB1PeriphClockCmd)
    RCC_GetClocksFreq                        0x080026c1   Thumb Code   148  stm32f4xx_rcc.o(i.RCC_GetClocksFreq)
    SVC_Handler                              0x08002765   Thumb Code     2  stm32f4xx_it.o(i.SVC_Handler)
    SystemInit                               0x0800281d   Thumb Code    74  system_stm32f4xx.o(i.SystemInit)
    UsageFault_Handler                       0x08002879   Thumb Code     2  stm32f4xx_it.o(i.UsageFault_Handler)
    __scatterload_copy                       0x0800287b   Thumb Code    14  handlers.o(i.__scatterload_copy)
    __scatterload_null                       0x08002889   Thumb Code     2  handlers.o(i.__scatterload_null)
    __scatterload_zeroinit                   0x0800288b   Thumb Code    14  handlers.o(i.__scatterload_zeroinit)
    init_task                                0x08002899   Thumb Code   104  main.o(i.init_task)
    main                                     0x0800291d   Thumb Code    78  main.o(i.main)
    OSCfg_IdleTaskStkBasePtr                 0x08002984   Data           4  os_cfg_app.o(.constdata)
    OSCfg_IdleTaskStkLimit                   0x08002988   Data           4  os_cfg_app.o(.constdata)
    OSCfg_IdleTaskStkSize                    0x0800298c   Data           4  os_cfg_app.o(.constdata)
    OSCfg_ISRStkBasePtr                      0x08002990   Data           4  os_cfg_app.o(.constdata)
    OSCfg_ISRStkSize                         0x08002994   Data           4  os_cfg_app.o(.constdata)
    OSCfg_MsgPoolSize                        0x08002998   Data           2  os_cfg_app.o(.constdata)
    OSCfg_MsgPoolBasePtr                     0x0800299c   Data           4  os_cfg_app.o(.constdata)
    OSCfg_StatTaskPrio                       0x080029a0   Data           1  os_cfg_app.o(.constdata)
    OSCfg_StatTaskRate_Hz                    0x080029a4   Data           4  os_cfg_app.o(.constdata)
    OSCfg_StatTaskStkBasePtr                 0x080029a8   Data           4  os_cfg_app.o(.constdata)
    OSCfg_StatTaskStkLimit                   0x080029ac   Data           4  os_cfg_app.o(.constdata)
    OSCfg_StatTaskStkSize                    0x080029b0   Data           4  os_cfg_app.o(.constdata)
    OSCfg_StkSizeMin                         0x080029b4   Data           4  os_cfg_app.o(.constdata)
    OSCfg_TickRate_Hz                        0x080029b8   Data           4  os_cfg_app.o(.constdata)
    OSCfg_TickTaskPrio                       0x080029bc   Data           1  os_cfg_app.o(.constdata)
    OSCfg_TickTaskStkBasePtr                 0x080029c0   Data           4  os_cfg_app.o(.constdata)
    OSCfg_TickTaskStkLimit                   0x080029c4   Data           4  os_cfg_app.o(.constdata)
    OSCfg_TickTaskStkSize                    0x080029c8   Data           4  os_cfg_app.o(.constdata)
    OSCfg_TmrTaskPrio                        0x080029cc   Data           1  os_cfg_app.o(.constdata)
    OSCfg_TmrTaskRate_Hz                     0x080029d0   Data           4  os_cfg_app.o(.constdata)
    OSCfg_TmrTaskStkBasePtr                  0x080029d4   Data           4  os_cfg_app.o(.constdata)
    OSCfg_TmrTaskStkLimit                    0x080029d8   Data           4  os_cfg_app.o(.constdata)
    OSCfg_TmrTaskStkSize                     0x080029dc   Data           4  os_cfg_app.o(.constdata)
    Region$$Table$$Base                      0x080029e0   Number         0  anon$$obj.o(Region$$Table)
    Region$$Table$$Limit                     0x08002a00   Number         0  anon$$obj.o(Region$$Table)
    CPU_TS_TmrFreq_Hz                        0x20000010   Data           4  cpu_core.o(.data)
    OSPrioTbl                                0x20000014   Data           8  os_prio.o(.data)
    OS_AppTaskCreateHookPtr                  0x2000001c   Data           4  os_var.o(.data)
    OS_AppTaskDelHookPtr                     0x20000020   Data           4  os_var.o(.data)
    OS_AppTaskReturnHookPtr                  0x20000024   Data           4  os_var.o(.data)
    OS_AppIdleTaskHookPtr                    0x20000028   Data           4  os_var.o(.data)
    OS_AppStatTaskHookPtr                    0x2000002c   Data           4  os_var.o(.data)
    OS_AppTaskSwHookPtr                      0x20000030   Data           4  os_var.o(.data)
    OS_AppTimeTickHookPtr                    0x20000034   Data           4  os_var.o(.data)
    OSIdleTaskCtr                            0x20000038   Data           4  os_var.o(.data)
    OSIntNestingCtr                          0x2000003c   Data           1  os_var.o(.data)
    OSRunning                                0x2000003d   Data           1  os_var.o(.data)
    OSFlagDbgListPtr                         0x20000040   Data           4  os_var.o(.data)
    OSFlagQty                                0x20000044   Data           2  os_var.o(.data)
    OSMemDbgListPtr                          0x20000048   Data           4  os_var.o(.data)
    OSMemQty                                 0x2000004c   Data           2  os_var.o(.data)
    OSMutexDbgListPtr                        0x20000050   Data           4  os_var.o(.data)
    OSMutexQty                               0x20000054   Data           2  os_var.o(.data)
    OSPrioCur                                0x20000056   Data           1  os_var.o(.data)
    OSPrioHighRdy                            0x20000057   Data           1  os_var.o(.data)
    OSPrioSaved                              0x20000058   Data           1  os_var.o(.data)
    OSQDbgListPtr                            0x2000005c   Data           4  os_var.o(.data)
    OSQQty                                   0x20000060   Data           2  os_var.o(.data)
    OSSchedLockTimeBegin                     0x20000064   Data           4  os_var.o(.data)
    OSSchedLockTimeMax                       0x20000068   Data           4  os_var.o(.data)
    OSSchedLockTimeMaxCur                    0x2000006c   Data           4  os_var.o(.data)
    OSSchedLockNestingCtr                    0x20000070   Data           1  os_var.o(.data)
    OSSemDbgListPtr                          0x20000074   Data           4  os_var.o(.data)
    OSSemQty                                 0x20000078   Data           2  os_var.o(.data)
    OSStatResetFlag                          0x2000007a   Data           1  os_var.o(.data)
    OSStatTaskCPUUsage                       0x2000007c   Data           2  os_var.o(.data)
    OSStatTaskCPUUsageMax                    0x2000007e   Data           2  os_var.o(.data)
    OSStatTaskCtr                            0x20000080   Data           4  os_var.o(.data)
    OSStatTaskCtrMax                         0x20000084   Data           4  os_var.o(.data)
    OSStatTaskCtrRun                         0x20000088   Data           4  os_var.o(.data)
    OSStatTaskRdy                            0x2000008c   Data           1  os_var.o(.data)
    OSStatTaskTimeMax                        0x20000090   Data           4  os_var.o(.data)
    OSTaskCtxSwCtr                           0x20000094   Data           4  os_var.o(.data)
    OSTaskDbgListPtr                         0x20000098   Data           4  os_var.o(.data)
    OSTaskQty                                0x2000009c   Data           2  os_var.o(.data)
    OSTaskRegNextAvailID                     0x2000009e   Data           1  os_var.o(.data)
    OSTickCtr                                0x200000a0   Data           4  os_var.o(.data)
    OSTickTaskTimeMax                        0x200000a4   Data           4  os_var.o(.data)
    OSTickListDly                            0x200000a8   Data           8  os_var.o(.data)
    OSTickListTimeout                        0x200000b0   Data           8  os_var.o(.data)
    OSTmrDbgListPtr                          0x200000b8   Data           4  os_var.o(.data)
    OSTmrListEntries                         0x200000bc   Data           2  os_var.o(.data)
    OSTmrListPtr                             0x200000c0   Data           4  os_var.o(.data)
    OSTmrTaskTimeMax                         0x200000c4   Data           4  os_var.o(.data)
    OSTmrTickCtr                             0x200000c8   Data           4  os_var.o(.data)
    OSTmrUpdateCnt                           0x200000cc   Data           4  os_var.o(.data)
    OSTmrUpdateCtr                           0x200000d0   Data           4  os_var.o(.data)
    OSTCBCurPtr                              0x200000d4   Data           4  os_var.o(.data)
    OSTCBHighRdyPtr                          0x200000d8   Data           4  os_var.o(.data)
    OS_CPU_ExceptStkBase                     0x200000dc   Data           4  os_cpu_c.o(.data)
    init_task_STK                            0x200000e0   Data         512  main.o(.bss)
    TCB_init_task                            0x200002e0   Data         192  main.o(.bss)
    LED_task_STK                             0x200003a0   Data         512  main.o(.bss)
    TCB_LED_task                             0x200005a0   Data         192  main.o(.bss)
    CPU_Name                                 0x20000660   Data          16  cpu_core.o(.bss)
    OSCfg_IdleTaskStk                        0x20000670   Data         256  os_cfg_app.o(.bss)
    OSCfg_ISRStk                             0x20000770   Data         400  os_cfg_app.o(.bss)
    OSCfg_MsgPool                            0x20000900   Data        1600  os_cfg_app.o(.bss)
    OSCfg_StatTaskStk                        0x20000f40   Data         400  os_cfg_app.o(.bss)
    OSCfg_TickTaskStk                        0x200010d0   Data         400  os_cfg_app.o(.bss)
    OSCfg_TmrTaskStk                         0x20001260   Data         400  os_cfg_app.o(.bss)
    OSIdleTaskTCB                            0x200013f0   Data         192  os_var.o(.bss)
    OSMsgPool                                0x200014b0   Data          12  os_var.o(.bss)
    OSRdyList                                0x200014bc   Data         768  os_var.o(.bss)
    OSStatTaskTCB                            0x200017bc   Data         192  os_var.o(.bss)
    OSTickTaskTCB                            0x2000187c   Data         192  os_var.o(.bss)
    OSTmrMutex                               0x2000193c   Data          48  os_var.o(.bss)
    OSTmrTaskTCB                             0x2000196c   Data         192  os_var.o(.bss)
    __initial_sp                             0x20002230   Data           0  startup_stm32f40xx.o(STACK)



==============================================================================

Memory Map of the image

  Image Entry point : 0x08000189

  Load Region LR_IROM1 (Base: 0x08000000, Size: 0x00002ae0, Max: 0x00040000, ABSOLUTE)

    Execution Region ER_IROM1 (Exec base: 0x08000000, Load base: 0x08000000, Size: 0x00002a00, Max: 0x00040000, ABSOLUTE)

    Exec Addr    Load Addr    Size         Type   Attr      Idx    E Section Name        Object

    0x08000000   0x08000000   0x00000188   Data   RO            3    RESET               startup_stm32f40xx.o
    0x08000188   0x08000188   0x00000000   Code   RO         6837  * .ARM.Collect$$$$00000000  mc_w.l(entry.o)
    0x08000188   0x08000188   0x00000004   Code   RO         6842    .ARM.Collect$$$$00000001  mc_w.l(entry2.o)
    0x0800018c   0x0800018c   0x00000004   Code   RO         6845    .ARM.Collect$$$$00000004  mc_w.l(entry5.o)
    0x08000190   0x08000190   0x00000000   Code   RO         6847    .ARM.Collect$$$$00000008  mc_w.l(entry7b.o)
    0x08000190   0x08000190   0x00000000   Code   RO         6849    .ARM.Collect$$$$0000000A  mc_w.l(entry8b.o)
    0x08000190   0x08000190   0x00000008   Code   RO         6850    .ARM.Collect$$$$0000000B  mc_w.l(entry9a.o)
    0x08000198   0x08000198   0x00000000   Code   RO         6852    .ARM.Collect$$$$0000000D  mc_w.l(entry10a.o)
    0x08000198   0x08000198   0x00000000   Code   RO         6854    .ARM.Collect$$$$0000000F  mc_w.l(entry11a.o)
    0x08000198   0x08000198   0x00000004   Code   RO         6843    .ARM.Collect$$$$00002712  mc_w.l(entry2.o)
    0x0800019c   0x0800019c   0x0000004c   Code   RO            4    .text               startup_stm32f40xx.o
    0x080001e8   0x080001e8   0x00000034   Code   RO         5034    .text               cpu_a.o
    0x0800021c   0x0800021c   0x00000024   Code   RO         6860    .text               mc_w.l(init.o)
    0x08000240   0x08000240   0x0000010c   Code   RO         6749    CODE                os_cpu_a.o
    0x0800034c   0x0800034c   0x0000000e   Code   RO         4826    i.BSP_CPU_ClkFreq   bsp.o
    0x0800035a   0x0800035a   0x00000002   PAD
    0x0800035c   0x0800035c   0x0000001c   Code   RO         4828    i.BSP_Tick_Init     bsp.o
    0x08000378   0x08000378   0x00000002   Code   RO         4561    i.BusFault_Handler  stm32f4xx_it.o
    0x0800037a   0x0800037a   0x0000000e   Code   RO         4915    i.CPU_Init          cpu_core.o
    0x08000388   0x08000388   0x00000020   Code   RO         4916    i.CPU_NameClr       cpu_core.o
    0x080003a8   0x080003a8   0x00000004   Code   RO         4918    i.CPU_NameInit      cpu_core.o
    0x080003ac   0x080003ac   0x00000010   Code   RO         4922    i.CPU_TS_Init       cpu_core.o
    0x080003bc   0x080003bc   0x0000000c   Code   RO         4924    i.CPU_TS_TmrFreqSet  cpu_core.o
    0x080003c8   0x080003c8   0x00000030   Code   RO         4830    i.CPU_TS_TmrInit    bsp.o
    0x080003f8   0x080003f8   0x0000000c   Code   RO         4831    i.CPU_TS_TmrRd      bsp.o
    0x08000404   0x08000404   0x00000002   Code   RO         4563    i.DebugMon_Handler  stm32f4xx_it.o
    0x08000406   0x08000406   0x0000007c   Code   RO         1713    i.GPIO_Init         stm32f4xx_gpio.o
    0x08000482   0x08000482   0x00000002   Code   RO         4564    i.HardFault_Handler  stm32f4xx_it.o
    0x08000484   0x08000484   0x00000020   Code   RO         4642    i.LED_task          main.o
    0x080004a4   0x080004a4   0x00000002   Code   RO         4565    i.MemManage_Handler  stm32f4xx_it.o
    0x080004a6   0x080004a6   0x00000008   Code   RO         5226    i.Mem_Clr           lib_mem.o
    0x080004ae   0x080004ae   0x0000003e   Code   RO         5253    i.Mem_Set           lib_mem.o
    0x080004ec   0x080004ec   0x00000002   Code   RO         4566    i.NMI_Handler       stm32f4xx_it.o
    0x080004ee   0x080004ee   0x00000002   Code   RO         5561    i.OSCfg_Init        os_cfg_app.o
    0x080004f0   0x080004f0   0x00000010   Code   RO         6752    i.OSIdleTaskHook    os_cpu_c.o
    0x08000500   0x08000500   0x0000015c   Code   RO         5625    i.OSInit            os_core.o
    0x0800065c   0x0800065c   0x00000024   Code   RO         6753    i.OSInitHook        os_cpu_c.o
    0x08000680   0x08000680   0x000000ac   Code   RO         5627    i.OSIntExit         os_core.o
    0x0800072c   0x0800072c   0x00000058   Code   RO         6020    i.OSMutexCreate     os_mutex.o
    0x08000784   0x08000784   0x00000158   Code   RO         6022    i.OSMutexPend       os_mutex.o
    0x080008dc   0x080008dc   0x00000140   Code   RO         6024    i.OSMutexPost       os_mutex.o
    0x08000a1c   0x08000a1c   0x0000007c   Code   RO         5628    i.OSSched           os_core.o
    0x08000a98   0x08000a98   0x00000048   Code   RO         5629    i.OSSchedLock       os_core.o
    0x08000ae0   0x08000ae0   0x0000005c   Code   RO         5630    i.OSSchedUnlock     os_core.o
    0x08000b3c   0x08000b3c   0x0000005c   Code   RO         5631    i.OSStart           os_core.o
    0x08000b98   0x08000b98   0x000000b8   Code   RO         6291    i.OSStatReset       os_stat.o
    0x08000c50   0x08000c50   0x00000010   Code   RO         6754    i.OSStatTaskHook    os_cpu_c.o
    0x08000c60   0x08000c60   0x00000158   Code   RO         6322    i.OSTaskCreate      os_task.o
    0x08000db8   0x08000db8   0x00000010   Code   RO         6755    i.OSTaskCreateHook  os_cpu_c.o
    0x08000dc8   0x08000dc8   0x00000128   Code   RO         6323    i.OSTaskDel         os_task.o
    0x08000ef0   0x08000ef0   0x00000010   Code   RO         6756    i.OSTaskDelHook     os_cpu_c.o
    0x08000f00   0x08000f00   0x00000010   Code   RO         6757    i.OSTaskReturnHook  os_cpu_c.o
    0x08000f10   0x08000f10   0x00000128   Code   RO         6332    i.OSTaskSemPend     os_task.o
    0x08001038   0x08001038   0x00000030   Code   RO         6334    i.OSTaskSemPost     os_task.o
    0x08001068   0x08001068   0x00000094   Code   RO         6336    i.OSTaskStkChk      os_task.o
    0x080010fc   0x080010fc   0x00000170   Code   RO         6758    i.OSTaskStkInit     os_cpu_c.o
    0x0800126c   0x0800126c   0x00000074   Code   RO         6759    i.OSTaskSwHook      os_cpu_c.o
    0x080012e0   0x080012e0   0x0000007c   Code   RO         6541    i.OSTimeDly         os_time.o
    0x0800135c   0x0800135c   0x00000040   Code   RO         6546    i.OSTimeTick        os_time.o
    0x0800139c   0x0800139c   0x00000010   Code   RO         6760    i.OSTimeTickHook    os_cpu_c.o
    0x080013ac   0x080013ac   0x00000024   Code   RO         6761    i.OS_CPU_SysTickHandler  os_cpu_c.o
    0x080013d0   0x080013d0   0x00000028   Code   RO         6762    i.OS_CPU_SysTickInit  os_cpu_c.o
    0x080013f8   0x080013f8   0x00000002   Code   RO         5841    i.OS_Dbg_Init       os_dbg.o
    0x080013fa   0x080013fa   0x00000002   PAD
    0x080013fc   0x080013fc   0x00000018   Code   RO         5868    i.OS_FlagInit       os_flag.o
    0x08001414   0x08001414   0x00000028   Code   RO         5633    i.OS_IdleTask       os_core.o
    0x0800143c   0x0800143c   0x00000068   Code   RO         5634    i.OS_IdleTaskInit   os_core.o
    0x080014a4   0x080014a4   0x00000018   Code   RO         5952    i.OS_MemInit        os_mem.o
    0x080014bc   0x080014bc   0x0000006c   Code   RO         5984    i.OS_MsgPoolInit    os_msg.o
    0x08001528   0x08001528   0x00000038   Code   RO         5985    i.OS_MsgQFreeAll    os_msg.o
    0x08001560   0x08001560   0x0000000e   Code   RO         5987    i.OS_MsgQInit       os_msg.o
    0x0800156e   0x0800156e   0x00000002   PAD
    0x08001570   0x08001570   0x00000024   Code   RO         6026    i.OS_MutexDbgListAdd  os_mutex.o
    0x08001594   0x08001594   0x00000008   Code   RO         6028    i.OS_MutexGrpAdd    os_mutex.o
    0x0800159c   0x0800159c   0x00000056   Code   RO         6029    i.OS_MutexGrpPostAll  os_mutex.o
    0x080015f2   0x080015f2   0x00000022   Code   RO         6030    i.OS_MutexGrpPrioFindHighest  os_mutex.o
    0x08001614   0x08001614   0x00000016   Code   RO         6031    i.OS_MutexGrpRemove  os_mutex.o
    0x0800162a   0x0800162a   0x00000002   PAD
    0x0800162c   0x0800162c   0x00000018   Code   RO         6032    i.OS_MutexInit      os_mutex.o
    0x08001644   0x08001644   0x00000050   Code   RO         5635    i.OS_Pend           os_core.o
    0x08001694   0x08001694   0x00000028   Code   RO         5638    i.OS_PendDataInit   os_core.o
    0x080016bc   0x080016bc   0x00000054   Code   RO         5639    i.OS_PendDbgNameAdd  os_core.o
    0x08001710   0x08001710   0x00000024   Code   RO         5640    i.OS_PendDbgNameRemove  os_core.o
    0x08001734   0x08001734   0x00000030   Code   RO         5641    i.OS_PendListChangePrio  os_core.o
    0x08001764   0x08001764   0x0000000a   Code   RO         5642    i.OS_PendListInit   os_core.o
    0x0800176e   0x0800176e   0x0000005c   Code   RO         5644    i.OS_PendListInsertPrio  os_core.o
    0x080017ca   0x080017ca   0x0000002a   Code   RO         5645    i.OS_PendListRemove  os_core.o
    0x080017f4   0x080017f4   0x00000036   Code   RO         5646    i.OS_PendListRemove1  os_core.o
    0x0800182a   0x0800182a   0x000000b2   Code   RO         5649    i.OS_Post           os_core.o
    0x080018dc   0x080018dc   0x00000028   Code   RO         5650    i.OS_Post1          os_core.o
    0x08001904   0x08001904   0x00000024   Code   RO         6110    i.OS_PrioGetHighest  os_prio.o
    0x08001928   0x08001928   0x00000018   Code   RO         6111    i.OS_PrioInit       os_prio.o
    0x08001940   0x08001940   0x00000020   Code   RO         6112    i.OS_PrioInsert     os_prio.o
    0x08001960   0x08001960   0x00000020   Code   RO         6113    i.OS_PrioRemove     os_prio.o
    0x08001980   0x08001980   0x00000018   Code   RO         6156    i.OS_QInit          os_q.o
    0x08001998   0x08001998   0x00000024   Code   RO         5651    i.OS_RdyListInit    os_core.o
    0x080019bc   0x080019bc   0x00000030   Code   RO         5652    i.OS_RdyListInsert  os_core.o
    0x080019ec   0x080019ec   0x0000003c   Code   RO         5653    i.OS_RdyListInsertHead  os_core.o
    0x08001a28   0x08001a28   0x00000038   Code   RO         5654    i.OS_RdyListInsertTail  os_core.o
    0x08001a60   0x08001a60   0x00000054   Code   RO         5656    i.OS_RdyListRemove  os_core.o
    0x08001ab4   0x08001ab4   0x0000001c   Code   RO         5657    i.OS_SchedLockTimeMeasStart  os_core.o
    0x08001ad0   0x08001ad0   0x0000003c   Code   RO         5658    i.OS_SchedLockTimeMeasStop  os_core.o
    0x08001b0c   0x08001b0c   0x00000018   Code   RO         6228    i.OS_SemInit        os_sem.o
    0x08001b24   0x08001b24   0x00000208   Code   RO         6293    i.OS_StatTask       os_stat.o
    0x08001d2c   0x08001d2c   0x000000c0   Code   RO         6294    i.OS_StatTaskInit   os_stat.o
    0x08001dec   0x08001dec   0x00000030   Code   RO         5659    i.OS_TaskBlock      os_core.o
    0x08001e1c   0x08001e1c   0x000000c0   Code   RO         6338    i.OS_TaskChangePrio  os_task.o
    0x08001edc   0x08001edc   0x00000024   Code   RO         6339    i.OS_TaskDbgListAdd  os_task.o
    0x08001f00   0x08001f00   0x00000040   Code   RO         6340    i.OS_TaskDbgListRemove  os_task.o
    0x08001f40   0x08001f40   0x00000020   Code   RO         6341    i.OS_TaskInit       os_task.o
    0x08001f60   0x08001f60   0x000000a8   Code   RO         6342    i.OS_TaskInitTCB    os_task.o
    0x08002008   0x08002008   0x00000018   Code   RO         6345    i.OS_TaskReturn     os_task.o
    0x08002020   0x08002020   0x000000b8   Code   RO         6346    i.OS_TaskSemPost    os_task.o
    0x080020d8   0x080020d8   0x00000078   Code   RO         6489    i.OS_TickListInsert  os_tick.o
    0x08002150   0x08002150   0x0000008c   Code   RO         6490    i.OS_TickListInsertDly  os_tick.o
    0x080021dc   0x080021dc   0x00000052   Code   RO         6491    i.OS_TickListRemove  os_tick.o
    0x0800222e   0x0800222e   0x00000002   Code   RO         6492    i.OS_TickListResetPeak  os_tick.o
    0x08002230   0x08002230   0x00000078   Code   RO         6493    i.OS_TickListUpdateDly  os_tick.o
    0x080022a8   0x080022a8   0x000000e4   Code   RO         6494    i.OS_TickListUpdateTimeout  os_tick.o
    0x0800238c   0x0800238c   0x00000048   Code   RO         6495    i.OS_TickTask       os_tick.o
    0x080023d4   0x080023d4   0x000000b8   Code   RO         6496    i.OS_TickTaskInit   os_tick.o
    0x0800248c   0x0800248c   0x00000120   Code   RO         6592    i.OS_TmrInit        os_tmr.o
    0x080025ac   0x080025ac   0x00000018   Code   RO         6593    i.OS_TmrLock        os_tmr.o
    0x080025c4   0x080025c4   0x00000002   Code   RO         6594    i.OS_TmrResetPeak   os_tmr.o
    0x080025c6   0x080025c6   0x00000002   PAD
    0x080025c8   0x080025c8   0x0000008c   Code   RO         6595    i.OS_TmrTask        os_tmr.o
    0x08002654   0x08002654   0x0000003c   Code   RO         6596    i.OS_TmrUnlink      os_tmr.o
    0x08002690   0x08002690   0x00000014   Code   RO         6597    i.OS_TmrUnlock      os_tmr.o
    0x080026a4   0x080026a4   0x0000001c   Code   RO         2432    i.RCC_AHB1PeriphClockCmd  stm32f4xx_rcc.o
    0x080026c0   0x080026c0   0x000000a4   Code   RO         2450    i.RCC_GetClocksFreq  stm32f4xx_rcc.o
    0x08002764   0x08002764   0x00000002   Code   RO         4568    i.SVC_Handler       stm32f4xx_it.o
    0x08002766   0x08002766   0x00000002   PAD
    0x08002768   0x08002768   0x000000b4   Code   RO           13    i.SetSysClock       system_stm32f4xx.o
    0x0800281c   0x0800281c   0x0000005c   Code   RO           15    i.SystemInit        system_stm32f4xx.o
    0x08002878   0x08002878   0x00000002   Code   RO         4570    i.UsageFault_Handler  stm32f4xx_it.o
    0x0800287a   0x0800287a   0x0000000e   Code   RO         6864    i.__scatterload_copy  mc_w.l(handlers.o)
    0x08002888   0x08002888   0x00000002   Code   RO         6865    i.__scatterload_null  mc_w.l(handlers.o)
    0x0800288a   0x0800288a   0x0000000e   Code   RO         6866    i.__scatterload_zeroinit  mc_w.l(handlers.o)
    0x08002898   0x08002898   0x00000084   Code   RO         4643    i.init_task         main.o
    0x0800291c   0x0800291c   0x00000068   Code   RO         4644    i.main              main.o
    0x08002984   0x08002984   0x00000004   Data   RO         5568    .constdata          os_cfg_app.o
    0x08002988   0x08002988   0x00000004   Data   RO         5569    .constdata          os_cfg_app.o
    0x0800298c   0x0800298c   0x00000004   Data   RO         5570    .constdata          os_cfg_app.o
    0x08002990   0x08002990   0x00000004   Data   RO         5579    .constdata          os_cfg_app.o
    0x08002994   0x08002994   0x00000004   Data   RO         5580    .constdata          os_cfg_app.o
    0x08002998   0x08002998   0x00000002   Data   RO         5582    .constdata          os_cfg_app.o
    0x0800299a   0x0800299a   0x00000002   PAD
    0x0800299c   0x0800299c   0x00000004   Data   RO         5584    .constdata          os_cfg_app.o
    0x080029a0   0x080029a0   0x00000001   Data   RO         5585    .constdata          os_cfg_app.o
    0x080029a1   0x080029a1   0x00000003   PAD
    0x080029a4   0x080029a4   0x00000004   Data   RO         5586    .constdata          os_cfg_app.o
    0x080029a8   0x080029a8   0x00000004   Data   RO         5587    .constdata          os_cfg_app.o
    0x080029ac   0x080029ac   0x00000004   Data   RO         5588    .constdata          os_cfg_app.o
    0x080029b0   0x080029b0   0x00000004   Data   RO         5589    .constdata          os_cfg_app.o
    0x080029b4   0x080029b4   0x00000004   Data   RO         5591    .constdata          os_cfg_app.o
    0x080029b8   0x080029b8   0x00000004   Data   RO         5592    .constdata          os_cfg_app.o
    0x080029bc   0x080029bc   0x00000001   Data   RO         5593    .constdata          os_cfg_app.o
    0x080029bd   0x080029bd   0x00000003   PAD
    0x080029c0   0x080029c0   0x00000004   Data   RO         5594    .constdata          os_cfg_app.o
    0x080029c4   0x080029c4   0x00000004   Data   RO         5595    .constdata          os_cfg_app.o
    0x080029c8   0x080029c8   0x00000004   Data   RO         5596    .constdata          os_cfg_app.o
    0x080029cc   0x080029cc   0x00000001   Data   RO         5598    .constdata          os_cfg_app.o
    0x080029cd   0x080029cd   0x00000003   PAD
    0x080029d0   0x080029d0   0x00000004   Data   RO         5599    .constdata          os_cfg_app.o
    0x080029d4   0x080029d4   0x00000004   Data   RO         5600    .constdata          os_cfg_app.o
    0x080029d8   0x080029d8   0x00000004   Data   RO         5601    .constdata          os_cfg_app.o
    0x080029dc   0x080029dc   0x00000004   Data   RO         5602    .constdata          os_cfg_app.o
    0x080029e0   0x080029e0   0x00000020   Data   RO         6862    Region$$Table       anon$$obj.o


    Execution Region RW_IRAM1 (Exec base: 0x20000000, Load base: 0x08002a00, Size: 0x00002230, Max: 0x00010000, ABSOLUTE)

    Exec Addr    Load Addr    Size         Type   Attr      Idx    E Section Name        Object

    0x20000000   0x08002a00   0x00000010   Data   RW         2480    .data               stm32f4xx_rcc.o
    0x20000010   0x08002a10   0x00000004   Data   RW         4929    .data               cpu_core.o
    0x20000014   0x08002a14   0x00000008   Data   RW         6114    .data               os_prio.o
    0x2000001c   0x08002a1c   0x00000004   Data   RW         6684    .data               os_var.o
    0x20000020   0x08002a20   0x00000004   Data   RW         6685    .data               os_var.o
    0x20000024   0x08002a24   0x00000004   Data   RW         6686    .data               os_var.o
    0x20000028   0x08002a28   0x00000004   Data   RW         6687    .data               os_var.o
    0x2000002c   0x08002a2c   0x00000004   Data   RW         6688    .data               os_var.o
    0x20000030   0x08002a30   0x00000004   Data   RW         6689    .data               os_var.o
    0x20000034   0x08002a34   0x00000004   Data   RW         6690    .data               os_var.o
    0x20000038   0x08002a38   0x00000004   Data   RW         6691    .data               os_var.o
    0x2000003c   0x08002a3c   0x00000001   Data   RW         6692    .data               os_var.o
    0x2000003d   0x08002a3d   0x00000001   Data   RW         6693    .data               os_var.o
    0x2000003e   0x08002a3e   0x00000002   PAD
    0x20000040   0x08002a40   0x00000004   Data   RW         6694    .data               os_var.o
    0x20000044   0x08002a44   0x00000002   Data   RW         6695    .data               os_var.o
    0x20000046   0x08002a46   0x00000002   PAD
    0x20000048   0x08002a48   0x00000004   Data   RW         6696    .data               os_var.o
    0x2000004c   0x08002a4c   0x00000002   Data   RW         6697    .data               os_var.o
    0x2000004e   0x08002a4e   0x00000002   PAD
    0x20000050   0x08002a50   0x00000004   Data   RW         6698    .data               os_var.o
    0x20000054   0x08002a54   0x00000002   Data   RW         6699    .data               os_var.o
    0x20000056   0x08002a56   0x00000001   Data   RW         6700    .data               os_var.o
    0x20000057   0x08002a57   0x00000001   Data   RW         6701    .data               os_var.o
    0x20000058   0x08002a58   0x00000001   Data   RW         6702    .data               os_var.o
    0x20000059   0x08002a59   0x00000003   PAD
    0x2000005c   0x08002a5c   0x00000004   Data   RW         6703    .data               os_var.o
    0x20000060   0x08002a60   0x00000002   Data   RW         6704    .data               os_var.o
    0x20000062   0x08002a62   0x00000002   PAD
    0x20000064   0x08002a64   0x00000004   Data   RW         6705    .data               os_var.o
    0x20000068   0x08002a68   0x00000004   Data   RW         6706    .data               os_var.o
    0x2000006c   0x08002a6c   0x00000004   Data   RW         6707    .data               os_var.o
    0x20000070   0x08002a70   0x00000001   Data   RW         6708    .data               os_var.o
    0x20000071   0x08002a71   0x00000003   PAD
    0x20000074   0x08002a74   0x00000004   Data   RW         6709    .data               os_var.o
    0x20000078   0x08002a78   0x00000002   Data   RW         6710    .data               os_var.o
    0x2000007a   0x08002a7a   0x00000001   Data   RW         6711    .data               os_var.o
    0x2000007b   0x08002a7b   0x00000001   PAD
    0x2000007c   0x08002a7c   0x00000002   Data   RW         6712    .data               os_var.o
    0x2000007e   0x08002a7e   0x00000002   Data   RW         6713    .data               os_var.o
    0x20000080   0x08002a80   0x00000004   Data   RW         6714    .data               os_var.o
    0x20000084   0x08002a84   0x00000004   Data   RW         6715    .data               os_var.o
    0x20000088   0x08002a88   0x00000004   Data   RW         6716    .data               os_var.o
    0x2000008c   0x08002a8c   0x00000001   Data   RW         6717    .data               os_var.o
    0x2000008d   0x08002a8d   0x00000003   PAD
    0x20000090   0x08002a90   0x00000004   Data   RW         6718    .data               os_var.o
    0x20000094   0x08002a94   0x00000004   Data   RW         6719    .data               os_var.o
    0x20000098   0x08002a98   0x00000004   Data   RW         6720    .data               os_var.o
    0x2000009c   0x08002a9c   0x00000002   Data   RW         6721    .data               os_var.o
    0x2000009e   0x08002a9e   0x00000001   Data   RW         6722    .data               os_var.o
    0x2000009f   0x08002a9f   0x00000001   PAD
    0x200000a0   0x08002aa0   0x00000004   Data   RW         6723    .data               os_var.o
    0x200000a4   0x08002aa4   0x00000004   Data   RW         6724    .data               os_var.o
    0x200000a8   0x08002aa8   0x00000008   Data   RW         6725    .data               os_var.o
    0x200000b0   0x08002ab0   0x00000008   Data   RW         6726    .data               os_var.o
    0x200000b8   0x08002ab8   0x00000004   Data   RW         6727    .data               os_var.o
    0x200000bc   0x08002abc   0x00000002   Data   RW         6728    .data               os_var.o
    0x200000be   0x08002abe   0x00000002   PAD
    0x200000c0   0x08002ac0   0x00000004   Data   RW         6729    .data               os_var.o
    0x200000c4   0x08002ac4   0x00000004   Data   RW         6731    .data               os_var.o
    0x200000c8   0x08002ac8   0x00000004   Data   RW         6732    .data               os_var.o
    0x200000cc   0x08002acc   0x00000004   Data   RW         6733    .data               os_var.o
    0x200000d0   0x08002ad0   0x00000004   Data   RW         6734    .data               os_var.o
    0x200000d4   0x08002ad4   0x00000004   Data   RW         6735    .data               os_var.o
    0x200000d8   0x08002ad8   0x00000004   Data   RW         6736    .data               os_var.o
    0x200000dc   0x08002adc   0x00000004   Data   RW         6763    .data               os_cpu_c.o
    0x200000e0        -       0x00000580   Zero   RW         4645    .bss                main.o
    0x20000660        -       0x00000010   Zero   RW         4926    .bss                cpu_core.o
    0x20000670        -       0x00000100   Zero   RW         5562    .bss                os_cfg_app.o
    0x20000770        -       0x00000190   Zero   RW         5563    .bss                os_cfg_app.o
    0x20000900        -       0x00000640   Zero   RW         5564    .bss                os_cfg_app.o
    0x20000f40        -       0x00000190   Zero   RW         5565    .bss                os_cfg_app.o
    0x200010d0        -       0x00000190   Zero   RW         5566    .bss                os_cfg_app.o
    0x20001260        -       0x00000190   Zero   RW         5567    .bss                os_cfg_app.o
    0x200013f0        -       0x000000c0   Zero   RW         6677    .bss                os_var.o
    0x200014b0        -       0x0000000c   Zero   RW         6678    .bss                os_var.o
    0x200014bc        -       0x00000300   Zero   RW         6679    .bss                os_var.o
    0x200017bc        -       0x000000c0   Zero   RW         6680    .bss                os_var.o
    0x2000187c        -       0x000000c0   Zero   RW         6681    .bss                os_var.o
    0x2000193c        -       0x00000030   Zero   RW         6682    .bss                os_var.o
    0x2000196c        -       0x000000c0   Zero   RW         6683    .bss                os_var.o
    0x20001a2c   0x08002ae0   0x00000004   PAD
    0x20001a30        -       0x00000800   Zero   RW            1    STACK               startup_stm32f40xx.o


==============================================================================

Image component sizes


      Code (inc. data)   RO Data    RW Data    ZI Data      Debug   Object Name

       102         22          0          0          0      11323   bsp.o
        52          0          0          0          0        328   cpu_a.o
        78         18          0          4         16       4417   cpu_core.o
        70          0          0          0          0      12808   lib_mem.o
       268         58          0          0       1408      40721   main.o
         0          0          0          0          0      27135   os_app_hooks.o
         2          0         81          0       3456      19211   os_cfg_app.o
      2168        340          0          0          0      19229   os_core.o
       268         14          0          0          0        416   os_cpu_a.o
       692        174          0          4          0      26635   os_cpu_c.o
         2          0          0          0          0        906   os_dbg.o
        24         10          0          0          0        870   os_flag.o
        24         10          0          0          0        873   os_mem.o
       178         18          0          0          0       2412   os_msg.o
       962         54          0          0          0       7587   os_mutex.o
       124         18          0          8          0       2930   os_prio.o
        24         10          0          0          0        871   os_q.o
        24         10          0          0          0        865   os_sem.o
       896        162          0          0          0       3494   os_stat.o
      1832        132          0          0          0      11357   os_task.o
       948         92          0          0          0       6682   os_tick.o
       188         26          0          0          0       1733   os_time.o
       534        140          0          0          0       4159   os_tmr.o
         0          0          0        171       1596      17844   os_var.o
        76         16        392          0       2048        988   startup_stm32f40xx.o
       124          0          0          0          0       1260   stm32f4xx_gpio.o
        14          0          0          0          0       3255   stm32f4xx_it.o
       192         22          0         16          0       3893   stm32f4xx_rcc.o
       272         34          0          0          0     235205   system_stm32f4xx.o

    ----------------------------------------------------------------------
     10150       1380        516        224       8528     469407   Object Totals
         0          0         32          0          0          0   (incl. Generated)
        12          0         11         21          4          0   (incl. Padding)

    ----------------------------------------------------------------------

      Code (inc. data)   RO Data    RW Data    ZI Data      Debug   Library Member Name

         0          0          0          0          0          0   entry.o
         0          0          0          0          0          0   entry10a.o
         0          0          0          0          0          0   entry11a.o
         8          4          0          0          0          0   entry2.o
         4          0          0          0          0          0   entry5.o
         0          0          0          0          0          0   entry7b.o
         0          0          0          0          0          0   entry8b.o
         8          4          0          0          0          0   entry9a.o
        30          0          0          0          0          0   handlers.o
        36          8          0          0          0         68   init.o

    ----------------------------------------------------------------------
        86         16          0          0          0         68   Library Totals
         0          0          0          0          0          0   (incl. Padding)

    ----------------------------------------------------------------------

      Code (inc. data)   RO Data    RW Data    ZI Data      Debug   Library Name

        86         16          0          0          0         68   mc_w.l

    ----------------------------------------------------------------------
        86         16          0          0          0         68   Library Totals

    ----------------------------------------------------------------------

==============================================================================


      Code (inc. data)   RO Data    RW Data    ZI Data      Debug   

     10236       1396        516        224       8528     458579   Grand Totals
     10236       1396        516        224       8528     458579   ELF Image Totals
     10236       1396        516        224          0          0   ROM Totals

==============================================================================

    Total RO  Size (Code + RO Data)                10752 (  10.50kB)
    Total RW  Size (RW Data + ZI Data)              8752 (   8.55kB)
    Total ROM Size (Code + RO Data + RW Data)      10976 (  10.72kB)

==============================================================================

